Archive member included to satisfy reference by file (symbol)

/Applications/STM32CubeIDE.app/Contents/Eclipse/plugins/com.st.stm32cube.ide.mcu.externaltools.gnu-tools-for-stm32.13.3.rel1.macos64_1.0.0.202411102158/tools/bin/../lib/gcc/arm-none-eabi/13.3.1/../../../../arm-none-eabi/lib/thumb/v7e-m+fp/hard/libc_nano.a(libc_a-exit.o)
                              /Applications/STM32CubeIDE.app/Contents/Eclipse/plugins/com.st.stm32cube.ide.mcu.externaltools.gnu-tools-for-stm32.13.3.rel1.macos64_1.0.0.202411102158/tools/bin/../lib/gcc/arm-none-eabi/13.3.1/../../../../arm-none-eabi/lib/thumb/v7e-m+fp/hard/crt0.o (exit)
/Applications/STM32CubeIDE.app/Contents/Eclipse/plugins/com.st.stm32cube.ide.mcu.externaltools.gnu-tools-for-stm32.13.3.rel1.macos64_1.0.0.202411102158/tools/bin/../lib/gcc/arm-none-eabi/13.3.1/../../../../arm-none-eabi/lib/thumb/v7e-m+fp/hard/libc_nano.a(libc_a-nano-vfprintf_float.o)
                              (_printf_float)
/Applications/STM32CubeIDE.app/Contents/Eclipse/plugins/com.st.stm32cube.ide.mcu.externaltools.gnu-tools-for-stm32.13.3.rel1.macos64_1.0.0.202411102158/tools/bin/../lib/gcc/arm-none-eabi/13.3.1/../../../../arm-none-eabi/lib/thumb/v7e-m+fp/hard/libc_nano.a(libc_a-malloc.o)
                              ./Core/Src/virtual_timer.o (malloc)
/Applications/STM32CubeIDE.app/Contents/Eclipse/plugins/com.st.stm32cube.ide.mcu.externaltools.gnu-tools-for-stm32.13.3.rel1.macos64_1.0.0.202411102158/tools/bin/../lib/gcc/arm-none-eabi/13.3.1/../../../../arm-none-eabi/lib/thumb/v7e-m+fp/hard/libc_nano.a(libc_a-mallocr.o)
                              /Applications/STM32CubeIDE.app/Contents/Eclipse/plugins/com.st.stm32cube.ide.mcu.externaltools.gnu-tools-for-stm32.13.3.rel1.macos64_1.0.0.202411102158/tools/bin/../lib/gcc/arm-none-eabi/13.3.1/../../../../arm-none-eabi/lib/thumb/v7e-m+fp/hard/libc_nano.a(libc_a-malloc.o) (_malloc_r)
/Applications/STM32CubeIDE.app/Contents/Eclipse/plugins/com.st.stm32cube.ide.mcu.externaltools.gnu-tools-for-stm32.13.3.rel1.macos64_1.0.0.202411102158/tools/bin/../lib/gcc/arm-none-eabi/13.3.1/../../../../arm-none-eabi/lib/thumb/v7e-m+fp/hard/libc_nano.a(libc_a-nano-vfprintf_i.o)
                              /Applications/STM32CubeIDE.app/Contents/Eclipse/plugins/com.st.stm32cube.ide.mcu.externaltools.gnu-tools-for-stm32.13.3.rel1.macos64_1.0.0.202411102158/tools/bin/../lib/gcc/arm-none-eabi/13.3.1/../../../../arm-none-eabi/lib/thumb/v7e-m+fp/hard/libc_nano.a(libc_a-nano-vfprintf_float.o) (_printf_common)
/Applications/STM32CubeIDE.app/Contents/Eclipse/plugins/com.st.stm32cube.ide.mcu.externaltools.gnu-tools-for-stm32.13.3.rel1.macos64_1.0.0.202411102158/tools/bin/../lib/gcc/arm-none-eabi/13.3.1/../../../../arm-none-eabi/lib/thumb/v7e-m+fp/hard/libc_nano.a(libc_a-snprintf.o)
                              ./Core/Src/adbms_interface.o (snprintf)
/Applications/STM32CubeIDE.app/Contents/Eclipse/plugins/com.st.stm32cube.ide.mcu.externaltools.gnu-tools-for-stm32.13.3.rel1.macos64_1.0.0.202411102158/tools/bin/../lib/gcc/arm-none-eabi/13.3.1/../../../../arm-none-eabi/lib/thumb/v7e-m+fp/hard/libc_nano.a(libc_a-mlock.o)
                              /Applications/STM32CubeIDE.app/Contents/Eclipse/plugins/com.st.stm32cube.ide.mcu.externaltools.gnu-tools-for-stm32.13.3.rel1.macos64_1.0.0.202411102158/tools/bin/../lib/gcc/arm-none-eabi/13.3.1/../../../../arm-none-eabi/lib/thumb/v7e-m+fp/hard/libc_nano.a(libc_a-mallocr.o) (__malloc_lock)
/Applications/STM32CubeIDE.app/Contents/Eclipse/plugins/com.st.stm32cube.ide.mcu.externaltools.gnu-tools-for-stm32.13.3.rel1.macos64_1.0.0.202411102158/tools/bin/../lib/gcc/arm-none-eabi/13.3.1/../../../../arm-none-eabi/lib/thumb/v7e-m+fp/hard/libc_nano.a(libc_a-findfp.o)
                              /Applications/STM32CubeIDE.app/Contents/Eclipse/plugins/com.st.stm32cube.ide.mcu.externaltools.gnu-tools-for-stm32.13.3.rel1.macos64_1.0.0.202411102158/tools/bin/../lib/gcc/arm-none-eabi/13.3.1/../../../../arm-none-eabi/lib/thumb/v7e-m+fp/hard/libc_nano.a(libc_a-exit.o) (__stdio_exit_handler)
/Applications/STM32CubeIDE.app/Contents/Eclipse/plugins/com.st.stm32cube.ide.mcu.externaltools.gnu-tools-for-stm32.13.3.rel1.macos64_1.0.0.202411102158/tools/bin/../lib/gcc/arm-none-eabi/13.3.1/../../../../arm-none-eabi/lib/thumb/v7e-m+fp/hard/libc_nano.a(libc_a-fwalk.o)
                              /Applications/STM32CubeIDE.app/Contents/Eclipse/plugins/com.st.stm32cube.ide.mcu.externaltools.gnu-tools-for-stm32.13.3.rel1.macos64_1.0.0.202411102158/tools/bin/../lib/gcc/arm-none-eabi/13.3.1/../../../../arm-none-eabi/lib/thumb/v7e-m+fp/hard/libc_nano.a(libc_a-findfp.o) (_fwalk_sglue)
/Applications/STM32CubeIDE.app/Contents/Eclipse/plugins/com.st.stm32cube.ide.mcu.externaltools.gnu-tools-for-stm32.13.3.rel1.macos64_1.0.0.202411102158/tools/bin/../lib/gcc/arm-none-eabi/13.3.1/../../../../arm-none-eabi/lib/thumb/v7e-m+fp/hard/libc_nano.a(libc_a-printf.o)
                              ./Core/Src/adbms_interface.o (printf)
[...]
Memory Configuration

Name             Origin             Length             Attributes
CCMRAM           0x10000000         0x00010000         xrw
RAM              0x20000000         0x00020000         xrw
FLASH            0x08000000         0x00100000         xr
*default*        0x00000000         0xffffffff

Linker script and memory map

LOAD /Applications/STM32CubeIDE.app/Contents/Eclipse/plugins/com.st.stm32cube.ide.mcu.externaltools.gnu-tools-for-stm32.13.3.rel1.macos64_1.0.0.202411102158/tools/bin/../lib/gcc/arm-none-eabi/13.3.1/thumb/v7e-m+fp/hard/crti.o
LOAD /Applications/STM32CubeIDE.app/Contents/Eclipse/plugins/com.st.stm32cube.ide.mcu.externaltools.gnu-tools-for-stm32.13.3.rel1.macos64_1.0.0.202411102158/tools/bin/../lib/gcc/arm-none-eabi/13.3.1/thumb/v7e-m+fp/hard/crtbegin.o
LOAD /Applications/STM32CubeIDE.app/Contents/Eclipse/plugins/com.st.stm32cube.ide.mcu.externaltools.gnu-tools-for-stm32.13.3.rel1.macos64_1.0.0.202411102158/tools/bin/../lib/gcc/arm-none-eabi/13.3.1/../../../../arm-none-eabi/lib/thumb/v7e-m+fp/hard/crt0.o
LOAD ./Core/Src/adbms_driver.o
LOAD ./Core/Src/adbms_interface.o
LOAD ./Core/Src/bms.o
LOAD ./Core/Src/bms_can.o
LOAD ./Core/Src/current_driver.o
LOAD ./Core/Src/main.o
LOAD ./Core/Src/nfr_can_driver.o
LOAD ./Core/Src/stm32f4xx_hal_msp.o
LOAD ./Core/Src/stm32f4xx_it.o
LOAD ./Core/Src/syscalls.o
LOAD ./Core/Src/sysmem.o
LOAD ./Core/Src/system_stm32f4xx.o
LOAD ./Core/Src/thermistor_driver.o
LOAD ./Core/Src/virtual_timer.o
LOAD ./Core/Startup/startup_stm32f405rgtx.o
LOAD ./Drivers/STM32F4xx_HAL_Driver/Src/stm32f4xx_hal.o
LOAD ./Drivers/STM32F4xx_HAL_Driver/Src/stm32f4xx_hal_adc.o
LOAD ./Drivers/STM32F4xx_HAL_Driver/Src/stm32f4xx_hal_adc_ex.o
LOAD ./Drivers/STM32F4xx_HAL_Driver/Src/stm32f4xx_hal_can.o
LOAD ./Drivers/STM32F4xx_HAL_Driver/Src/stm32f4xx_hal_cortex.o
LOAD ./Drivers/STM32F4xx_HAL_Driver/Src/stm32f4xx_hal_dma.o
LOAD ./Drivers/STM32F4xx_HAL_Driver/Src/stm32f4xx_hal_dma_ex.o
LOAD ./Drivers/STM32F4xx_HAL_Driver/Src/stm32f4xx_hal_exti.o
LOAD ./Drivers/STM32F4xx_HAL_Driver/Src/stm32f4xx_hal_flash.o
LOAD ./Drivers/STM32F4xx_HAL_Driver/Src/stm32f4xx_hal_flash_ex.o
LOAD ./Drivers/STM32F4xx_HAL_Driver/Src/stm32f4xx_hal_flash_ramfunc.o
LOAD ./Drivers/STM32F4xx_HAL_Driver/Src/stm32f4xx_hal_gpio.o
LOAD ./Drivers/STM32F4xx_HAL_Driver/Src/stm32f4xx_hal_pcd.o
LOAD ./Drivers/STM32F4xx_HAL_Driver/Src/stm32f4xx_hal_pcd_ex.o
LOAD ./Drivers/STM32F4xx_HAL_Driver/Src/stm32f4xx_hal_pwr.o
LOAD ./Drivers/STM32F4xx_HAL_Driver/Src/stm32f4xx_hal_pwr_ex.o
LOAD ./Drivers/STM32F4xx_HAL_Driver/Src/stm32f4xx_hal_rcc.o
LOAD ./Drivers/STM32F4xx_HAL_Driver/Src/stm32f4xx_hal_rcc_ex.o
LOAD ./Drivers/STM32F4xx_HAL_Driver/Src/stm32f4xx_hal_spi.o
LOAD ./Drivers/STM32F4xx_HAL_Driver/Src/stm32f4xx_hal_tim.o
LOAD ./Drivers/STM32F4xx_HAL_Driver/Src/stm32f4xx_hal_tim_ex.o
LOAD ./Drivers/STM32F4xx_HAL_Driver/Src/stm32f4xx_ll_adc.o
LOAD ./Drivers/STM32F4xx_HAL_Driver/Src/stm32f4xx_ll_usb.o
LOAD ./Middlewares/ST/STM32_USB_Device_Library/Class/CDC/Src/usbd_cdc.o
LOAD ./Middlewares/ST/STM32_USB_Device_Library/Core/Src/usbd_core.o
LOAD ./Middlewares/ST/STM32_USB_Device_Library/Core/Src/usbd_ctlreq.o
LOAD ./Middlewares/ST/STM32_USB_Device_Library/Core/Src/usbd_ioreq.o
LOAD ./USB_DEVICE/App/usb_device.o
LOAD ./USB_DEVICE/App/usbd_cdc_if.o
LOAD ./USB_DEVICE/App/usbd_desc.o
LOAD ./USB_DEVICE/Target/usbd_conf.o
START GROUP
LOAD /Applications/STM32CubeIDE.app/Contents/Eclipse/plugins/com.st.stm32cube.ide.mcu.externaltools.gnu-tools-for-stm32.13.3.rel1.macos64_1.0.0.202411102158/tools/bin/../lib/gcc/arm-none-eabi/13.3.1/../../../../arm-none-eabi/lib/thumb/v7e-m+fp/hard/libc_nano.a
LOAD /Applications/STM32CubeIDE.app/Contents/Eclipse/plugins/com.st.stm32cube.ide.mcu.externaltools.gnu-tools-for-stm32.13.3.rel1.macos64_1.0.0.202411102158/tools/bin/../lib/gcc/arm-none-eabi/13.3.1/../../../../arm-none-eabi/lib/thumb/v7e-m+fp/hard/libm.a
END GROUP
START GROUP
LOAD /Applications/STM32CubeIDE.app/Contents/Eclipse/plugins/com.st.stm32cube.ide.mcu.externaltools.gnu-tools-for-stm32.13.3.rel1.macos64_1.0.0.202411102158/tools/bin/../lib/gcc/arm-none-eabi/13.3.1/thumb/v7e-m+fp/hard/libgcc.a
LOAD /Applications/STM32CubeIDE.app/Contents/Eclipse/plugins/com.st.stm32cube.ide.mcu.externaltools.gnu-tools-for-stm32.13.3.rel1.macos64_1.0.0.202411102158/tools/bin/../lib/gcc/arm-none-eabi/13.3.1/../../../../arm-none-eabi/lib/thumb/v7e-m+fp/hard/libc_nano.a
END GROUP
START GROUP
LOAD /Applications/STM32CubeIDE.app/Contents/Eclipse/plugins/com.st.stm32cube.ide.mcu.externaltools.gnu-tools-for-stm32.13.3.rel1.macos64_1.0.0.202411102158/tools/bin/../lib/gcc/arm-none-eabi/13.3.1/thumb/v7e-m+fp/hard/libgcc.a
LOAD /Applications/STM32CubeIDE.app/Contents/Eclipse/plugins/com.st.stm32cube.ide.mcu.externaltools.gnu-tools-for-stm32.13.3.rel1.macos64_1.0.0.202411102158/tools/bin/../lib/gcc/arm-none-eabi/13.3.1/../../../../arm-none-eabi/lib/thumb/v7e-m+fp/hard/libc_nano.a
LOAD /Applications/STM32CubeIDE.app/Contents/Eclipse/plugins/com.st.stm32cube.ide.mcu.externaltools.gnu-tools-for-stm32.13.3.rel1.macos64_1.0.0.202411102158/tools/bin/../lib/gcc/arm-none-eabi/13.3.1/../../../../arm-none-eabi/lib/thumb/v7e-m+fp/hard/libnosys.a
END GROUP
START GROUP
LOAD /Applications/STM32CubeIDE.app/Contents/Eclipse/plugins/com.st.stm32cube.ide.mcu.externaltools.gnu-tools-for-stm32.13.3.rel1.macos64_1.0.0.202411102158/tools/bin/../lib/gcc/arm-none-eabi/13.3.1/thumb/v7e-m+fp/hard/libgcc.a
LOAD /Applications/STM32CubeIDE.app/Contents/Eclipse/plugins/com.st.stm32cube.ide.mcu.externaltools.gnu-tools-for-stm32.13.3.rel1.macos64_1.0.0.202411102158/tools/bin/../lib/gcc/arm-none-eabi/13.3.1/../../../../arm-none-eabi/lib/thumb/v7e-m+fp/hard/libc_nano.a
LOAD /Applications/STM32CubeIDE.app/Contents/Eclipse/plugins/com.st.stm32cube.ide.mcu.externaltools.gnu-tools-for-stm32.13.3.rel1.macos64_1.0.0.202411102158/tools/bin/../lib/gcc/arm-none-eabi/13.3.1/../../../../arm-none-eabi/lib/thumb/v7e-m+fp/hard/libnosys.a
END GROUP
LOAD /Applications/STM32CubeIDE.app/Contents/Eclipse/plugins/com.st.stm32cube.ide.mcu.externaltools.gnu-tools-for-stm32.13.3.rel1.macos64_1.0.0.202411102158/tools/bin/../lib/gcc/arm-none-eabi/13.3.1/thumb/v7e-m+fp/hard/crtend.o
LOAD /Applications/STM32CubeIDE.app/Contents/Eclipse/plugins/com.st.stm32cube.ide.mcu.externaltools.gnu-tools-for-stm32.13.3.rel1.macos64_1.0.0.202411102158/tools/bin/../lib/gcc/arm-none-eabi/13.3.1/thumb/v7e-m+fp/hard/crtn.o
                0x20020000                        _estack = (ORIGIN (RAM) + LENGTH (RAM))
                0x00000200                        _Min_Heap_Size = 0x200
                0x00000400                        _Min_Stack_Size = 0x400

.isr_vector     0x08000000      0x188
                0x08000000                        . = ALIGN (0x4)
 *(.isr_vector)
 .isr_vector    0x08000000      0x188 ./Core/Startup/startup_stm32f405rgtx.o
                0x08000000                g_pfnVectors
                0x08000188                        . = ALIGN (0x4)

.text           0x08000190     0xfae0
                0x08000190                        . = ALIGN (0x4)
 *(.text)
 .text          0x08000190       0x40 /Applications/STM32CubeIDE.app/Contents/Eclipse/plugins/com.st.stm32cube.ide.mcu.externaltools.gnu-tools-for-stm32.13.3.rel1.macos64_1.0.0.202411102158/tools/bin/../lib/gcc/arm-none-eabi/13.3.1/thumb/v7e-m+fp/hard/crtbegin.o
 .text          0x080001d0       0xa0 /Applications/STM32CubeIDE.app/Contents/Eclipse/plugins/com.st.stm32cube.ide.mcu.externaltools.gnu-tools-for-stm32.13.3.rel1.macos64_1.0.0.202411102158/tools/bin/../lib/gcc/arm-none-eabi/13.3.1/../../../../arm-none-eabi/lib/thumb/v7e-m+fp/hard/libc_nano.a(libc_a-memchr.o)
                0x080001d0                memchr
 .text          0x08000270       0x10 /Applications/STM32CubeIDE.app/Contents/Eclipse/plugins/com.st.stm32cube.ide.mcu.externaltools.gnu-tools-for-stm32.13.3.rel1.macos64_1.0.0.202411102158/tools/bin/../lib/gcc/arm-none-eabi/13.3.1/../../../../arm-none-eabi/lib/thumb/v7e-m+fp/hard/libc_nano.a(libc_a-strlen.o)
                0x08000270                strlen
 .text          0x08000280      0x378 /Applications/STM32CubeIDE.app/Contents/Eclipse/plugins/com.st.stm32cube.ide.mcu.externaltools.gnu-tools-for-stm32.13.3.rel1.macos64_1.0.0.202411102158/tools/bin/../lib/gcc/arm-none-eabi/13.3.1/thumb/v7e-m+fp/hard/libgcc.a(_arm_addsubdf3.o)
                0x08000280                __aeabi_drsub
                0x08000288                __subdf3
                0x08000288                __aeabi_dsub
                0x0800028c                __aeabi_dadd
                0x0800028c                __adddf3
                0x08000504                __aeabi_ui2d
                0x08000504                __floatunsidf
                0x08000524                __floatsidf
                0x08000524                __aeabi_i2d
                0x08000548                __extendsfdf2
                0x08000548                __aeabi_f2d
                0x0800058c                __aeabi_ul2d
                0x0800058c                __floatundidf
                0x0800059c                __aeabi_l2d
                0x0800059c                __floatdidf
 .text          0x080005f8      0x424 /Applications/STM32CubeIDE.app/Contents/Eclipse/plugins/com.st.stm32cube.ide.mcu.externaltools.gnu-tools-for-stm32.13.3.rel1.macos64_1.0.0.202411102158/tools/bin/../lib/gcc/arm-none-eabi/13.3.1/thumb/v7e-m+fp/hard/libgcc.a(_arm_muldivdf3.o)
                0x080005f8                __aeabi_dmul
                0x080005f8                __muldf3
                0x0800084c                __aeabi_ddiv
                0x0800084c                __divdf3
 .text          0x08000a1c      0x110 /Applications/STM32CubeIDE.app/Contents/Eclipse/plugins/com.st.stm32cube.ide.mcu.externaltools.gnu-tools-for-stm32.13.3.rel1.macos64_1.0.0.202411102158/tools/bin/../lib/gcc/arm-none-eabi/13.3.1/thumb/v7e-m+fp/hard/libgcc.a(_arm_cmpdf2.o)
                0x08000a1c                __gedf2
                0x08000a1c                __gtdf2
                0x08000a24                __ledf2
                0x08000a24                __ltdf2
                0x08000a2c                __cmpdf2
                0x08000a2c                __eqdf2
                0x08000a2c                __nedf2
                0x08000aa8                __aeabi_cdrcmple
                0x08000ab8                __aeabi_cdcmple
                0x08000ab8                __aeabi_cdcmpeq
                0x08000ac8                __aeabi_dcmpeq
                0x08000adc                __aeabi_dcmplt
                0x08000af0                __aeabi_dcmple
                0x08000b04                __aeabi_dcmpge
                0x08000b18                __aeabi_dcmpgt
 .text          0x08000b2c       0x2c /Applications/STM32CubeIDE.app/Contents/Eclipse/plugins/com.st.stm32cube.ide.mcu.externaltools.gnu-tools-for-stm32.13.3.rel1.macos64_1.0.0.202411102158/tools/bin/../lib/gcc/arm-none-eabi/13.3.1/thumb/v7e-m+fp/hard/libgcc.a(_arm_unorddf2.o)
                0x08000b2c                __aeabi_dcmpun
                0x08000b2c                __unorddf2
 .text          0x08000b58       0x50 /Applications/STM32CubeIDE.app/Contents/Eclipse/plugins/com.st.stm32cube.ide.mcu.externaltools.gnu-tools-for-stm32.13.3.rel1.macos64_1.0.0.202411102158/tools/bin/../lib/gcc/arm-none-eabi/13.3.1/thumb/v7e-m+fp/hard/libgcc.a(_arm_fixdfsi.o)
                0x08000b58                __fixdfsi
                0x08000b58                __aeabi_d2iz
 .text          0x08000ba8       0xa0 /Applications/STM32CubeIDE.app/Contents/Eclipse/plugins/com.st.stm32cube.ide.mcu.externaltools.gnu-tools-for-stm32.13.3.rel1.macos64_1.0.0.202411102158/tools/bin/../lib/gcc/arm-none-eabi/13.3.1/thumb/v7e-m+fp/hard/libgcc.a(_arm_truncdfsf2.o)
                0x08000ba8                __aeabi_d2f
                0x08000ba8                __truncdfsf2
 .text          0x08000c48       0x30 /Applications/STM32CubeIDE.app/Contents/Eclipse/plugins/com.st.stm32cube.ide.mcu.externaltools.gnu-tools-for-stm32.13.3.rel1.macos64_1.0.0.202411102158/tools/bin/../lib/gcc/arm-none-eabi/13.3.1/thumb/v7e-m+fp/hard/libgcc.a(_aeabi_uldivmod.o)
                0x08000c48                __aeabi_uldivmod
 .text          0x08000c78       0x40 /Applications/STM32CubeIDE.app/Contents/Eclipse/plugins/com.st.stm32cube.ide.mcu.externaltools.gnu-tools-for-stm32.13.3.rel1.macos64_1.0.0.202411102158/tools/bin/../lib/gcc/arm-none-eabi/13.3.1/thumb/v7e-m+fp/hard/libgcc.a(_fixunssfdi.o)
                0x08000c78                __aeabi_f2ulz
                0x08000c78                __fixunssfdi
 .text          0x08000cb8      0x2f8 /Applications/STM32CubeIDE.app/Contents/Eclipse/plugins/com.st.stm32cube.ide.mcu.externaltools.gnu-tools-for-stm32.13.3.rel1.macos64_1.0.0.202411102158/tools/bin/../lib/gcc/arm-none-eabi/13.3.1/thumb/v7e-m+fp/hard/libgcc.a(_udivmoddi4.o)
                0x08000cb8                __udivmoddi4
 .text          0x08000fb0        0x4 /Applications/STM32CubeIDE.app/Contents/Eclipse/plugins/com.st.stm32cube.ide.mcu.externaltools.gnu-tools-for-stm32.13.3.rel1.macos64_1.0.0.202411102158/tools/bin/../lib/gcc/arm-none-eabi/13.3.1/thumb/v7e-m+fp/hard/libgcc.a(_dvmd_tls.o)
                0x08000fb0                __aeabi_ldiv0
                0x08000fb0                __aeabi_idiv0
 .text          0x08000fb4       0x40 /Applications/STM32CubeIDE.app/Contents/Eclipse/plugins/com.st.stm32cube.ide.mcu.externaltools.gnu-tools-for-stm32.13.3.rel1.macos64_1.0.0.202411102158/tools/bin/../lib/gcc/arm-none-eabi/13.3.1/thumb/v7e-m+fp/hard/libgcc.a(_arm_fixunsdfsi.o)
                0x08000fb4                __fixunsdfsi
                0x08000fb4                __aeabi_d2uiz
 *(.text*)
 .text.Pec15_Calc
                0x08000ff4       0x68 ./Core/Src/adbms_driver.o
                0x08000ff4                Pec15_Calc
 .text.Pec10_Calc
                0x0800105c       0xd8 ./Core/Src/adbms_driver.o
                0x0800105c                Pec10_Calc
 *fill*         0x08001134        0x4 
 .text.Set_UnderOver_Voltage_Threshold
                0x08001138       0x80 ./Core/Src/adbms_driver.o
                0x08001138                Set_UnderOver_Voltage_Threshold
 .text.ADBMS_getVoltage
                0x080011b8       0x48 ./Core/Src/adbms_driver.o
                0x080011b8                ADBMS_getVoltage
 .text.ADBMS_Set_Config_A
                0x08001200      0x216 ./Core/Src/adbms_driver.o
                0x08001200                ADBMS_Set_Config_A
 .text.ADBMS_Set_Config_B
                0x08001416      0x15e ./Core/Src/adbms_driver.o
                0x08001416                ADBMS_Set_Config_B
 .text.ADBMS_Set_ADCV
                0x08001574       0x84 ./Core/Src/adbms_driver.o
                0x08001574                ADBMS_Set_ADCV
 .text.ADBMS_Set_ADSV
                0x080015f8       0x5e ./Core/Src/adbms_driver.o
                0x080015f8                ADBMS_Set_ADSV
 .text.ADBMS_Set_ADAX
                0x08001656       0x76 ./Core/Src/adbms_driver.o
                0x08001656                ADBMS_Set_ADAX
 .text.ADBMS_WakeUP_ICs
                0x080016cc       0x48 ./Core/Src/adbms_driver.o
                0x080016cc                ADBMS_WakeUP_ICs
 .text.ADBMS_Write_CMD
                0x08001714       0x6c ./Core/Src/adbms_driver.o
                0x08001714                ADBMS_Write_CMD
 .text.ADBMS_Write_Data
                0x08001780      0x120 ./Core/Src/adbms_driver.o
                0x08001780                ADBMS_Write_Data
 .text.ADBMS_Read_Data
                0x080018a0      0x15c ./Core/Src/adbms_driver.o
                0x080018a0                ADBMS_Read_Data
 .text.ADBMS_Initialize
                0x080019fc      0x18c ./Core/Src/adbms_interface.o
                0x080019fc                ADBMS_Initialize
 .text.ADBMS_UpdateVoltages
                0x08001b88       0x4c ./Core/Src/adbms_interface.o
                0x08001b88                ADBMS_UpdateVoltages
 .text.ADBMS_2950_Calculate_Values
                0x08001bd4       0x16 ./Core/Src/adbms_interface.o
                0x08001bd4                ADBMS_2950_Calculate_Values
 .text.ADBMS2950_Calculate_Current
                0x08001bea       0x9e ./Core/Src/adbms_interface.o
                0x08001bea                ADBMS2950_Calculate_Current
 .text.ADBMS2950_Transfer_Current
                0x08001c88       0x48 ./Core/Src/adbms_interface.o
                0x08001c88                ADBMS2950_Transfer_Current
 .text.ADBMS_UpdateTemps
                0x08001cd0       0xf4 ./Core/Src/adbms_interface.o
                0x08001cd0                ADBMS_UpdateTemps
 *fill*         0x08001dc4        0x4 
 .text.ADBMS_CalculateValues_Temps
                0x08001dc8      0x258 ./Core/Src/adbms_interface.o
                0x08001dc8                ADBMS_CalculateValues_Temps
 .text.UpdateADInternalFault
                0x08002020       0xe8 ./Core/Src/adbms_interface.o
                0x08002020                UpdateADInternalFault
 .text.cellBalanceOff
                0x08002108       0x6c ./Core/Src/adbms_interface.o
                0x08002108                cellBalanceOff
 .text.UpdateOWCFault
                0x08002174      0x4d4 ./Core/Src/adbms_interface.o
                0x08002174                UpdateOWCFault
 .text.ADBMS_Print_Vals
                0x08002648      0x2a4 ./Core/Src/adbms_interface.o
                0x08002648                ADBMS_Print_Vals
 .text.bms_mainbaord_setup
                0x080028ec       0xfc ./Core/Src/bms.o
                0x080028ec                bms_mainbaord_setup
 .text.tick_mainboard_timers
                0x080029e8       0x18 ./Core/Src/bms.o
                0x080029e8                tick_mainboard_timers
 .text.bms_mainboard_loop
                0x08002a00       0x10 ./Core/Src/bms.o
                0x08002a00                bms_mainboard_loop
 .text.adbms_owc_loop
                0x08002a10       0x14 ./Core/Src/bms.o
                0x08002a10                adbms_owc_loop
 .text.UpdateValues
                0x08002a24       0xdc ./Core/Src/bms.o
                0x08002a24                UpdateValues
 .text.CheckFaults
                0x08002b00       0xcc ./Core/Src/bms.o
                0x08002b00                CheckFaults
 .text.send_data_over_printf
                0x08002bcc       0x2c ./Core/Src/bms.o
                0x08002bcc                send_data_over_printf
 .text.BMS_Initialize_Can
                0x08002bf8       0xfc ./Core/Src/bms_can.o
                0x08002bf8                BMS_Initialize_Can
 .text.send_can_messages
                0x08002cf4       0x32 ./Core/Src/bms_can.o
                0x08002cf4                send_can_messages
 *fill*         0x08002d26        0x2 
 .text.drive_can_loop
                0x08002d28       0x70 ./Core/Src/bms_can.o
                0x08002d28                drive_can_loop
 .text.data_can_loop
                0x08002d98       0xb0 ./Core/Src/bms_can.o
                0x08002d98                data_can_loop
 .text.populateBMS_SOC
                0x08002e48      0x108 ./Core/Src/bms_can.o
                0x08002e48                populateBMS_SOC
 .text.populateBMS_Faults
                0x08002f50      0x1ec ./Core/Src/bms_can.o
                0x08002f50                populateBMS_Faults
 .text.populateBMS_Status
                0x0800313c      0x168 ./Core/Src/bms_can.o
                0x0800313c                populateBMS_Status
 .text.populateBMS_VoltageMessages
                0x080032a4      0x104 ./Core/Src/bms_can.o
                0x080032a4                populateBMS_VoltageMessages
 .text.populateBMS_TemperatureMessages
                0x080033a8       0xdc ./Core/Src/bms_can.o
                0x080033a8                populateBMS_TemperatureMessages
 *fill*         0x08003484        0x4 
 .text.getCurrent
                0x08003488       0xe0 ./Core/Src/current_driver.o
                0x08003488                getCurrent
 .text.getCurrentOffset
                0x08003568       0x50 ./Core/Src/current_driver.o
                0x08003568                getCurrentOffset
 .text.ITM_SendChar
                0x080035b8       0x4e ./Core/Src/main.o
 .text._write   0x08003606       0x38 ./Core/Src/main.o
                0x08003606                _write
 *fill*         0x0800363e        0x2 
 .text.main     0x08003640       0x68 ./Core/Src/main.o
                0x08003640                main
 .text.SystemClock_Config
                0x080036a8       0xd4 ./Core/Src/main.o
                0x080036a8                SystemClock_Config
 .text.MX_ADC1_Init
                0x0800377c       0xa4 ./Core/Src/main.o
 .text.MX_CAN1_Init
                0x08003820       0xa4 ./Core/Src/main.o
 .text.MX_CAN2_Init
                0x080038c4       0x6c ./Core/Src/main.o
 .text.MX_SPI1_Init
                0x08003930       0x6c ./Core/Src/main.o
 .text.MX_TIM2_Init
                0x0800399c       0x98 ./Core/Src/main.o
 .text.MX_GPIO_Init
                0x08003a34      0x14c ./Core/Src/main.o
 .text.Error_Handler
                0x08003b80        0xc ./Core/Src/main.o
                0x08003b80                Error_Handler
 .text.populateRawMessage
                0x08003b8c       0x52 ./Core/Src/nfr_can_driver.o
                0x08003b8c                populateRawMessage
 .text.generateMask
                0x08003bde       0x6c ./Core/Src/nfr_can_driver.o
                0x08003bde                generateMask
 .text.encodeSignals
                0x08003c4a      0x100 ./Core/Src/nfr_can_driver.o
                0x08003c4a                encodeSignals
 *fill*         0x08003d4a        0x2 
 .text.HAL_MspInit
                0x08003d4c       0x50 ./Core/Src/stm32f4xx_hal_msp.o
                0x08003d4c                HAL_MspInit
 .text.HAL_ADC_MspInit
                0x08003d9c       0x88 ./Core/Src/stm32f4xx_hal_msp.o
                0x08003d9c                HAL_ADC_MspInit
 .text.HAL_CAN_MspInit
                0x08003e24      0x150 ./Core/Src/stm32f4xx_hal_msp.o
                0x08003e24                HAL_CAN_MspInit
 .text.HAL_SPI_MspInit
                0x08003f74       0x90 ./Core/Src/stm32f4xx_hal_msp.o
                0x08003f74                HAL_SPI_MspInit
 .text.HAL_TIM_Base_MspInit
                0x08004004       0x40 ./Core/Src/stm32f4xx_hal_msp.o
                0x08004004                HAL_TIM_Base_MspInit
 .text.NMI_Handler
                0x08004044       0x18 ./Core/Src/stm32f4xx_it.o
                0x08004044                NMI_Handler
 .text.HardFault_Handler
                0x0800405c       0x18 ./Core/Src/stm32f4xx_it.o
                0x0800405c                HardFault_Handler
 .text.MemManage_Handler
                0x08004074       0x18 ./Core/Src/stm32f4xx_it.o
                0x08004074                MemManage_Handler
 .text.BusFault_Handler
                0x0800408c       0x18 ./Core/Src/stm32f4xx_it.o
                0x0800408c                BusFault_Handler
 .text.UsageFault_Handler
                0x080040a4       0x18 ./Core/Src/stm32f4xx_it.o
                0x080040a4                UsageFault_Handler
 .text.SVC_Handler
                0x080040bc        0xe ./Core/Src/stm32f4xx_it.o
                0x080040bc                SVC_Handler
 .text.DebugMon_Handler
                0x080040ca        0xe ./Core/Src/stm32f4xx_it.o
                0x080040ca                DebugMon_Handler
 .text.PendSV_Handler
                0x080040d8        0xe ./Core/Src/stm32f4xx_it.o
                0x080040d8                PendSV_Handler
 .text.SysTick_Handler
                0x080040e6        0xc ./Core/Src/stm32f4xx_it.o
                0x080040e6                SysTick_Handler
 *fill*         0x080040f2        0x2 
 .text.CAN1_RX0_IRQHandler
                0x080040f4       0x14 ./Core/Src/stm32f4xx_it.o
                0x080040f4                CAN1_RX0_IRQHandler
 .text.OTG_FS_IRQHandler
                0x08004108       0x14 ./Core/Src/stm32f4xx_it.o
                0x08004108                OTG_FS_IRQHandler
 .text._getpid  0x0800411c       0x10 ./Core/Src/syscalls.o
                0x0800411c                _getpid
 .text._kill    0x0800412c       0x20 ./Core/Src/syscalls.o
                0x0800412c                _kill
 .text._exit    0x0800414c       0x16 ./Core/Src/syscalls.o
                0x0800414c                _exit
 .text._read    0x08004162       0x3a ./Core/Src/syscalls.o
                0x08004162                _read
 .text._close   0x0800419c       0x18 ./Core/Src/syscalls.o
                0x0800419c                _close
 .text._fstat   0x080041b4       0x20 ./Core/Src/syscalls.o
                0x080041b4                _fstat
 .text._isatty  0x080041d4       0x16 ./Core/Src/syscalls.o
                0x080041d4                _isatty
 .text._lseek   0x080041ea       0x1a ./Core/Src/syscalls.o
                0x080041ea                _lseek
 .text._sbrk    0x08004204       0x6c ./Core/Src/sysmem.o
                0x08004204                _sbrk
 .text.SystemInit
                0x08004270       0x24 ./Core/Src/system_stm32f4xx.o
                0x08004270                SystemInit
 *fill*         0x08004294        0x4 
 .text.getTemp  0x08004298      0x110 ./Core/Src/thermistor_driver.o
                0x08004298                getTemp
 .text.CreateTimer
                0x080043a8       0x36 ./Core/Src/virtual_timer.o
                0x080043a8                CreateTimer
 .text.CreateTimerGroup
                0x080043de       0x32 ./Core/Src/virtual_timer.o
                0x080043de                CreateTimerGroup
 .text.TickTimerGroup
                0x08004410       0x7a ./Core/Src/virtual_timer.o
                0x08004410                TickTimerGroup
 *fill*         0x0800448a        0x2 
 .text.Reset_Handler
                0x0800448c       0x50 ./Core/Startup/startup_stm32f405rgtx.o
                0x0800448c                Reset_Handler
 .text.Default_Handler
                0x080044dc        0x2 ./Core/Startup/startup_stm32f405rgtx.o
                0x080044dc                DMA1_Stream3_IRQHandler
                0x080044dc                HASH_RNG_IRQHandler
                0x080044dc                EXTI2_IRQHandler
                0x080044dc                TIM8_CC_IRQHandler
                0x080044dc                TIM1_CC_IRQHandler
                0x080044dc                DMA2_Stream5_IRQHandler
                0x080044dc                DMA1_Stream5_IRQHandler
                0x080044dc                PVD_IRQHandler
                0x080044dc                SDIO_IRQHandler
                0x080044dc                TAMP_STAMP_IRQHandler
                0x080044dc                CAN2_RX1_IRQHandler
                0x080044dc                EXTI3_IRQHandler
                0x080044dc                TIM8_TRG_COM_TIM14_IRQHandler
                0x080044dc                TIM1_UP_TIM10_IRQHandler
                0x080044dc                TIM8_UP_TIM13_IRQHandler
                0x080044dc                I2C3_ER_IRQHandler
                0x080044dc                EXTI0_IRQHandler
                0x080044dc                I2C2_EV_IRQHandler
                0x080044dc                DMA1_Stream2_IRQHandler
                0x080044dc                FPU_IRQHandler
                0x080044dc                OTG_HS_WKUP_IRQHandler
                0x080044dc                CAN2_SCE_IRQHandler
                0x080044dc                DMA2_Stream2_IRQHandler
                0x080044dc                SPI1_IRQHandler
                0x080044dc                TIM6_DAC_IRQHandler
                0x080044dc                TIM1_BRK_TIM9_IRQHandler
                0x080044dc                CAN2_RX0_IRQHandler
                0x080044dc                DMA2_Stream3_IRQHandler
                0x080044dc                USART6_IRQHandler
                0x080044dc                USART3_IRQHandler
                0x080044dc                CAN1_RX1_IRQHandler
                0x080044dc                UART5_IRQHandler
                0x080044dc                DMA2_Stream0_IRQHandler
                0x080044dc                TIM4_IRQHandler
                0x080044dc                I2C1_EV_IRQHandler
                0x080044dc                DMA1_Stream6_IRQHandler
                0x080044dc                DMA1_Stream1_IRQHandler
                0x080044dc                UART4_IRQHandler
                0x080044dc                TIM3_IRQHandler
                0x080044dc                RCC_IRQHandler
                0x080044dc                TIM8_BRK_TIM12_IRQHandler
                0x080044dc                Default_Handler
                0x080044dc                EXTI15_10_IRQHandler
                0x080044dc                ADC_IRQHandler
                0x080044dc                DMA1_Stream7_IRQHandler
                0x080044dc                TIM7_IRQHandler
                0x080044dc                CAN2_TX_IRQHandler
                0x080044dc                TIM5_IRQHandler
                0x080044dc                DMA2_Stream7_IRQHandler
                0x080044dc                I2C3_EV_IRQHandler
                0x080044dc                EXTI9_5_IRQHandler
                0x080044dc                RTC_WKUP_IRQHandler
                0x080044dc                SPI2_IRQHandler
                0x080044dc                OTG_HS_EP1_IN_IRQHandler
                0x080044dc                DMA1_Stream0_IRQHandler
                0x080044dc                CAN1_TX_IRQHandler
                0x080044dc                EXTI4_IRQHandler
                0x080044dc                FSMC_IRQHandler
                0x080044dc                OTG_HS_EP1_OUT_IRQHandler
                0x080044dc                WWDG_IRQHandler
                0x080044dc                TIM2_IRQHandler
                0x080044dc                OTG_FS_WKUP_IRQHandler
                0x080044dc                TIM1_TRG_COM_TIM11_IRQHandler
                0x080044dc                OTG_HS_IRQHandler
                0x080044dc                EXTI1_IRQHandler
                0x080044dc                USART2_IRQHandler
                0x080044dc                I2C2_ER_IRQHandler
                0x080044dc                DMA2_Stream1_IRQHandler
                0x080044dc                CAN1_SCE_IRQHandler
                0x080044dc                FLASH_IRQHandler
                0x080044dc                DMA2_Stream4_IRQHandler
                0x080044dc                USART1_IRQHandler
                0x080044dc                SPI3_IRQHandler
                0x080044dc                DMA1_Stream4_IRQHandler
                0x080044dc                I2C1_ER_IRQHandler
                0x080044dc                DMA2_Stream6_IRQHandler
                0x080044dc                RTC_Alarm_IRQHandler
 *fill*         0x080044de        0x2 
 .text.HAL_Init
                0x080044e0       0x44 ./Drivers/STM32F4xx_HAL_Driver/Src/stm32f4xx_hal.o
                0x080044e0                HAL_Init
 .text.HAL_InitTick
                0x08004524       0x60 ./Drivers/STM32F4xx_HAL_Driver/Src/stm32f4xx_hal.o
                0x08004524                HAL_InitTick
 .text.HAL_IncTick
                0x08004584       0x28 ./Drivers/STM32F4xx_HAL_Driver/Src/stm32f4xx_hal.o
                0x08004584                HAL_IncTick
 .text.HAL_GetTick
                0x080045ac       0x18 ./Drivers/STM32F4xx_HAL_Driver/Src/stm32f4xx_hal.o
                0x080045ac                HAL_GetTick
 .text.HAL_Delay
                0x080045c4       0x48 ./Drivers/STM32F4xx_HAL_Driver/Src/stm32f4xx_hal.o
                0x080045c4                HAL_Delay
 .text.HAL_ADC_Init
                0x0800460c       0x86 ./Drivers/STM32F4xx_HAL_Driver/Src/stm32f4xx_hal_adc.o
                0x0800460c                HAL_ADC_Init
 *fill*         0x08004692        0x2 
 .text.HAL_ADC_Start
                0x08004694      0x1a4 ./Drivers/STM32F4xx_HAL_Driver/Src/stm32f4xx_hal_adc.o
                0x08004694                HAL_ADC_Start
 .text.HAL_ADC_Stop
                0x08004838       0x66 ./Drivers/STM32F4xx_HAL_Driver/Src/stm32f4xx_hal_adc.o
                0x08004838                HAL_ADC_Stop
 .text.HAL_ADC_PollForConversion
                0x0800489e      0x116 ./Drivers/STM32F4xx_HAL_Driver/Src/stm32f4xx_hal_adc.o
                0x0800489e                HAL_ADC_PollForConversion
 .text.HAL_ADC_GetValue
                0x080049b4       0x1a ./Drivers/STM32F4xx_HAL_Driver/Src/stm32f4xx_hal_adc.o
                0x080049b4                HAL_ADC_GetValue
 *fill*         0x080049ce        0x2 
 .text.HAL_ADC_ConfigChannel
                0x080049d0      0x244 ./Drivers/STM32F4xx_HAL_Driver/Src/stm32f4xx_hal_adc.o
                0x080049d0                HAL_ADC_ConfigChannel
 .text.ADC_Init
                0x08004c14      0x1f8 ./Drivers/STM32F4xx_HAL_Driver/Src/stm32f4xx_hal_adc.o
 .text.HAL_CAN_Init
                0x08004e0c      0x1f6 ./Drivers/STM32F4xx_HAL_Driver/Src/stm32f4xx_hal_can.o
                0x08004e0c                HAL_CAN_Init
 *fill*         0x08005002        0x2 
 .text.HAL_CAN_ConfigFilter
                0x08005004      0x1c0 ./Drivers/STM32F4xx_HAL_Driver/Src/stm32f4xx_hal_can.o
                0x08005004                HAL_CAN_ConfigFilter
 .text.HAL_CAN_Start
                0x080051c4       0x88 ./Drivers/STM32F4xx_HAL_Driver/Src/stm32f4xx_hal_can.o
                0x080051c4                HAL_CAN_Start
 .text.HAL_CAN_AddTxMessage
                0x0800524c      0x1a0 ./Drivers/STM32F4xx_HAL_Driver/Src/stm32f4xx_hal_can.o
                0x0800524c                HAL_CAN_AddTxMessage
 .text.HAL_CAN_ActivateNotification
                0x080053ec       0x4c ./Drivers/STM32F4xx_HAL_Driver/Src/stm32f4xx_hal_can.o
                0x080053ec                HAL_CAN_ActivateNotification
 .text.HAL_CAN_IRQHandler
                0x08005438      0x36e ./Drivers/STM32F4xx_HAL_Driver/Src/stm32f4xx_hal_can.o
                0x08005438                HAL_CAN_IRQHandler
 .text.HAL_CAN_TxMailbox0CompleteCallback
                0x080057a6       0x14 ./Drivers/STM32F4xx_HAL_Driver/Src/stm32f4xx_hal_can.o
                0x080057a6                HAL_CAN_TxMailbox0CompleteCallback
 .text.HAL_CAN_TxMailbox1CompleteCallback
                0x080057ba       0x14 ./Drivers/STM32F4xx_HAL_Driver/Src/stm32f4xx_hal_can.o
                0x080057ba                HAL_CAN_TxMailbox1CompleteCallback
 .text.HAL_CAN_TxMailbox2CompleteCallback
                0x080057ce       0x14 ./Drivers/STM32F4xx_HAL_Driver/Src/stm32f4xx_hal_can.o
                0x080057ce                HAL_CAN_TxMailbox2CompleteCallback
 .text.HAL_CAN_TxMailbox0AbortCallback
                0x080057e2       0x14 ./Drivers/STM32F4xx_HAL_Driver/Src/stm32f4xx_hal_can.o
                0x080057e2                HAL_CAN_TxMailbox0AbortCallback
 .text.HAL_CAN_TxMailbox1AbortCallback
                0x080057f6       0x14 ./Drivers/STM32F4xx_HAL_Driver/Src/stm32f4xx_hal_can.o
                0x080057f6                HAL_CAN_TxMailbox1AbortCallback
 .text.HAL_CAN_TxMailbox2AbortCallback
                0x0800580a       0x14 ./Drivers/STM32F4xx_HAL_Driver/Src/stm32f4xx_hal_can.o
                0x0800580a                HAL_CAN_TxMailbox2AbortCallback
 .text.HAL_CAN_RxFifo0MsgPendingCallback
                0x0800581e       0x14 ./Drivers/STM32F4xx_HAL_Driver/Src/stm32f4xx_hal_can.o
                0x0800581e                HAL_CAN_RxFifo0MsgPendingCallback
 .text.HAL_CAN_RxFifo0FullCallback
                0x08005832       0x14 ./Drivers/STM32F4xx_HAL_Driver/Src/stm32f4xx_hal_can.o
                0x08005832                HAL_CAN_RxFifo0FullCallback
 .text.HAL_CAN_RxFifo1MsgPendingCallback
                0x08005846       0x14 ./Drivers/STM32F4xx_HAL_Driver/Src/stm32f4xx_hal_can.o
                0x08005846                HAL_CAN_RxFifo1MsgPendingCallback
 .text.HAL_CAN_RxFifo1FullCallback
                0x0800585a       0x14 ./Drivers/STM32F4xx_HAL_Driver/Src/stm32f4xx_hal_can.o
                0x0800585a                HAL_CAN_RxFifo1FullCallback
 .text.HAL_CAN_SleepCallback
                0x0800586e       0x14 ./Drivers/STM32F4xx_HAL_Driver/Src/stm32f4xx_hal_can.o
                0x0800586e                HAL_CAN_SleepCallback
 .text.HAL_CAN_WakeUpFromRxMsgCallback
                0x08005882       0x14 ./Drivers/STM32F4xx_HAL_Driver/Src/stm32f4xx_hal_can.o
                0x08005882                HAL_CAN_WakeUpFromRxMsgCallback
 .text.HAL_CAN_ErrorCallback
                0x08005896       0x14 ./Drivers/STM32F4xx_HAL_Driver/Src/stm32f4xx_hal_can.o
                0x08005896                HAL_CAN_ErrorCallback
 *fill*         0x080058aa        0x2 
 .text.__NVIC_SetPriorityGrouping
                0x080058ac       0x48 ./Drivers/STM32F4xx_HAL_Driver/Src/stm32f4xx_hal_cortex.o
 .text.__NVIC_GetPriorityGrouping
                0x080058f4       0x1c ./Drivers/STM32F4xx_HAL_Driver/Src/stm32f4xx_hal_cortex.o
 .text.__NVIC_EnableIRQ
                0x08005910       0x3c ./Drivers/STM32F4xx_HAL_Driver/Src/stm32f4xx_hal_cortex.o
 .text.__NVIC_SetPriority
                0x0800594c       0x54 ./Drivers/STM32F4xx_HAL_Driver/Src/stm32f4xx_hal_cortex.o
 .text.NVIC_EncodePriority
                0x080059a0       0x66 ./Drivers/STM32F4xx_HAL_Driver/Src/stm32f4xx_hal_cortex.o
 *fill*         0x08005a06        0x2 
 .text.SysTick_Config
                0x08005a08       0x44 ./Drivers/STM32F4xx_HAL_Driver/Src/stm32f4xx_hal_cortex.o
 .text.HAL_NVIC_SetPriorityGrouping
                0x08005a4c       0x16 ./Drivers/STM32F4xx_HAL_Driver/Src/stm32f4xx_hal_cortex.o
                0x08005a4c                HAL_NVIC_SetPriorityGrouping
 .text.HAL_NVIC_SetPriority
                0x08005a62       0x38 ./Drivers/STM32F4xx_HAL_Driver/Src/stm32f4xx_hal_cortex.o
                0x08005a62                HAL_NVIC_SetPriority
 .text.HAL_NVIC_EnableIRQ
                0x08005a9a       0x1c ./Drivers/STM32F4xx_HAL_Driver/Src/stm32f4xx_hal_cortex.o
                0x08005a9a                HAL_NVIC_EnableIRQ
 .text.HAL_SYSTICK_Config
                0x08005ab6       0x18 ./Drivers/STM32F4xx_HAL_Driver/Src/stm32f4xx_hal_cortex.o
                0x08005ab6                HAL_SYSTICK_Config
 *fill*         0x08005ace        0x2 
 .text.HAL_GPIO_Init
                0x08005ad0      0x338 ./Drivers/STM32F4xx_HAL_Driver/Src/stm32f4xx_hal_gpio.o
                0x08005ad0                HAL_GPIO_Init
 .text.HAL_GPIO_ReadPin
                0x08005e08       0x30 ./Drivers/STM32F4xx_HAL_Driver/Src/stm32f4xx_hal_gpio.o
                0x08005e08                HAL_GPIO_ReadPin
 .text.HAL_GPIO_WritePin
                0x08005e38       0x32 ./Drivers/STM32F4xx_HAL_Driver/Src/stm32f4xx_hal_gpio.o
                0x08005e38                HAL_GPIO_WritePin
 .text.HAL_PCD_Init
                0x08005e6a      0x21e ./Drivers/STM32F4xx_HAL_Driver/Src/stm32f4xx_hal_pcd.o
                0x08005e6a                HAL_PCD_Init
 .text.HAL_PCD_Start
                0x08006088       0x6a ./Drivers/STM32F4xx_HAL_Driver/Src/stm32f4xx_hal_pcd.o
                0x08006088                HAL_PCD_Start
 .text.HAL_PCD_IRQHandler
                0x080060f2      0x942 ./Drivers/STM32F4xx_HAL_Driver/Src/stm32f4xx_hal_pcd.o
                0x080060f2                HAL_PCD_IRQHandler
 .text.HAL_PCD_SetAddress
                0x08006a34       0x48 ./Drivers/STM32F4xx_HAL_Driver/Src/stm32f4xx_hal_pcd.o
                0x08006a34                HAL_PCD_SetAddress
 .text.HAL_PCD_EP_Open
                0x08006a7c       0xd4 ./Drivers/STM32F4xx_HAL_Driver/Src/stm32f4xx_hal_pcd.o
                0x08006a7c                HAL_PCD_EP_Open
 .text.HAL_PCD_EP_Close
                0x08006b50       0x94 ./Drivers/STM32F4xx_HAL_Driver/Src/stm32f4xx_hal_pcd.o
                0x08006b50                HAL_PCD_EP_Close
 .text.HAL_PCD_EP_Receive
                0x08006be4       0x76 ./Drivers/STM32F4xx_HAL_Driver/Src/stm32f4xx_hal_pcd.o
                0x08006be4                HAL_PCD_EP_Receive
 .text.HAL_PCD_EP_GetRxCount
                0x08006c5a       0x30 ./Drivers/STM32F4xx_HAL_Driver/Src/stm32f4xx_hal_pcd.o
                0x08006c5a                HAL_PCD_EP_GetRxCount
 .text.HAL_PCD_EP_Transmit
                0x08006c8a       0x74 ./Drivers/STM32F4xx_HAL_Driver/Src/stm32f4xx_hal_pcd.o
                0x08006c8a                HAL_PCD_EP_Transmit
 .text.HAL_PCD_EP_SetStall
                0x08006cfe       0xc6 ./Drivers/STM32F4xx_HAL_Driver/Src/stm32f4xx_hal_pcd.o
                0x08006cfe                HAL_PCD_EP_SetStall
 .text.HAL_PCD_EP_ClrStall
                0x08006dc4       0xac ./Drivers/STM32F4xx_HAL_Driver/Src/stm32f4xx_hal_pcd.o
                0x08006dc4                HAL_PCD_EP_ClrStall
 .text.HAL_PCD_EP_Abort
                0x08006e70       0x62 ./Drivers/STM32F4xx_HAL_Driver/Src/stm32f4xx_hal_pcd.o
                0x08006e70                HAL_PCD_EP_Abort
 .text.PCD_WriteEmptyTxFifo
                0x08006ed2      0x118 ./Drivers/STM32F4xx_HAL_Driver/Src/stm32f4xx_hal_pcd.o
 *fill*         0x08006fea        0x2 
 .text.PCD_EP_OutXfrComplete_int
                0x08006fec      0x1d0 ./Drivers/STM32F4xx_HAL_Driver/Src/stm32f4xx_hal_pcd.o
 .text.PCD_EP_OutSetupPacket_int
                0x080071bc       0x8c ./Drivers/STM32F4xx_HAL_Driver/Src/stm32f4xx_hal_pcd.o
 .text.HAL_PCDEx_SetTxFiFo
                0x08007248       0x8e ./Drivers/STM32F4xx_HAL_Driver/Src/stm32f4xx_hal_pcd_ex.o
                0x08007248                HAL_PCDEx_SetTxFiFo
 .text.HAL_PCDEx_SetRxFiFo
                0x080072d6       0x22 ./Drivers/STM32F4xx_HAL_Driver/Src/stm32f4xx_hal_pcd_ex.o
                0x080072d6                HAL_PCDEx_SetRxFiFo
 .text.HAL_PCDEx_LPM_Callback
                0x080072f8       0x18 ./Drivers/STM32F4xx_HAL_Driver/Src/stm32f4xx_hal_pcd_ex.o
                0x080072f8                HAL_PCDEx_LPM_Callback
 .text.HAL_RCC_OscConfig
                0x08007310      0x4f0 ./Drivers/STM32F4xx_HAL_Driver/Src/stm32f4xx_hal_rcc.o
                0x08007310                HAL_RCC_OscConfig
 .text.HAL_RCC_ClockConfig
                0x08007800      0x1cc ./Drivers/STM32F4xx_HAL_Driver/Src/stm32f4xx_hal_rcc.o
                0x08007800                HAL_RCC_ClockConfig
 .text.HAL_RCC_GetSysClockFreq
                0x080079cc      0x20c ./Drivers/STM32F4xx_HAL_Driver/Src/stm32f4xx_hal_rcc.o
                0x080079cc                HAL_RCC_GetSysClockFreq
 .text.HAL_RCC_GetHCLKFreq
                0x08007bd8       0x18 ./Drivers/STM32F4xx_HAL_Driver/Src/stm32f4xx_hal_rcc.o
                0x08007bd8                HAL_RCC_GetHCLKFreq
 .text.HAL_SPI_Init
                0x08007bf0      0x112 ./Drivers/STM32F4xx_HAL_Driver/Src/stm32f4xx_hal_spi.o
                0x08007bf0                HAL_SPI_Init
 .text.HAL_SPI_Transmit
                0x08007d02      0x288 ./Drivers/STM32F4xx_HAL_Driver/Src/stm32f4xx_hal_spi.o
                0x08007d02                HAL_SPI_Transmit
 .text.HAL_SPI_TransmitReceive
                0x08007f8a      0x352 ./Drivers/STM32F4xx_HAL_Driver/Src/stm32f4xx_hal_spi.o
                0x08007f8a                HAL_SPI_TransmitReceive
 .text.SPI_WaitFlagStateUntilTimeout
                0x080082dc      0x110 ./Drivers/STM32F4xx_HAL_Driver/Src/stm32f4xx_hal_spi.o
 .text.SPI_EndRxTxTransaction
                0x080083ec       0xa8 ./Drivers/STM32F4xx_HAL_Driver/Src/stm32f4xx_hal_spi.o
 .text.HAL_TIM_Base_Init
                0x08008494       0x9e ./Drivers/STM32F4xx_HAL_Driver/Src/stm32f4xx_hal_tim.o
                0x08008494                HAL_TIM_Base_Init
 .text.HAL_TIM_ConfigClockSource
                0x08008532      0x18e ./Drivers/STM32F4xx_HAL_Driver/Src/stm32f4xx_hal_tim.o
                0x08008532                HAL_TIM_ConfigClockSource
 .text.TIM_Base_SetConfig
                0x080086c0      0x158 ./Drivers/STM32F4xx_HAL_Driver/Src/stm32f4xx_hal_tim.o
                0x080086c0                TIM_Base_SetConfig
 .text.TIM_TI1_ConfigInputStage
                0x08008818       0x5e ./Drivers/STM32F4xx_HAL_Driver/Src/stm32f4xx_hal_tim.o
 .text.TIM_TI2_ConfigInputStage
                0x08008876       0x60 ./Drivers/STM32F4xx_HAL_Driver/Src/stm32f4xx_hal_tim.o
 .text.TIM_ITRx_SetConfig
                0x080088d6       0x36 ./Drivers/STM32F4xx_HAL_Driver/Src/stm32f4xx_hal_tim.o
 .text.TIM_ETR_SetConfig
                0x0800890c       0x40 ./Drivers/STM32F4xx_HAL_Driver/Src/stm32f4xx_hal_tim.o
                0x0800890c                TIM_ETR_SetConfig
 .text.HAL_TIMEx_MasterConfigSynchronization
                0x0800894c       0xf8 ./Drivers/STM32F4xx_HAL_Driver/Src/stm32f4xx_hal_tim_ex.o
                0x0800894c                HAL_TIMEx_MasterConfigSynchronization
 .text.USB_CoreInit
                0x08008a44       0xc8 ./Drivers/STM32F4xx_HAL_Driver/Src/stm32f4xx_ll_usb.o
                0x08008a44                USB_CoreInit
 .text.USB_SetTurnaroundTime
                0x08008b0c      0x144 ./Drivers/STM32F4xx_HAL_Driver/Src/stm32f4xx_ll_usb.o
                0x08008b0c                USB_SetTurnaroundTime
 .text.USB_EnableGlobalInt
                0x08008c50       0x22 ./Drivers/STM32F4xx_HAL_Driver/Src/stm32f4xx_ll_usb.o
                0x08008c50                USB_EnableGlobalInt
 .text.USB_DisableGlobalInt
                0x08008c72       0x22 ./Drivers/STM32F4xx_HAL_Driver/Src/stm32f4xx_ll_usb.o
                0x08008c72                USB_DisableGlobalInt
 .text.USB_SetCurrentMode
                0x08008c94       0x98 ./Drivers/STM32F4xx_HAL_Driver/Src/stm32f4xx_ll_usb.o
                0x08008c94                USB_SetCurrentMode
 .text.USB_DevInit
                0x08008d2c      0x2c8 ./Drivers/STM32F4xx_HAL_Driver/Src/stm32f4xx_ll_usb.o
                0x08008d2c                USB_DevInit
 .text.USB_FlushTxFifo
                0x08008ff4       0x64 ./Drivers/STM32F4xx_HAL_Driver/Src/stm32f4xx_ll_usb.o
                0x08008ff4                USB_FlushTxFifo
 .text.USB_FlushRxFifo
                0x08009058       0x5c ./Drivers/STM32F4xx_HAL_Driver/Src/stm32f4xx_ll_usb.o
                0x08009058                USB_FlushRxFifo
 .text.USB_SetDevSpeed
                0x080090b4       0x32 ./Drivers/STM32F4xx_HAL_Driver/Src/stm32f4xx_ll_usb.o
                0x080090b4                USB_SetDevSpeed
 .text.USB_GetDevSpeed
                0x080090e6       0x4a ./Drivers/STM32F4xx_HAL_Driver/Src/stm32f4xx_ll_usb.o
                0x080090e6                USB_GetDevSpeed
 .text.USB_ActivateEndpoint
                0x08009130      0x10e ./Drivers/STM32F4xx_HAL_Driver/Src/stm32f4xx_ll_usb.o
                0x08009130                USB_ActivateEndpoint
 *fill*         0x0800923e        0x2 
 .text.USB_DeactivateEndpoint
                0x08009240      0x1b8 ./Drivers/STM32F4xx_HAL_Driver/Src/stm32f4xx_ll_usb.o
                0x08009240                USB_DeactivateEndpoint
 .text.USB_EPStartXfer
                0x080093f8      0x53c ./Drivers/STM32F4xx_HAL_Driver/Src/stm32f4xx_ll_usb.o
                0x080093f8                USB_EPStartXfer
 .text.USB_EPStopXfer
                0x08009934      0x154 ./Drivers/STM32F4xx_HAL_Driver/Src/stm32f4xx_ll_usb.o
                0x08009934                USB_EPStopXfer
 .text.USB_WritePacket
                0x08009a88       0x7c ./Drivers/STM32F4xx_HAL_Driver/Src/stm32f4xx_ll_usb.o
                0x08009a88                USB_WritePacket
 .text.USB_ReadPacket
                0x08009b04       0xb0 ./Drivers/STM32F4xx_HAL_Driver/Src/stm32f4xx_ll_usb.o
                0x08009b04                USB_ReadPacket
 .text.USB_EPSetStall
                0x08009bb4       0xdc ./Drivers/STM32F4xx_HAL_Driver/Src/stm32f4xx_ll_usb.o
                0x08009bb4                USB_EPSetStall
 .text.USB_EPClearStall
                0x08009c90       0xcc ./Drivers/STM32F4xx_HAL_Driver/Src/stm32f4xx_ll_usb.o
                0x08009c90                USB_EPClearStall
 .text.USB_SetDevAddress
                0x08009d5c       0x4c ./Drivers/STM32F4xx_HAL_Driver/Src/stm32f4xx_ll_usb.o
                0x08009d5c                USB_SetDevAddress
 .text.USB_DevConnect
                0x08009da8       0x42 ./Drivers/STM32F4xx_HAL_Driver/Src/stm32f4xx_ll_usb.o
                0x08009da8                USB_DevConnect
 .text.USB_DevDisconnect
                0x08009dea       0x42 ./Drivers/STM32F4xx_HAL_Driver/Src/stm32f4xx_ll_usb.o
                0x08009dea                USB_DevDisconnect
 .text.USB_ReadInterrupts
                0x08009e2c       0x26 ./Drivers/STM32F4xx_HAL_Driver/Src/stm32f4xx_ll_usb.o
                0x08009e2c                USB_ReadInterrupts
 .text.USB_ReadDevAllOutEpInterrupt
                0x08009e52       0x34 ./Drivers/STM32F4xx_HAL_Driver/Src/stm32f4xx_ll_usb.o
                0x08009e52                USB_ReadDevAllOutEpInterrupt
 .text.USB_ReadDevAllInEpInterrupt
                0x08009e86       0x34 ./Drivers/STM32F4xx_HAL_Driver/Src/stm32f4xx_ll_usb.o
                0x08009e86                USB_ReadDevAllInEpInterrupt
 .text.USB_ReadDevOutEPInterrupt
                0x08009eba       0x3c ./Drivers/STM32F4xx_HAL_Driver/Src/stm32f4xx_ll_usb.o
                0x08009eba                USB_ReadDevOutEPInterrupt
 .text.USB_ReadDevInEPInterrupt
                0x08009ef6       0x5c ./Drivers/STM32F4xx_HAL_Driver/Src/stm32f4xx_ll_usb.o
                0x08009ef6                USB_ReadDevInEPInterrupt
 .text.USB_GetMode
                0x08009f52       0x1c ./Drivers/STM32F4xx_HAL_Driver/Src/stm32f4xx_ll_usb.o
                0x08009f52                USB_GetMode
 .text.USB_ActivateSetup
                0x08009f6e       0x46 ./Drivers/STM32F4xx_HAL_Driver/Src/stm32f4xx_ll_usb.o
                0x08009f6e                USB_ActivateSetup
 .text.USB_EP0_OutStart
                0x08009fb4       0xbc ./Drivers/STM32F4xx_HAL_Driver/Src/stm32f4xx_ll_usb.o
                0x08009fb4                USB_EP0_OutStart
 .text.USB_CoreReset
                0x0800a070       0x62 ./Drivers/STM32F4xx_HAL_Driver/Src/stm32f4xx_ll_usb.o
 *fill*         0x0800a0d2        0x2 
 .text.USBD_CDC_Init
                0x0800a0d4      0x1f0 ./Middlewares/ST/STM32_USB_Device_Library/Class/CDC/Src/usbd_cdc.o
 .text.USBD_CDC_DeInit
                0x0800a2c4      0x104 ./Middlewares/ST/STM32_USB_Device_Library/Class/CDC/Src/usbd_cdc.o
 .text.USBD_CDC_Setup
                0x0800a3c8      0x1b8 ./Middlewares/ST/STM32_USB_Device_Library/Class/CDC/Src/usbd_cdc.o
 .text.USBD_CDC_DataIn
                0x0800a580       0xfe ./Middlewares/ST/STM32_USB_Device_Library/Class/CDC/Src/usbd_cdc.o
 .text.USBD_CDC_DataOut
                0x0800a67e       0x70 ./Middlewares/ST/STM32_USB_Device_Library/Class/CDC/Src/usbd_cdc.o
 .text.USBD_CDC_EP0_RxReady
                0x0800a6ee       0x74 ./Middlewares/ST/STM32_USB_Device_Library/Class/CDC/Src/usbd_cdc.o
 *fill*         0x0800a762        0x2 
 .text.USBD_CDC_GetFSCfgDesc
                0x0800a764       0x70 ./Middlewares/ST/STM32_USB_Device_Library/Class/CDC/Src/usbd_cdc.o
 .text.USBD_CDC_GetHSCfgDesc
                0x0800a7d4       0x70 ./Middlewares/ST/STM32_USB_Device_Library/Class/CDC/Src/usbd_cdc.o
 .text.USBD_CDC_GetOtherSpeedCfgDesc
                0x0800a844       0x70 ./Middlewares/ST/STM32_USB_Device_Library/Class/CDC/Src/usbd_cdc.o
 .text.USBD_CDC_GetDeviceQualifierDescriptor
                0x0800a8b4       0x20 ./Middlewares/ST/STM32_USB_Device_Library/Class/CDC/Src/usbd_cdc.o
                0x0800a8b4                USBD_CDC_GetDeviceQualifierDescriptor
 .text.USBD_CDC_RegisterInterface
                0x0800a8d4       0x34 ./Middlewares/ST/STM32_USB_Device_Library/Class/CDC/Src/usbd_cdc.o
                0x0800a8d4                USBD_CDC_RegisterInterface
 .text.USBD_CDC_SetTxBuffer
                0x0800a908       0x44 ./Middlewares/ST/STM32_USB_Device_Library/Class/CDC/Src/usbd_cdc.o
                0x0800a908                USBD_CDC_SetTxBuffer
 .text.USBD_CDC_SetRxBuffer
                0x0800a94c       0x3a ./Middlewares/ST/STM32_USB_Device_Library/Class/CDC/Src/usbd_cdc.o
                0x0800a94c                USBD_CDC_SetRxBuffer
 *fill*         0x0800a986        0x2 
 .text.USBD_CDC_ReceivePacket
                0x0800a988       0x6c ./Middlewares/ST/STM32_USB_Device_Library/Class/CDC/Src/usbd_cdc.o
                0x0800a988                USBD_CDC_ReceivePacket
 .text.USBD_Init
                0x0800a9f4       0x60 ./Middlewares/ST/STM32_USB_Device_Library/Core/Src/usbd_core.o
                0x0800a9f4                USBD_Init
 .text.USBD_RegisterClass
                0x0800aa54       0x6c ./Middlewares/ST/STM32_USB_Device_Library/Core/Src/usbd_core.o
                0x0800aa54                USBD_RegisterClass
 .text.USBD_Start
                0x0800aac0       0x18 ./Middlewares/ST/STM32_USB_Device_Library/Core/Src/usbd_core.o
                0x0800aac0                USBD_Start
 .text.USBD_RunTestMode
                0x0800aad8       0x16 ./Middlewares/ST/STM32_USB_Device_Library/Core/Src/usbd_core.o
                0x0800aad8                USBD_RunTestMode
 .text.USBD_SetClassConfig
                0x0800aaee       0x38 ./Middlewares/ST/STM32_USB_Device_Library/Core/Src/usbd_core.o
                0x0800aaee                USBD_SetClassConfig
 .text.USBD_ClrClassConfig
                0x0800ab26       0x34 ./Middlewares/ST/STM32_USB_Device_Library/Core/Src/usbd_core.o
                0x0800ab26                USBD_ClrClassConfig
 .text.USBD_LL_SetupStage
                0x0800ab5a       0xaa ./Middlewares/ST/STM32_USB_Device_Library/Core/Src/usbd_core.o
                0x0800ab5a                USBD_LL_SetupStage
 .text.USBD_LL_DataOutStage
                0x0800ac04      0x166 ./Middlewares/ST/STM32_USB_Device_Library/Core/Src/usbd_core.o
                0x0800ac04                USBD_LL_DataOutStage
 .text.USBD_LL_DataInStage
                0x0800ad6a      0x164 ./Middlewares/ST/STM32_USB_Device_Library/Core/Src/usbd_core.o
                0x0800ad6a                USBD_LL_DataInStage
 .text.USBD_LL_Reset
                0x0800aece       0xa4 ./Middlewares/ST/STM32_USB_Device_Library/Core/Src/usbd_core.o
                0x0800aece                USBD_LL_Reset
 .text.USBD_LL_SetSpeed
                0x0800af72       0x20 ./Middlewares/ST/STM32_USB_Device_Library/Core/Src/usbd_core.o
                0x0800af72                USBD_LL_SetSpeed
 .text.USBD_LL_Suspend
                0x0800af92       0x38 ./Middlewares/ST/STM32_USB_Device_Library/Core/Src/usbd_core.o
                0x0800af92                USBD_LL_Suspend
 .text.USBD_LL_Resume
                0x0800afca       0x30 ./Middlewares/ST/STM32_USB_Device_Library/Core/Src/usbd_core.o
                0x0800afca                USBD_LL_Resume
 .text.USBD_LL_SOF
                0x0800affa       0x40 ./Middlewares/ST/STM32_USB_Device_Library/Core/Src/usbd_core.o
                0x0800affa                USBD_LL_SOF
 .text.USBD_LL_IsoINIncomplete
                0x0800b03a       0x64 ./Middlewares/ST/STM32_USB_Device_Library/Core/Src/usbd_core.o
                0x0800b03a                USBD_LL_IsoINIncomplete
 .text.USBD_LL_IsoOUTIncomplete
                0x0800b09e       0x64 ./Middlewares/ST/STM32_USB_Device_Library/Core/Src/usbd_core.o
                0x0800b09e                USBD_LL_IsoOUTIncomplete
 .text.USBD_LL_DevConnected
                0x0800b102       0x16 ./Middlewares/ST/STM32_USB_Device_Library/Core/Src/usbd_core.o
                0x0800b102                USBD_LL_DevConnected
 .text.USBD_LL_DevDisconnected
                0x0800b118       0x46 ./Middlewares/ST/STM32_USB_Device_Library/Core/Src/usbd_core.o
                0x0800b118                USBD_LL_DevDisconnected
 .text.USBD_CoreFindIF
                0x0800b15e       0x1a ./Middlewares/ST/STM32_USB_Device_Library/Core/Src/usbd_core.o
                0x0800b15e                USBD_CoreFindIF
 .text.USBD_CoreFindEP
                0x0800b178       0x1a ./Middlewares/ST/STM32_USB_Device_Library/Core/Src/usbd_core.o
                0x0800b178                USBD_CoreFindEP
 .text.USBD_GetEpDesc
                0x0800b192       0x70 ./Middlewares/ST/STM32_USB_Device_Library/Core/Src/usbd_core.o
                0x0800b192                USBD_GetEpDesc
 .text.USBD_GetNextDesc
                0x0800b202       0x38 ./Middlewares/ST/STM32_USB_Device_Library/Core/Src/usbd_core.o
                0x0800b202                USBD_GetNextDesc
 .text.SWAPBYTE
                0x0800b23a       0x3e ./Middlewares/ST/STM32_USB_Device_Library/Core/Src/usbd_ctlreq.o
 .text.USBD_StdDevReq
                0x0800b278       0xe4 ./Middlewares/ST/STM32_USB_Device_Library/Core/Src/usbd_ctlreq.o
                0x0800b278                USBD_StdDevReq
 .text.USBD_StdItfReq
                0x0800b35c       0xd8 ./Middlewares/ST/STM32_USB_Device_Library/Core/Src/usbd_ctlreq.o
                0x0800b35c                USBD_StdItfReq
 .text.USBD_StdEPReq
                0x0800b434      0x33a ./Middlewares/ST/STM32_USB_Device_Library/Core/Src/usbd_ctlreq.o
                0x0800b434                USBD_StdEPReq
 *fill*         0x0800b76e        0x2 
 .text.USBD_GetDescriptor
                0x0800b770      0x2d4 ./Middlewares/ST/STM32_USB_Device_Library/Core/Src/usbd_ctlreq.o
 .text.USBD_SetAddress
                0x0800ba44       0x88 ./Middlewares/ST/STM32_USB_Device_Library/Core/Src/usbd_ctlreq.o
 .text.USBD_SetConfig
                0x0800bacc      0x154 ./Middlewares/ST/STM32_USB_Device_Library/Core/Src/usbd_ctlreq.o
 .text.USBD_GetConfig
                0x0800bc20       0x6c ./Middlewares/ST/STM32_USB_Device_Library/Core/Src/usbd_ctlreq.o
 .text.USBD_GetStatus
                0x0800bc8c       0x68 ./Middlewares/ST/STM32_USB_Device_Library/Core/Src/usbd_ctlreq.o
 .text.USBD_SetFeature
                0x0800bcf4       0x52 ./Middlewares/ST/STM32_USB_Device_Library/Core/Src/usbd_ctlreq.o
 .text.USBD_ClrFeature
                0x0800bd46       0x44 ./Middlewares/ST/STM32_USB_Device_Library/Core/Src/usbd_ctlreq.o
 .text.USBD_ParseSetupRequest
                0x0800bd8a       0x74 ./Middlewares/ST/STM32_USB_Device_Library/Core/Src/usbd_ctlreq.o
                0x0800bd8a                USBD_ParseSetupRequest
 .text.USBD_CtlError
                0x0800bdfe       0x22 ./Middlewares/ST/STM32_USB_Device_Library/Core/Src/usbd_ctlreq.o
                0x0800bdfe                USBD_CtlError
 .text.USBD_GetString
                0x0800be20       0xa4 ./Middlewares/ST/STM32_USB_Device_Library/Core/Src/usbd_ctlreq.o
                0x0800be20                USBD_GetString
 .text.USBD_GetLen
                0x0800bec4       0x34 ./Middlewares/ST/STM32_USB_Device_Library/Core/Src/usbd_ctlreq.o
 .text.USBD_CtlSendData
                0x0800bef8       0x36 ./Middlewares/ST/STM32_USB_Device_Library/Core/Src/usbd_ioreq.o
                0x0800bef8                USBD_CtlSendData
 .text.USBD_CtlContinueSendData
                0x0800bf2e       0x22 ./Middlewares/ST/STM32_USB_Device_Library/Core/Src/usbd_ioreq.o
                0x0800bf2e                USBD_CtlContinueSendData
 .text.USBD_CtlPrepareRx
                0x0800bf50       0x3a ./Middlewares/ST/STM32_USB_Device_Library/Core/Src/usbd_ioreq.o
                0x0800bf50                USBD_CtlPrepareRx
 .text.USBD_CtlContinueRx
                0x0800bf8a       0x22 ./Middlewares/ST/STM32_USB_Device_Library/Core/Src/usbd_ioreq.o
                0x0800bf8a                USBD_CtlContinueRx
 .text.USBD_CtlSendStatus
                0x0800bfac       0x26 ./Middlewares/ST/STM32_USB_Device_Library/Core/Src/usbd_ioreq.o
                0x0800bfac                USBD_CtlSendStatus
 .text.USBD_CtlReceiveStatus
                0x0800bfd2       0x26 ./Middlewares/ST/STM32_USB_Device_Library/Core/Src/usbd_ioreq.o
                0x0800bfd2                USBD_CtlReceiveStatus
 .text.MX_USB_DEVICE_Init
                0x0800bff8       0x60 ./USB_DEVICE/App/usb_device.o
                0x0800bff8                MX_USB_DEVICE_Init
 .text.CDC_Init_FS
                0x0800c058       0x28 ./USB_DEVICE/App/usbd_cdc_if.o
 .text.CDC_DeInit_FS
                0x0800c080       0x10 ./USB_DEVICE/App/usbd_cdc_if.o
 .text.CDC_Control_FS
                0x0800c090       0xbc ./USB_DEVICE/App/usbd_cdc_if.o
 .text.CDC_Receive_FS
                0x0800c14c       0x28 ./USB_DEVICE/App/usbd_cdc_if.o
 .text.CDC_TransmitCplt_FS
                0x0800c174       0x22 ./USB_DEVICE/App/usbd_cdc_if.o
 *fill*         0x0800c196        0x2 
 .text.USBD_FS_DeviceDescriptor
                0x0800c198       0x24 ./USB_DEVICE/App/usbd_desc.o
                0x0800c198                USBD_FS_DeviceDescriptor
 .text.USBD_FS_LangIDStrDescriptor
                0x0800c1bc       0x24 ./USB_DEVICE/App/usbd_desc.o
                0x0800c1bc                USBD_FS_LangIDStrDescriptor
 .text.USBD_FS_ProductStrDescriptor
                0x0800c1e0       0x3c ./USB_DEVICE/App/usbd_desc.o
                0x0800c1e0                USBD_FS_ProductStrDescriptor
 .text.USBD_FS_ManufacturerStrDescriptor
                0x0800c21c       0x28 ./USB_DEVICE/App/usbd_desc.o
                0x0800c21c                USBD_FS_ManufacturerStrDescriptor
 .text.USBD_FS_SerialStrDescriptor
                0x0800c244       0x24 ./USB_DEVICE/App/usbd_desc.o
                0x0800c244                USBD_FS_SerialStrDescriptor
 .text.USBD_FS_ConfigStrDescriptor
                0x0800c268       0x3c ./USB_DEVICE/App/usbd_desc.o
                0x0800c268                USBD_FS_ConfigStrDescriptor
 .text.USBD_FS_InterfaceStrDescriptor
                0x0800c2a4       0x3c ./USB_DEVICE/App/usbd_desc.o
                0x0800c2a4                USBD_FS_InterfaceStrDescriptor
 .text.Get_SerialNum
                0x0800c2e0       0x58 ./USB_DEVICE/App/usbd_desc.o
 .text.IntToUnicode
                0x0800c338       0x7e ./USB_DEVICE/App/usbd_desc.o
 *fill*         0x0800c3b6        0x2 
 .text.HAL_PCD_MspInit
                0x0800c3b8       0xa8 ./USB_DEVICE/Target/usbd_conf.o
                0x0800c3b8                HAL_PCD_MspInit
 .text.HAL_PCD_SetupStageCallback
                0x0800c460       0x24 ./USB_DEVICE/Target/usbd_conf.o
                0x0800c460                HAL_PCD_SetupStageCallback
 .text.HAL_PCD_DataOutStageCallback
                0x0800c484       0x36 ./USB_DEVICE/Target/usbd_conf.o
                0x0800c484                HAL_PCD_DataOutStageCallback
 .text.HAL_PCD_DataInStageCallback
                0x0800c4ba       0x34 ./USB_DEVICE/Target/usbd_conf.o
                0x0800c4ba                HAL_PCD_DataInStageCallback
 .text.HAL_PCD_SOFCallback
                0x0800c4ee       0x1c ./USB_DEVICE/Target/usbd_conf.o
                0x0800c4ee                HAL_PCD_SOFCallback
 .text.HAL_PCD_ResetCallback
                0x0800c50a       0x50 ./USB_DEVICE/Target/usbd_conf.o
                0x0800c50a                HAL_PCD_ResetCallback
 *fill*         0x0800c55a        0x2 
 .text.HAL_PCD_SuspendCallback
                0x0800c55c       0x4c ./USB_DEVICE/Target/usbd_conf.o
                0x0800c55c                HAL_PCD_SuspendCallback
 .text.HAL_PCD_ResumeCallback
                0x0800c5a8       0x1c ./USB_DEVICE/Target/usbd_conf.o
                0x0800c5a8                HAL_PCD_ResumeCallback
 .text.HAL_PCD_ISOOUTIncompleteCallback
                0x0800c5c4       0x24 ./USB_DEVICE/Target/usbd_conf.o
                0x0800c5c4                HAL_PCD_ISOOUTIncompleteCallback
 .text.HAL_PCD_ISOINIncompleteCallback
                0x0800c5e8       0x24 ./USB_DEVICE/Target/usbd_conf.o
                0x0800c5e8                HAL_PCD_ISOINIncompleteCallback
 .text.HAL_PCD_ConnectCallback
                0x0800c60c       0x1c ./USB_DEVICE/Target/usbd_conf.o
                0x0800c60c                HAL_PCD_ConnectCallback
 .text.HAL_PCD_DisconnectCallback
                0x0800c628       0x1c ./USB_DEVICE/Target/usbd_conf.o
                0x0800c628                HAL_PCD_DisconnectCallback
 .text.USBD_LL_Init
                0x0800c644       0x98 ./USB_DEVICE/Target/usbd_conf.o
                0x0800c644                USBD_LL_Init
 .text.USBD_LL_Start
                0x0800c6dc       0x36 ./USB_DEVICE/Target/usbd_conf.o
                0x0800c6dc                USBD_LL_Start
 .text.USBD_LL_OpenEP
                0x0800c712       0x4c ./USB_DEVICE/Target/usbd_conf.o
                0x0800c712                USBD_LL_OpenEP
 .text.USBD_LL_CloseEP
                0x0800c75e       0x3e ./USB_DEVICE/Target/usbd_conf.o
                0x0800c75e                USBD_LL_CloseEP
 .text.USBD_LL_StallEP
                0x0800c79c       0x3e ./USB_DEVICE/Target/usbd_conf.o
                0x0800c79c                USBD_LL_StallEP
 .text.USBD_LL_ClearStallEP
                0x0800c7da       0x3e ./USB_DEVICE/Target/usbd_conf.o
                0x0800c7da                USBD_LL_ClearStallEP
 .text.USBD_LL_IsStallEP
                0x0800c818       0x58 ./USB_DEVICE/Target/usbd_conf.o
                0x0800c818                USBD_LL_IsStallEP
 .text.USBD_LL_SetUSBAddress
                0x0800c870       0x3e ./USB_DEVICE/Target/usbd_conf.o
                0x0800c870                USBD_LL_SetUSBAddress
 .text.USBD_LL_Transmit
                0x0800c8ae       0x42 ./USB_DEVICE/Target/usbd_conf.o
                0x0800c8ae                USBD_LL_Transmit
 .text.USBD_LL_PrepareReceive
                0x0800c8f0       0x42 ./USB_DEVICE/Target/usbd_conf.o
                0x0800c8f0                USBD_LL_PrepareReceive
 .text.USBD_LL_GetRxDataSize
                0x0800c932       0x26 ./USB_DEVICE/Target/usbd_conf.o
                0x0800c932                USBD_LL_GetRxDataSize
 .text.USBD_static_malloc
                0x0800c958       0x1c ./USB_DEVICE/Target/usbd_conf.o
                0x0800c958                USBD_static_malloc
 .text.USBD_static_free
                0x0800c974       0x14 ./USB_DEVICE/Target/usbd_conf.o
                0x0800c974                USBD_static_free
 .text.USBD_Get_USB_Status
                0x0800c988       0x58 ./USB_DEVICE/Target/usbd_conf.o
                0x0800c988                USBD_Get_USB_Status
 .text.__cvt    0x0800c9e0       0xca /Applications/STM32CubeIDE.app/Contents/Eclipse/plugins/com.st.stm32cube.ide.mcu.externaltools.gnu-tools-for-stm32.13.3.rel1.macos64_1.0.0.202411102158/tools/bin/../lib/gcc/arm-none-eabi/13.3.1/../../../../arm-none-eabi/lib/thumb/v7e-m+fp/hard/libc_nano.a(libc_a-nano-vfprintf_float.o)
                0x0800c9e0                __cvt
 .text.__exponent
                0x0800caaa       0x74 /Applications/STM32CubeIDE.app/Contents/Eclipse/plugins/com.st.stm32cube.ide.mcu.externaltools.gnu-tools-for-stm32.13.3.rel1.macos64_1.0.0.202411102158/tools/bin/../lib/gcc/arm-none-eabi/13.3.1/../../../../arm-none-eabi/lib/thumb/v7e-m+fp/hard/libc_nano.a(libc_a-nano-vfprintf_float.o)
                0x0800caaa                __exponent
 *fill*         0x0800cb1e        0x2 
 .text._printf_float
                0x0800cb20      0x454 /Applications/STM32CubeIDE.app/Contents/Eclipse/plugins/com.st.stm32cube.ide.mcu.externaltools.gnu-tools-for-stm32.13.3.rel1.macos64_1.0.0.202411102158/tools/bin/../lib/gcc/arm-none-eabi/13.3.1/../../../../arm-none-eabi/lib/thumb/v7e-m+fp/hard/libc_nano.a(libc_a-nano-vfprintf_float.o)
                0x0800cb20                _printf_float
 .text.malloc   0x0800cf74       0x10 /Applications/STM32CubeIDE.app/Contents/Eclipse/plugins/com.st.stm32cube.ide.mcu.externaltools.gnu-tools-for-stm32.13.3.rel1.macos64_1.0.0.202411102158/tools/bin/../lib/gcc/arm-none-eabi/13.3.1/../../../../arm-none-eabi/lib/thumb/v7e-m+fp/hard/libc_nano.a(libc_a-malloc.o)
                0x0800cf74                malloc
 .text.sbrk_aligned
                0x0800cf84       0x44 /Applications/STM32CubeIDE.app/Contents/Eclipse/plugins/com.st.stm32cube.ide.mcu.externaltools.gnu-tools-for-stm32.13.3.rel1.macos64_1.0.0.202411102158/tools/bin/../lib/gcc/arm-none-eabi/13.3.1/../../../../arm-none-eabi/lib/thumb/v7e-m+fp/hard/libc_nano.a(libc_a-mallocr.o)
 .text._malloc_r
                0x0800cfc8      0x100 /Applications/STM32CubeIDE.app/Contents/Eclipse/plugins/com.st.stm32cube.ide.mcu.externaltools.gnu-tools-for-stm32.13.3.rel1.macos64_1.0.0.202411102158/tools/bin/../lib/gcc/arm-none-eabi/13.3.1/../../../../arm-none-eabi/lib/thumb/v7e-m+fp/hard/libc_nano.a(libc_a-mallocr.o)
                0x0800cfc8                _malloc_r
 .text._printf_common
                0x0800d0c8       0xda /Applications/STM32CubeIDE.app/Contents/Eclipse/plugins/com.st.stm32cube.ide.mcu.externaltools.gnu-tools-for-stm32.13.3.rel1.macos64_1.0.0.202411102158/tools/bin/../lib/gcc/arm-none-eabi/13.3.1/../../../../arm-none-eabi/lib/thumb/v7e-m+fp/hard/libc_nano.a(libc_a-nano-vfprintf_i.o)
                0x0800d0c8                _printf_common
 *fill*         0x0800d1a2        0x2 
 .text._printf_i
                0x0800d1a4      0x23c /Applications/STM32CubeIDE.app/Contents/Eclipse/plugins/com.st.stm32cube.ide.mcu.externaltools.gnu-tools-for-stm32.13.3.rel1.macos64_1.0.0.202411102158/tools/bin/../lib/gcc/arm-none-eabi/13.3.1/../../../../arm-none-eabi/lib/thumb/v7e-m+fp/hard/libc_nano.a(libc_a-nano-vfprintf_i.o)
                0x0800d1a4                _printf_i
 .text.__malloc_lock
                0x0800d3e0        0xc /Applications/STM32CubeIDE.app/Contents/Eclipse/plugins/com.st.stm32cube.ide.mcu.externaltools.gnu-tools-for-stm32.13.3.rel1.macos64_1.0.0.202411102158/tools/bin/../lib/gcc/arm-none-eabi/13.3.1/../../../../arm-none-eabi/lib/thumb/v7e-m+fp/hard/libc_nano.a(libc_a-mlock.o)
                0x0800d3e0                __malloc_lock
 .text.__malloc_unlock
                0x0800d3ec        0xc /Applications/STM32CubeIDE.app/Contents/Eclipse/plugins/com.st.stm32cube.ide.mcu.externaltools.gnu-tools-for-stm32.13.3.rel1.macos64_1.0.0.202411102158/tools/bin/../lib/gcc/arm-none-eabi/13.3.1/../../../../arm-none-eabi/lib/thumb/v7e-m+fp/hard/libc_nano.a(libc_a-mlock.o)
                0x0800d3ec                __malloc_unlock
 .text.std      0x0800d3f8       0x6c /Applications/STM32CubeIDE.app/Contents/Eclipse/plugins/com.st.stm32cube.ide.mcu.externaltools.gnu-tools-for-stm32.13.3.rel1.macos64_1.0.0.202411102158/tools/bin/../lib/gcc/arm-none-eabi/13.3.1/../../../../arm-none-eabi/lib/thumb/v7e-m+fp/hard/libc_nano.a(libc_a-findfp.o)
 .text.stdio_exit_handler
                0x0800d464       0x18 /Applications/STM32CubeIDE.app/Contents/Eclipse/plugins/com.st.stm32cube.ide.mcu.externaltools.gnu-tools-for-stm32.13.3.rel1.macos64_1.0.0.202411102158/tools/bin/../lib/gcc/arm-none-eabi/13.3.1/../../../../arm-none-eabi/lib/thumb/v7e-m+fp/hard/libc_nano.a(libc_a-findfp.o)
 .text.cleanup_stdio
                0x0800d47c       0x40 /Applications/STM32CubeIDE.app/Contents/Eclipse/plugins/com.st.stm32cube.ide.mcu.externaltools.gnu-tools-for-stm32.13.3.rel1.macos64_1.0.0.202411102158/tools/bin/../lib/gcc/arm-none-eabi/13.3.1/../../../../arm-none-eabi/lib/thumb/v7e-m+fp/hard/libc_nano.a(libc_a-findfp.o)
 .text.global_stdio_init.part.0
                0x0800d4bc       0x3c /Applications/STM32CubeIDE.app/Contents/Eclipse/plugins/com.st.stm32cube.ide.mcu.externaltools.gnu-tools-for-stm32.13.3.rel1.macos64_1.0.0.202411102158/tools/bin/../lib/gcc/arm-none-eabi/13.3.1/../../../../arm-none-eabi/lib/thumb/v7e-m+fp/hard/libc_nano.a(libc_a-findfp.o)
 .text.__sfp_lock_acquire
                0x0800d4f8        0xc /Applications/STM32CubeIDE.app/Contents/Eclipse/plugins/com.st.stm32cube.ide.mcu.externaltools.gnu-tools-for-stm32.13.3.rel1.macos64_1.0.0.202411102158/tools/bin/../lib/gcc/arm-none-eabi/13.3.1/../../../../arm-none-eabi/lib/thumb/v7e-m+fp/hard/libc_nano.a(libc_a-findfp.o)
                0x0800d4f8                __sfp_lock_acquire
 .text.__sfp_lock_release
                0x0800d504        0xc /Applications/STM32CubeIDE.app/Contents/Eclipse/plugins/com.st.stm32cube.ide.mcu.externaltools.gnu-tools-for-stm32.13.3.rel1.macos64_1.0.0.202411102158/tools/bin/../lib/gcc/arm-none-eabi/13.3.1/../../../../arm-none-eabi/lib/thumb/v7e-m+fp/hard/libc_nano.a(libc_a-findfp.o)
                0x0800d504                __sfp_lock_release
 .text.__sinit  0x0800d510       0x30 /Applications/STM32CubeIDE.app/Contents/Eclipse/plugins/com.st.stm32cube.ide.mcu.externaltools.gnu-tools-for-stm32.13.3.rel1.macos64_1.0.0.202411102158/tools/bin/../lib/gcc/arm-none-eabi/13.3.1/../../../../arm-none-eabi/lib/thumb/v7e-m+fp/hard/libc_nano.a(libc_a-findfp.o)
                0x0800d510                __sinit
 .text._fwalk_sglue
                0x0800d540       0x3c /Applications/STM32CubeIDE.app/Contents/Eclipse/plugins/com.st.stm32cube.ide.mcu.externaltools.gnu-tools-for-stm32.13.3.rel1.macos64_1.0.0.202411102158/tools/bin/../lib/gcc/arm-none-eabi/13.3.1/../../../../arm-none-eabi/lib/thumb/v7e-m+fp/hard/libc_nano.a(libc_a-fwalk.o)
                0x0800d540                _fwalk_sglue
 .text.printf   0x0800d57c       0x24 /Applications/STM32CubeIDE.app/Contents/Eclipse/plugins/com.st.stm32cube.ide.mcu.externaltools.gnu-tools-for-stm32.13.3.rel1.macos64_1.0.0.202411102158/tools/bin/../lib/gcc/arm-none-eabi/13.3.1/../../../../arm-none-eabi/lib/thumb/v7e-m+fp/hard/libc_nano.a(libc_a-printf.o)
                0x0800d57c                printf
                0x0800d57c                iprintf
 .text.putchar  0x0800d5a0       0x10 /Applications/STM32CubeIDE.app/Contents/Eclipse/plugins/com.st.stm32cube.ide.mcu.externaltools.gnu-tools-for-stm32.13.3.rel1.macos64_1.0.0.202411102158/tools/bin/../lib/gcc/arm-none-eabi/13.3.1/../../../../arm-none-eabi/lib/thumb/v7e-m+fp/hard/libc_nano.a(libc_a-putchar.o)
                0x0800d5a0                putchar
 .text._puts_r  0x0800d5b0       0xaa /Applications/STM32CubeIDE.app/Contents/Eclipse/plugins/com.st.stm32cube.ide.mcu.externaltools.gnu-tools-for-stm32.13.3.rel1.macos64_1.0.0.202411102158/tools/bin/../lib/gcc/arm-none-eabi/13.3.1/../../../../arm-none-eabi/lib/thumb/v7e-m+fp/hard/libc_nano.a(libc_a-puts.o)
                0x0800d5b0                _puts_r
 *fill*         0x0800d65a        0x2 
 .text.puts     0x0800d65c       0x10 /Applications/STM32CubeIDE.app/Contents/Eclipse/plugins/com.st.stm32cube.ide.mcu.externaltools.gnu-tools-for-stm32.13.3.rel1.macos64_1.0.0.202411102158/tools/bin/../lib/gcc/arm-none-eabi/13.3.1/../../../../arm-none-eabi/lib/thumb/v7e-m+fp/hard/libc_nano.a(libc_a-puts.o)
                0x0800d65c                puts
 .text.memset   0x0800d66c       0x10 /Applications/STM32CubeIDE.app/Contents/Eclipse/plugins/com.st.stm32cube.ide.mcu.externaltools.gnu-tools-for-stm32.13.3.rel1.macos64_1.0.0.202411102158/tools/bin/../lib/gcc/arm-none-eabi/13.3.1/../../../../arm-none-eabi/lib/thumb/v7e-m+fp/hard/libc_nano.a(libc_a-memset.o)
                0x0800d66c                memset
 .text._sbrk_r  0x0800d67c       0x20 /Applications/STM32CubeIDE.app/Contents/Eclipse/plugins/com.st.stm32cube.ide.mcu.externaltools.gnu-tools-for-stm32.13.3.rel1.macos64_1.0.0.202411102158/tools/bin/../lib/gcc/arm-none-eabi/13.3.1/../../../../arm-none-eabi/lib/thumb/v7e-m+fp/hard/libc_nano.a(libc_a-sbrkr.o)
                0x0800d67c                _sbrk_r
 .text.__errno  0x0800d69c        0xc /Applications/STM32CubeIDE.app/Contents/Eclipse/plugins/com.st.stm32cube.ide.mcu.externaltools.gnu-tools-for-stm32.13.3.rel1.macos64_1.0.0.202411102158/tools/bin/../lib/gcc/arm-none-eabi/13.3.1/../../../../arm-none-eabi/lib/thumb/v7e-m+fp/hard/libc_nano.a(libc_a-errno.o)
                0x0800d69c                __errno
 .text.__libc_init_array
                0x0800d6a8       0x48 /Applications/STM32CubeIDE.app/Contents/Eclipse/plugins/com.st.stm32cube.ide.mcu.externaltools.gnu-tools-for-stm32.13.3.rel1.macos64_1.0.0.202411102158/tools/bin/../lib/gcc/arm-none-eabi/13.3.1/../../../../arm-none-eabi/lib/thumb/v7e-m+fp/hard/libc_nano.a(libc_a-init.o)
                0x0800d6a8                __libc_init_array
 .text.__retarget_lock_init_recursive
                0x0800d6f0        0x2 /Applications/STM32CubeIDE.app/Contents/Eclipse/plugins/com.st.stm32cube.ide.mcu.externaltools.gnu-tools-for-stm32.13.3.rel1.macos64_1.0.0.202411102158/tools/bin/../lib/gcc/arm-none-eabi/13.3.1/../../../../arm-none-eabi/lib/thumb/v7e-m+fp/hard/libc_nano.a(libc_a-lock.o)
                0x0800d6f0                __retarget_lock_init_recursive
 .text.__retarget_lock_acquire_recursive
                0x0800d6f2        0x2 /Applications/STM32CubeIDE.app/Contents/Eclipse/plugins/com.st.stm32cube.ide.mcu.externaltools.gnu-tools-for-stm32.13.3.rel1.macos64_1.0.0.202411102158/tools/bin/../lib/gcc/arm-none-eabi/13.3.1/../../../../arm-none-eabi/lib/thumb/v7e-m+fp/hard/libc_nano.a(libc_a-lock.o)
                0x0800d6f2                __retarget_lock_acquire_recursive
 .text.__retarget_lock_release_recursive
                0x0800d6f4        0x2 /Applications/STM32CubeIDE.app/Contents/Eclipse/plugins/com.st.stm32cube.ide.mcu.externaltools.gnu-tools-for-stm32.13.3.rel1.macos64_1.0.0.202411102158/tools/bin/../lib/gcc/arm-none-eabi/13.3.1/../../../../arm-none-eabi/lib/thumb/v7e-m+fp/hard/libc_nano.a(libc_a-lock.o)
                0x0800d6f4                __retarget_lock_release_recursive
 *fill*         0x0800d6f6        0x2 
 .text._localeconv_r
                0x0800d6f8        0x8 /Applications/STM32CubeIDE.app/Contents/Eclipse/plugins/com.st.stm32cube.ide.mcu.externaltools.gnu-tools-for-stm32.13.3.rel1.macos64_1.0.0.202411102158/tools/bin/../lib/gcc/arm-none-eabi/13.3.1/../../../../arm-none-eabi/lib/thumb/v7e-m+fp/hard/libc_nano.a(libc_a-localeconv.o)
                0x0800d6f8                _localeconv_r
 .text.memcpy   0x0800d700       0x1c /Applications/STM32CubeIDE.app/Contents/Eclipse/plugins/com.st.stm32cube.ide.mcu.externaltools.gnu-tools-for-stm32.13.3.rel1.macos64_1.0.0.202411102158/tools/bin/../lib/gcc/arm-none-eabi/13.3.1/../../../../arm-none-eabi/lib/thumb/v7e-m+fp/hard/libc_nano.a(libc_a-memcpy-stub.o)
                0x0800d700                memcpy
 .text.quorem   0x0800d71c      0x110 /Applications/STM32CubeIDE.app/Contents/Eclipse/plugins/com.st.stm32cube.ide.mcu.externaltools.gnu-tools-for-stm32.13.3.rel1.macos64_1.0.0.202411102158/tools/bin/../lib/gcc/arm-none-eabi/13.3.1/../../../../arm-none-eabi/lib/thumb/v7e-m+fp/hard/libc_nano.a(libc_a-dtoa.o)
 *fill*         0x0800d82c        0x4 
 .text._dtoa_r  0x0800d830      0xba0 /Applications/STM32CubeIDE.app/Contents/Eclipse/plugins/com.st.stm32cube.ide.mcu.externaltools.gnu-tools-for-stm32.13.3.rel1.macos64_1.0.0.202411102158/tools/bin/../lib/gcc/arm-none-eabi/13.3.1/../../../../arm-none-eabi/lib/thumb/v7e-m+fp/hard/libc_nano.a(libc_a-dtoa.o)
                0x0800d830                _dtoa_r
 .text._free_r  0x0800e3d0       0x94 /Applications/STM32CubeIDE.app/Contents/Eclipse/plugins/com.st.stm32cube.ide.mcu.externaltools.gnu-tools-for-stm32.13.3.rel1.macos64_1.0.0.202411102158/tools/bin/../lib/gcc/arm-none-eabi/13.3.1/../../../../arm-none-eabi/lib/thumb/v7e-m+fp/hard/libc_nano.a(libc_a-freer.o)
                0x0800e3d0                _free_r
 .text.__sfputc_r
                0x0800e464       0x2e /Applications/STM32CubeIDE.app/Contents/Eclipse/plugins/com.st.stm32cube.ide.mcu.externaltools.gnu-tools-for-stm32.13.3.rel1.macos64_1.0.0.202411102158/tools/bin/../lib/gcc/arm-none-eabi/13.3.1/../../../../arm-none-eabi/lib/thumb/v7e-m+fp/hard/libc_nano.a(libc_a-nano-vfprintf.o)
 .text.__sfputs_r
                0x0800e492       0x24 /Applications/STM32CubeIDE.app/Contents/Eclipse/plugins/com.st.stm32cube.ide.mcu.externaltools.gnu-tools-for-stm32.13.3.rel1.macos64_1.0.0.202411102158/tools/bin/../lib/gcc/arm-none-eabi/13.3.1/../../../../arm-none-eabi/lib/thumb/v7e-m+fp/hard/libc_nano.a(libc_a-nano-vfprintf.o)
                0x0800e492                __sfputs_r
 *fill*         0x0800e4b6        0x2 
 .text._vfprintf_r
                0x0800e4b8      0x230 /Applications/STM32CubeIDE.app/Contents/Eclipse/plugins/com.st.stm32cube.ide.mcu.externaltools.gnu-tools-for-stm32.13.3.rel1.macos64_1.0.0.202411102158/tools/bin/../lib/gcc/arm-none-eabi/13.3.1/../../../../arm-none-eabi/lib/thumb/v7e-m+fp/hard/libc_nano.a(libc_a-nano-vfprintf.o)
                0x0800e4b8                _vfiprintf_r
                0x0800e4b8                _vfprintf_r
 .text.__sflush_r
                0x0800e6e8      0x108 /Applications/STM32CubeIDE.app/Contents/Eclipse/plugins/com.st.stm32cube.ide.mcu.externaltools.gnu-tools-for-stm32.13.3.rel1.macos64_1.0.0.202411102158/tools/bin/../lib/gcc/arm-none-eabi/13.3.1/../../../../arm-none-eabi/lib/thumb/v7e-m+fp/hard/libc_nano.a(libc_a-fflush.o)
                0x0800e6e8                __sflush_r
 .text._fflush_r
                0x0800e7f0       0x50 /Applications/STM32CubeIDE.app/Contents/Eclipse/plugins/com.st.stm32cube.ide.mcu.externaltools.gnu-tools-for-stm32.13.3.rel1.macos64_1.0.0.202411102158/tools/bin/../lib/gcc/arm-none-eabi/13.3.1/../../../../arm-none-eabi/lib/thumb/v7e-m+fp/hard/libc_nano.a(libc_a-fflush.o)
                0x0800e7f0                _fflush_r
 .text._Balloc  0x0800e840       0x80 /Applications/STM32CubeIDE.app/Contents/Eclipse/plugins/com.st.stm32cube.ide.mcu.externaltools.gnu-tools-for-stm32.13.3.rel1.macos64_1.0.0.202411102158/tools/bin/../lib/gcc/arm-none-eabi/13.3.1/../../../../arm-none-eabi/lib/thumb/v7e-m+fp/hard/libc_nano.a(libc_a-mprec.o)
                0x0800e840                _Balloc
 .text._Bfree   0x0800e8c0       0x44 /Applications/STM32CubeIDE.app/Contents/Eclipse/plugins/com.st.stm32cube.ide.mcu.externaltools.gnu-tools-for-stm32.13.3.rel1.macos64_1.0.0.202411102158/tools/bin/../lib/gcc/arm-none-eabi/13.3.1/../../../../arm-none-eabi/lib/thumb/v7e-m+fp/hard/libc_nano.a(libc_a-mprec.o)
                0x0800e8c0                _Bfree
 .text.__multadd
                0x0800e904       0x8c /Applications/STM32CubeIDE.app/Contents/Eclipse/plugins/com.st.stm32cube.ide.mcu.externaltools.gnu-tools-for-stm32.13.3.rel1.macos64_1.0.0.202411102158/tools/bin/../lib/gcc/arm-none-eabi/13.3.1/../../../../arm-none-eabi/lib/thumb/v7e-m+fp/hard/libc_nano.a(libc_a-mprec.o)
                0x0800e904                __multadd
 .text.__hi0bits
                0x0800e990       0x3e /Applications/STM32CubeIDE.app/Contents/Eclipse/plugins/com.st.stm32cube.ide.mcu.externaltools.gnu-tools-for-stm32.13.3.rel1.macos64_1.0.0.202411102158/tools/bin/../lib/gcc/arm-none-eabi/13.3.1/../../../../arm-none-eabi/lib/thumb/v7e-m+fp/hard/libc_nano.a(libc_a-mprec.o)
                0x0800e990                __hi0bits
 .text.__lo0bits
                0x0800e9ce       0x5a /Applications/STM32CubeIDE.app/Contents/Eclipse/plugins/com.st.stm32cube.ide.mcu.externaltools.gnu-tools-for-stm32.13.3.rel1.macos64_1.0.0.202411102158/tools/bin/../lib/gcc/arm-none-eabi/13.3.1/../../../../arm-none-eabi/lib/thumb/v7e-m+fp/hard/libc_nano.a(libc_a-mprec.o)
                0x0800e9ce                __lo0bits
 .text.__i2b    0x0800ea28       0x2c /Applications/STM32CubeIDE.app/Contents/Eclipse/plugins/com.st.stm32cube.ide.mcu.externaltools.gnu-tools-for-stm32.13.3.rel1.macos64_1.0.0.202411102158/tools/bin/../lib/gcc/arm-none-eabi/13.3.1/../../../../arm-none-eabi/lib/thumb/v7e-m+fp/hard/libc_nano.a(libc_a-mprec.o)
                0x0800ea28                __i2b
 .text.__multiply
                0x0800ea54      0x144 /Applications/STM32CubeIDE.app/Contents/Eclipse/plugins/com.st.stm32cube.ide.mcu.externaltools.gnu-tools-for-stm32.13.3.rel1.macos64_1.0.0.202411102158/tools/bin/../lib/gcc/arm-none-eabi/13.3.1/../../../../arm-none-eabi/lib/thumb/v7e-m+fp/hard/libc_nano.a(libc_a-mprec.o)
                0x0800ea54                __multiply
 .text.__pow5mult
                0x0800eb98       0xb4 /Applications/STM32CubeIDE.app/Contents/Eclipse/plugins/com.st.stm32cube.ide.mcu.externaltools.gnu-tools-for-stm32.13.3.rel1.macos64_1.0.0.202411102158/tools/bin/../lib/gcc/arm-none-eabi/13.3.1/../../../../arm-none-eabi/lib/thumb/v7e-m+fp/hard/libc_nano.a(libc_a-mprec.o)
                0x0800eb98                __pow5mult
 .text.__lshift
                0x0800ec4c       0xd8 /Applications/STM32CubeIDE.app/Contents/Eclipse/plugins/com.st.stm32cube.ide.mcu.externaltools.gnu-tools-for-stm32.13.3.rel1.macos64_1.0.0.202411102158/tools/bin/../lib/gcc/arm-none-eabi/13.3.1/../../../../arm-none-eabi/lib/thumb/v7e-m+fp/hard/libc_nano.a(libc_a-mprec.o)
                0x0800ec4c                __lshift
 .text.__mcmp   0x0800ed24       0x36 /Applications/STM32CubeIDE.app/Contents/Eclipse/plugins/com.st.stm32cube.ide.mcu.externaltools.gnu-tools-for-stm32.13.3.rel1.macos64_1.0.0.202411102158/tools/bin/../lib/gcc/arm-none-eabi/13.3.1/../../../../arm-none-eabi/lib/thumb/v7e-m+fp/hard/libc_nano.a(libc_a-mprec.o)
                0x0800ed24                __mcmp
 *fill*         0x0800ed5a        0x2 
 .text.__mdiff  0x0800ed5c      0x128 /Applications/STM32CubeIDE.app/Contents/Eclipse/plugins/com.st.stm32cube.ide.mcu.externaltools.gnu-tools-for-stm32.13.3.rel1.macos64_1.0.0.202411102158/tools/bin/../lib/gcc/arm-none-eabi/13.3.1/../../../../arm-none-eabi/lib/thumb/v7e-m+fp/hard/libc_nano.a(libc_a-mprec.o)
                0x0800ed5c                __mdiff
 .text.__d2b    0x0800ee84       0xb0 /Applications/STM32CubeIDE.app/Contents/Eclipse/plugins/com.st.stm32cube.ide.mcu.externaltools.gnu-tools-for-stm32.13.3.rel1.macos64_1.0.0.202411102158/tools/bin/../lib/gcc/arm-none-eabi/13.3.1/../../../../arm-none-eabi/lib/thumb/v7e-m+fp/hard/libc_nano.a(libc_a-mprec.o)
                0x0800ee84                __d2b
 .text.__sread  0x0800ef34       0x22 /Applications/STM32CubeIDE.app/Contents/Eclipse/plugins/com.st.stm32cube.ide.mcu.externaltools.gnu-tools-for-stm32.13.3.rel1.macos64_1.0.0.202411102158/tools/bin/../lib/gcc/arm-none-eabi/13.3.1/../../../../arm-none-eabi/lib/thumb/v7e-m+fp/hard/libc_nano.a(libc_a-stdio.o)
                0x0800ef34                __sread
 .text.__swrite
                0x0800ef56       0x38 /Applications/STM32CubeIDE.app/Contents/Eclipse/plugins/com.st.stm32cube.ide.mcu.externaltools.gnu-tools-for-stm32.13.3.rel1.macos64_1.0.0.202411102158/tools/bin/../lib/gcc/arm-none-eabi/13.3.1/../../../../arm-none-eabi/lib/thumb/v7e-m+fp/hard/libc_nano.a(libc_a-stdio.o)
                0x0800ef56                __swrite
 .text.__sseek  0x0800ef8e       0x24 /Applications/STM32CubeIDE.app/Contents/Eclipse/plugins/com.st.stm32cube.ide.mcu.externaltools.gnu-tools-for-stm32.13.3.rel1.macos64_1.0.0.202411102158/tools/bin/../lib/gcc/arm-none-eabi/13.3.1/../../../../arm-none-eabi/lib/thumb/v7e-m+fp/hard/libc_nano.a(libc_a-stdio.o)
                0x0800ef8e                __sseek
 .text.__sclose
                0x0800efb2        0x8 /Applications/STM32CubeIDE.app/Contents/Eclipse/plugins/com.st.stm32cube.ide.mcu.externaltools.gnu-tools-for-stm32.13.3.rel1.macos64_1.0.0.202411102158/tools/bin/../lib/gcc/arm-none-eabi/13.3.1/../../../../arm-none-eabi/lib/thumb/v7e-m+fp/hard/libc_nano.a(libc_a-stdio.o)
                0x0800efb2                __sclose
 .text.__swbuf_r
                0x0800efba       0x7c /Applications/STM32CubeIDE.app/Contents/Eclipse/plugins/com.st.stm32cube.ide.mcu.externaltools.gnu-tools-for-stm32.13.3.rel1.macos64_1.0.0.202411102158/tools/bin/../lib/gcc/arm-none-eabi/13.3.1/../../../../arm-none-eabi/lib/thumb/v7e-m+fp/hard/libc_nano.a(libc_a-wbuf.o)
                0x0800efba                __swbuf_r
 *fill*         0x0800f036        0x2 
 .text.__swsetup_r
                0x0800f038       0xac /Applications/STM32CubeIDE.app/Contents/Eclipse/plugins/com.st.stm32cube.ide.mcu.externaltools.gnu-tools-for-stm32.13.3.rel1.macos64_1.0.0.202411102158/tools/bin/../lib/gcc/arm-none-eabi/13.3.1/../../../../arm-none-eabi/lib/thumb/v7e-m+fp/hard/libc_nano.a(libc_a-wsetup.o)
                0x0800f038                __swsetup_r
 .text.__swhatbuf_r
                0x0800f0e4       0x4c /Applications/STM32CubeIDE.app/Contents/Eclipse/plugins/com.st.stm32cube.ide.mcu.externaltools.gnu-tools-for-stm32.13.3.rel1.macos64_1.0.0.202411102158/tools/bin/../lib/gcc/arm-none-eabi/13.3.1/../../../../arm-none-eabi/lib/thumb/v7e-m+fp/hard/libc_nano.a(libc_a-makebuf.o)
                0x0800f0e4                __swhatbuf_r
 .text.__smakebuf_r
                0x0800f130       0x78 /Applications/STM32CubeIDE.app/Contents/Eclipse/plugins/com.st.stm32cube.ide.mcu.externaltools.gnu-tools-for-stm32.13.3.rel1.macos64_1.0.0.202411102158/tools/bin/../lib/gcc/arm-none-eabi/13.3.1/../../../../arm-none-eabi/lib/thumb/v7e-m+fp/hard/libc_nano.a(libc_a-makebuf.o)
                0x0800f130                __smakebuf_r
 .text._putc_r  0x0800f1a8       0x68 /Applications/STM32CubeIDE.app/Contents/Eclipse/plugins/com.st.stm32cube.ide.mcu.externaltools.gnu-tools-for-stm32.13.3.rel1.macos64_1.0.0.202411102158/tools/bin/../lib/gcc/arm-none-eabi/13.3.1/../../../../arm-none-eabi/lib/thumb/v7e-m+fp/hard/libc_nano.a(libc_a-putc.o)
                0x0800f1a8                _putc_r
 .text._isatty_r
                0x0800f210       0x20 /Applications/STM32CubeIDE.app/Contents/Eclipse/plugins/com.st.stm32cube.ide.mcu.externaltools.gnu-tools-for-stm32.13.3.rel1.macos64_1.0.0.202411102158/tools/bin/../lib/gcc/arm-none-eabi/13.3.1/../../../../arm-none-eabi/lib/thumb/v7e-m+fp/hard/libc_nano.a(libc_a-isattyr.o)
                0x0800f210                _isatty_r
 .text._lseek_r
                0x0800f230       0x24 /Applications/STM32CubeIDE.app/Contents/Eclipse/plugins/com.st.stm32cube.ide.mcu.externaltools.gnu-tools-for-stm32.13.3.rel1.macos64_1.0.0.202411102158/tools/bin/../lib/gcc/arm-none-eabi/13.3.1/../../../../arm-none-eabi/lib/thumb/v7e-m+fp/hard/libc_nano.a(libc_a-lseekr.o)
                0x0800f230                _lseek_r
 .text._read_r  0x0800f254       0x24 /Applications/STM32CubeIDE.app/Contents/Eclipse/plugins/com.st.stm32cube.ide.mcu.externaltools.gnu-tools-for-stm32.13.3.rel1.macos64_1.0.0.202411102158/tools/bin/../lib/gcc/arm-none-eabi/13.3.1/../../../../arm-none-eabi/lib/thumb/v7e-m+fp/hard/libc_nano.a(libc_a-readr.o)
                0x0800f254                _read_r
 .text._write_r
                0x0800f278       0x24 /Applications/STM32CubeIDE.app/Contents/Eclipse/plugins/com.st.stm32cube.ide.mcu.externaltools.gnu-tools-for-stm32.13.3.rel1.macos64_1.0.0.202411102158/tools/bin/../lib/gcc/arm-none-eabi/13.3.1/../../../../arm-none-eabi/lib/thumb/v7e-m+fp/hard/libc_nano.a(libc_a-writer.o)
                0x0800f278                _write_r
 .text._close_r
                0x0800f29c       0x20 /Applications/STM32CubeIDE.app/Contents/Eclipse/plugins/com.st.stm32cube.ide.mcu.externaltools.gnu-tools-for-stm32.13.3.rel1.macos64_1.0.0.202411102158/tools/bin/../lib/gcc/arm-none-eabi/13.3.1/../../../../arm-none-eabi/lib/thumb/v7e-m+fp/hard/libc_nano.a(libc_a-closer.o)
                0x0800f29c                _close_r
 .text._fstat_r
                0x0800f2bc       0x24 /Applications/STM32CubeIDE.app/Contents/Eclipse/plugins/com.st.stm32cube.ide.mcu.externaltools.gnu-tools-for-stm32.13.3.rel1.macos64_1.0.0.202411102158/tools/bin/../lib/gcc/arm-none-eabi/13.3.1/../../../../arm-none-eabi/lib/thumb/v7e-m+fp/hard/libc_nano.a(libc_a-fstatr.o)
                0x0800f2bc                _fstat_r
 .text.__assert_func
                0x0800f2e0       0x3c /Applications/STM32CubeIDE.app/Contents/Eclipse/plugins/com.st.stm32cube.ide.mcu.externaltools.gnu-tools-for-stm32.13.3.rel1.macos64_1.0.0.202411102158/tools/bin/../lib/gcc/arm-none-eabi/13.3.1/../../../../arm-none-eabi/lib/thumb/v7e-m+fp/hard/libc_nano.a(libc_a-assert.o)
                0x0800f2e0                __assert_func
 .text._calloc_r
                0x0800f31c       0x28 /Applications/STM32CubeIDE.app/Contents/Eclipse/plugins/com.st.stm32cube.ide.mcu.externaltools.gnu-tools-for-stm32.13.3.rel1.macos64_1.0.0.202411102158/tools/bin/../lib/gcc/arm-none-eabi/13.3.1/../../../../arm-none-eabi/lib/thumb/v7e-m+fp/hard/libc_nano.a(libc_a-callocr.o)
                0x0800f31c                _calloc_r
 .text.__ascii_mbtowc
                0x0800f344       0x24 /Applications/STM32CubeIDE.app/Contents/Eclipse/plugins/com.st.stm32cube.ide.mcu.externaltools.gnu-tools-for-stm32.13.3.rel1.macos64_1.0.0.202411102158/tools/bin/../lib/gcc/arm-none-eabi/13.3.1/../../../../arm-none-eabi/lib/thumb/v7e-m+fp/hard/libc_nano.a(libc_a-mbtowc_r.o)
                0x0800f344                __ascii_mbtowc
 .text.fprintf  0x0800f368       0x24 /Applications/STM32CubeIDE.app/Contents/Eclipse/plugins/com.st.stm32cube.ide.mcu.externaltools.gnu-tools-for-stm32.13.3.rel1.macos64_1.0.0.202411102158/tools/bin/../lib/gcc/arm-none-eabi/13.3.1/../../../../arm-none-eabi/lib/thumb/v7e-m+fp/hard/libc_nano.a(libc_a-fprintf.o)
                0x0800f368                fprintf
                0x0800f368                fiprintf
 .text.__ascii_wctomb
                0x0800f38c       0x1a /Applications/STM32CubeIDE.app/Contents/Eclipse/plugins/com.st.stm32cube.ide.mcu.externaltools.gnu-tools-for-stm32.13.3.rel1.macos64_1.0.0.202411102158/tools/bin/../lib/gcc/arm-none-eabi/13.3.1/../../../../arm-none-eabi/lib/thumb/v7e-m+fp/hard/libc_nano.a(libc_a-wctomb_r.o)
                0x0800f38c                __ascii_wctomb
 .text.abort    0x0800f3a6        0xe /Applications/STM32CubeIDE.app/Contents/Eclipse/plugins/com.st.stm32cube.ide.mcu.externaltools.gnu-tools-for-stm32.13.3.rel1.macos64_1.0.0.202411102158/tools/bin/../lib/gcc/arm-none-eabi/13.3.1/../../../../arm-none-eabi/lib/thumb/v7e-m+fp/hard/libc_nano.a(libc_a-abort.o)
                0x0800f3a6                abort
 .text._raise_r
                0x0800f3b4       0x50 /Applications/STM32CubeIDE.app/Contents/Eclipse/plugins/com.st.stm32cube.ide.mcu.externaltools.gnu-tools-for-stm32.13.3.rel1.macos64_1.0.0.202411102158/tools/bin/../lib/gcc/arm-none-eabi/13.3.1/../../../../arm-none-eabi/lib/thumb/v7e-m+fp/hard/libc_nano.a(libc_a-signal.o)
                0x0800f3b4                _raise_r
 .text.raise    0x0800f404       0x10 /Applications/STM32CubeIDE.app/Contents/Eclipse/plugins/com.st.stm32cube.ide.mcu.externaltools.gnu-tools-for-stm32.13.3.rel1.macos64_1.0.0.202411102158/tools/bin/../lib/gcc/arm-none-eabi/13.3.1/../../../../arm-none-eabi/lib/thumb/v7e-m+fp/hard/libc_nano.a(libc_a-signal.o)
                0x0800f404                raise
 .text._kill_r  0x0800f414       0x24 /Applications/STM32CubeIDE.app/Contents/Eclipse/plugins/com.st.stm32cube.ide.mcu.externaltools.gnu-tools-for-stm32.13.3.rel1.macos64_1.0.0.202411102158/tools/bin/../lib/gcc/arm-none-eabi/13.3.1/../../../../arm-none-eabi/lib/thumb/v7e-m+fp/hard/libc_nano.a(libc_a-signalr.o)
                0x0800f414                _kill_r
 .text._getpid_r