Archive member included to satisfy reference by file (symbol)

/Applications/STM32CubeIDE.app/Contents/Eclipse/plugins/com.st.stm32cube.ide.mcu.externaltools.gnu-tools-for-stm32.13.3.rel1.macos64_1.0.0.202411102158/tools/bin/../lib/gcc/arm-none-eabi/13.3.1/../../../../arm-none-eabi/lib/thumb/v7e-m+fp/hard/libc_nano.a(libc_a-exit.o)
                              /Applications/STM32CubeIDE.app/Contents/Eclipse/plugins/com.st.stm32cube.ide.mcu.externaltools.gnu-tools-for-stm32.13.3.rel1.macos64_1.0.0.202411102158/tools/bin/../lib/gcc/arm-none-eabi/13.3.1/../../../../arm-none-eabi/lib/thumb/v7e-m+fp/hard/crt0.o (exit)
/Applications/STM32CubeIDE.app/Contents/Eclipse/plugins/com.st.stm32cube.ide.mcu.externaltools.gnu-tools-for-stm32.13.3.rel1.macos64_1.0.0.202411102158/tools/bin/../lib/gcc/arm-none-eabi/13.3.1/../../../../arm-none-eabi/lib/thumb/v7e-m+fp/hard/libc_nano.a(libc_a-nano-vfprintf_float.o)
                              (_printf_float)
/Applications/STM32CubeIDE.app/Contents/Eclipse/plugins/com.st.stm32cube.ide.mcu.externaltools.gnu-tools-for-stm32.13.3.rel1.macos64_1.0.0.202411102158/tools/bin/../lib/gcc/arm-none-eabi/13.3.1/../../../../arm-none-eabi/lib/thumb/v7e-m+fp/hard/libc_nano.a(libc_a-malloc.o)
                              ./Core/Src/virtual_timer.o (malloc)
/Applications/STM32CubeIDE.app/Contents/Eclipse/plugins/com.st.stm32cube.ide.mcu.externaltools.gnu-tools-for-stm32.13.3.rel1.macos64_1.0.0.202411102158/tools/bin/../lib/gcc/arm-none-eabi/13.3.1/../../../../arm-none-eabi/lib/thumb/v7e-m+fp/hard/libc_nano.a(libc_a-mallocr.o)
                              /Applications/STM32CubeIDE.app/Contents/Eclipse/plugins/com.st.stm32cube.ide.mcu.externaltools.gnu-tools-for-stm32.13.3.rel1.macos64_1.0.0.202411102158/tools/bin/../lib/gcc/arm-none-eabi/13.3.1/../../../../arm-none-eabi/lib/thumb/v7e-m+fp/hard/libc_nano.a(libc_a-malloc.o) (_malloc_r)
/Applications/STM32CubeIDE.app/Contents/Eclipse/plugins/com.st.stm32cube.ide.mcu.externaltools.gnu-tools-for-stm32.13.3.rel1.macos64_1.0.0.202411102158/tools/bin/../lib/gcc/arm-none-eabi/13.3.1/../../../../arm-none-eabi/lib/thumb/v7e-m+fp/hard/libc_nano.a(libc_a-nano-vfprintf_i.o)
                              /Applications/STM32CubeIDE.app/Contents/Eclipse/plugins/com.st.stm32cube.ide.mcu.externaltools.gnu-tools-for-stm32.13.3.rel1.macos64_1.0.0.202411102158/tools/bin/../lib/gcc/arm-none-eabi/13.3.1/../../../../arm-none-eabi/lib/thumb/v7e-m+fp/hard/libc_nano.a(libc_a-nano-vfprintf_float.o) (_printf_common)
/Applications/STM32CubeIDE.app/Contents/Eclipse/plugins/com.st.stm32cube.ide.mcu.externaltools.gnu-tools-for-stm32.13.3.rel1.macos64_1.0.0.202411102158/tools/bin/../lib/gcc/arm-none-eabi/13.3.1/../../../../arm-none-eabi/lib/thumb/v7e-m+fp/hard/libc_nano.a(libc_a-snprintf.o)
                              ./Core/Src/adbms_interface.o (snprintf)
/Applications/STM32CubeIDE.app/Contents/Eclipse/plugins/com.st.stm32cube.ide.mcu.externaltools.gnu-tools-for-stm32.13.3.rel1.macos64_1.0.0.202411102158/tools/bin/../lib/gcc/arm-none-eabi/13.3.1/../../../../arm-none-eabi/lib/thumb/v7e-m+fp/hard/libc_nano.a(libc_a-mlock.o)
                              /Applications/STM32CubeIDE.app/Contents/Eclipse/plugins/com.st.stm32cube.ide.mcu.externaltools.gnu-tools-for-stm32.13.3.rel1.macos64_1.0.0.202411102158/tools/bin/../lib/gcc/arm-none-eabi/13.3.1/../../../../arm-none-eabi/lib/thumb/v7e-m+fp/hard/libc_nano.a(libc_a-mallocr.o) (__malloc_lock)
/Applications/STM32CubeIDE.app/Contents/Eclipse/plugins/com.st.stm32cube.ide.mcu.externaltools.gnu-tools-for-stm32.13.3.rel1.macos64_1.0.0.202411102158/tools/bin/../lib/gcc/arm-none-eabi/13.3.1/../../../../arm-none-eabi/lib/thumb/v7e-m+fp/hard/libc_nano.a(libc_a-findfp.o)
                              /Applications/STM32CubeIDE.app/Contents/Eclipse/plugins/com.st.stm32cube.ide.mcu.externaltools.gnu-tools-for-stm32.13.3.rel1.macos64_1.0.0.202411102158/tools/bin/../lib/gcc/arm-none-eabi/13.3.1/../../../../arm-none-eabi/lib/thumb/v7e-m+fp/hard/libc_nano.a(libc_a-exit.o) (__stdio_exit_handler)
/Applications/STM32CubeIDE.app/Contents/Eclipse/plugins/com.st.stm32cube.ide.mcu.externaltools.gnu-tools-for-stm32.13.3.rel1.macos64_1.0.0.202411102158/tools/bin/../lib/gcc/arm-none-eabi/13.3.1/../../../../arm-none-eabi/lib/thumb/v7e-m+fp/hard/libc_nano.a(libc_a-fwalk.o)
                              /Applications/STM32CubeIDE.app/Contents/Eclipse/plugins/com.st.stm32cube.ide.mcu.externaltools.gnu-tools-for-stm32.13.3.rel1.macos64_1.0.0.202411102158/tools/bin/../lib/gcc/arm-none-eabi/13.3.1/../../../../arm-none-eabi/lib/thumb/v7e-m+fp/hard/libc_nano.a(libc_a-findfp.o) (_fwalk_sglue)
/Applications/STM32CubeIDE.app/Contents/Eclipse/plugins/com.st.stm32cube.ide.mcu.externaltools.gnu-tools-for-stm32.13.3.rel1.macos64_1.0.0.202411102158/tools/bin/../lib/gcc/arm-none-eabi/13.3.1/../../../../arm-none-eabi/lib/thumb/v7e-m+fp/hard/libc_nano.a(libc_a-printf.o)
                              ./Core/Src/adbms_interface.o (printf)
[...]
Memory Configuration

Name             Origin             Length             Attributes
CCMRAM           0x10000000         0x00010000         xrw
RAM              0x20000000         0x00020000         xrw
FLASH            0x08000000         0x00100000         xr
*default*        0x00000000         0xffffffff

Linker script and memory map

LOAD /Applications/STM32CubeIDE.app/Contents/Eclipse/plugins/com.st.stm32cube.ide.mcu.externaltools.gnu-tools-for-stm32.13.3.rel1.macos64_1.0.0.202411102158/tools/bin/../lib/gcc/arm-none-eabi/13.3.1/thumb/v7e-m+fp/hard/crti.o
LOAD /Applications/STM32CubeIDE.app/Contents/Eclipse/plugins/com.st.stm32cube.ide.mcu.externaltools.gnu-tools-for-stm32.13.3.rel1.macos64_1.0.0.202411102158/tools/bin/../lib/gcc/arm-none-eabi/13.3.1/thumb/v7e-m+fp/hard/crtbegin.o
LOAD /Applications/STM32CubeIDE.app/Contents/Eclipse/plugins/com.st.stm32cube.ide.mcu.externaltools.gnu-tools-for-stm32.13.3.rel1.macos64_1.0.0.202411102158/tools/bin/../lib/gcc/arm-none-eabi/13.3.1/../../../../arm-none-eabi/lib/thumb/v7e-m+fp/hard/crt0.o
LOAD ./Core/Src/adbms_driver.o
LOAD ./Core/Src/adbms_interface.o
LOAD ./Core/Src/adbms_soc.o
LOAD ./Core/Src/bms.o
LOAD ./Core/Src/bms_can.o
LOAD ./Core/Src/control.o
LOAD ./Core/Src/current_driver.o
LOAD ./Core/Src/main.o
LOAD ./Core/Src/nfr_can_driver.o
LOAD ./Core/Src/stm32f4xx_hal_msp.o
LOAD ./Core/Src/stm32f4xx_it.o
LOAD ./Core/Src/syscalls.o
LOAD ./Core/Src/sysmem.o
LOAD ./Core/Src/system_stm32f4xx.o
LOAD ./Core/Src/thermistor_driver.o
LOAD ./Core/Src/virtual_timer.o
LOAD ./Core/Startup/startup_stm32f405rgtx.o
LOAD ./Drivers/STM32F4xx_HAL_Driver/Src/stm32f4xx_hal.o
LOAD ./Drivers/STM32F4xx_HAL_Driver/Src/stm32f4xx_hal_adc.o
LOAD ./Drivers/STM32F4xx_HAL_Driver/Src/stm32f4xx_hal_adc_ex.o
LOAD ./Drivers/STM32F4xx_HAL_Driver/Src/stm32f4xx_hal_can.o
LOAD ./Drivers/STM32F4xx_HAL_Driver/Src/stm32f4xx_hal_cortex.o
LOAD ./Drivers/STM32F4xx_HAL_Driver/Src/stm32f4xx_hal_dma.o
LOAD ./Drivers/STM32F4xx_HAL_Driver/Src/stm32f4xx_hal_dma_ex.o
LOAD ./Drivers/STM32F4xx_HAL_Driver/Src/stm32f4xx_hal_exti.o
LOAD ./Drivers/STM32F4xx_HAL_Driver/Src/stm32f4xx_hal_flash.o
LOAD ./Drivers/STM32F4xx_HAL_Driver/Src/stm32f4xx_hal_flash_ex.o
LOAD ./Drivers/STM32F4xx_HAL_Driver/Src/stm32f4xx_hal_flash_ramfunc.o
LOAD ./Drivers/STM32F4xx_HAL_Driver/Src/stm32f4xx_hal_gpio.o
LOAD ./Drivers/STM32F4xx_HAL_Driver/Src/stm32f4xx_hal_pcd.o
LOAD ./Drivers/STM32F4xx_HAL_Driver/Src/stm32f4xx_hal_pcd_ex.o
LOAD ./Drivers/STM32F4xx_HAL_Driver/Src/stm32f4xx_hal_pwr.o
LOAD ./Drivers/STM32F4xx_HAL_Driver/Src/stm32f4xx_hal_pwr_ex.o
LOAD ./Drivers/STM32F4xx_HAL_Driver/Src/stm32f4xx_hal_rcc.o
LOAD ./Drivers/STM32F4xx_HAL_Driver/Src/stm32f4xx_hal_rcc_ex.o
LOAD ./Drivers/STM32F4xx_HAL_Driver/Src/stm32f4xx_hal_spi.o
LOAD ./Drivers/STM32F4xx_HAL_Driver/Src/stm32f4xx_hal_tim.o
LOAD ./Drivers/STM32F4xx_HAL_Driver/Src/stm32f4xx_hal_tim_ex.o
LOAD ./Drivers/STM32F4xx_HAL_Driver/Src/stm32f4xx_ll_adc.o
LOAD ./Drivers/STM32F4xx_HAL_Driver/Src/stm32f4xx_ll_usb.o
LOAD ./Middlewares/ST/STM32_USB_Device_Library/Class/CDC/Src/usbd_cdc.o
LOAD ./Middlewares/ST/STM32_USB_Device_Library/Core/Src/usbd_core.o
LOAD ./Middlewares/ST/STM32_USB_Device_Library/Core/Src/usbd_ctlreq.o
LOAD ./Middlewares/ST/STM32_USB_Device_Library/Core/Src/usbd_ioreq.o
LOAD ./USB_DEVICE/App/usb_device.o
LOAD ./USB_DEVICE/App/usbd_cdc_if.o
LOAD ./USB_DEVICE/App/usbd_desc.o
LOAD ./USB_DEVICE/Target/usbd_conf.o
START GROUP
LOAD /Applications/STM32CubeIDE.app/Contents/Eclipse/plugins/com.st.stm32cube.ide.mcu.externaltools.gnu-tools-for-stm32.13.3.rel1.macos64_1.0.0.202411102158/tools/bin/../lib/gcc/arm-none-eabi/13.3.1/../../../../arm-none-eabi/lib/thumb/v7e-m+fp/hard/libc_nano.a
LOAD /Applications/STM32CubeIDE.app/Contents/Eclipse/plugins/com.st.stm32cube.ide.mcu.externaltools.gnu-tools-for-stm32.13.3.rel1.macos64_1.0.0.202411102158/tools/bin/../lib/gcc/arm-none-eabi/13.3.1/../../../../arm-none-eabi/lib/thumb/v7e-m+fp/hard/libm.a
END GROUP
START GROUP
LOAD /Applications/STM32CubeIDE.app/Contents/Eclipse/plugins/com.st.stm32cube.ide.mcu.externaltools.gnu-tools-for-stm32.13.3.rel1.macos64_1.0.0.202411102158/tools/bin/../lib/gcc/arm-none-eabi/13.3.1/thumb/v7e-m+fp/hard/libgcc.a
LOAD /Applications/STM32CubeIDE.app/Contents/Eclipse/plugins/com.st.stm32cube.ide.mcu.externaltools.gnu-tools-for-stm32.13.3.rel1.macos64_1.0.0.202411102158/tools/bin/../lib/gcc/arm-none-eabi/13.3.1/../../../../arm-none-eabi/lib/thumb/v7e-m+fp/hard/libc_nano.a
END GROUP
START GROUP
LOAD /Applications/STM32CubeIDE.app/Contents/Eclipse/plugins/com.st.stm32cube.ide.mcu.externaltools.gnu-tools-for-stm32.13.3.rel1.macos64_1.0.0.202411102158/tools/bin/../lib/gcc/arm-none-eabi/13.3.1/thumb/v7e-m+fp/hard/libgcc.a
LOAD /Applications/STM32CubeIDE.app/Contents/Eclipse/plugins/com.st.stm32cube.ide.mcu.externaltools.gnu-tools-for-stm32.13.3.rel1.macos64_1.0.0.202411102158/tools/bin/../lib/gcc/arm-none-eabi/13.3.1/../../../../arm-none-eabi/lib/thumb/v7e-m+fp/hard/libc_nano.a
LOAD /Applications/STM32CubeIDE.app/Contents/Eclipse/plugins/com.st.stm32cube.ide.mcu.externaltools.gnu-tools-for-stm32.13.3.rel1.macos64_1.0.0.202411102158/tools/bin/../lib/gcc/arm-none-eabi/13.3.1/../../../../arm-none-eabi/lib/thumb/v7e-m+fp/hard/libnosys.a
END GROUP
START GROUP
LOAD /Applications/STM32CubeIDE.app/Contents/Eclipse/plugins/com.st.stm32cube.ide.mcu.externaltools.gnu-tools-for-stm32.13.3.rel1.macos64_1.0.0.202411102158/tools/bin/../lib/gcc/arm-none-eabi/13.3.1/thumb/v7e-m+fp/hard/libgcc.a
LOAD /Applications/STM32CubeIDE.app/Contents/Eclipse/plugins/com.st.stm32cube.ide.mcu.externaltools.gnu-tools-for-stm32.13.3.rel1.macos64_1.0.0.202411102158/tools/bin/../lib/gcc/arm-none-eabi/13.3.1/../../../../arm-none-eabi/lib/thumb/v7e-m+fp/hard/libc_nano.a
LOAD /Applications/STM32CubeIDE.app/Contents/Eclipse/plugins/com.st.stm32cube.ide.mcu.externaltools.gnu-tools-for-stm32.13.3.rel1.macos64_1.0.0.202411102158/tools/bin/../lib/gcc/arm-none-eabi/13.3.1/../../../../arm-none-eabi/lib/thumb/v7e-m+fp/hard/libnosys.a
END GROUP
LOAD /Applications/STM32CubeIDE.app/Contents/Eclipse/plugins/com.st.stm32cube.ide.mcu.externaltools.gnu-tools-for-stm32.13.3.rel1.macos64_1.0.0.202411102158/tools/bin/../lib/gcc/arm-none-eabi/13.3.1/thumb/v7e-m+fp/hard/crtend.o
LOAD /Applications/STM32CubeIDE.app/Contents/Eclipse/plugins/com.st.stm32cube.ide.mcu.externaltools.gnu-tools-for-stm32.13.3.rel1.macos64_1.0.0.202411102158/tools/bin/../lib/gcc/arm-none-eabi/13.3.1/thumb/v7e-m+fp/hard/crtn.o
                0x20020000                        _estack = (ORIGIN (RAM) + LENGTH (RAM))
                0x00000200                        _Min_Heap_Size = 0x200
                0x00000400                        _Min_Stack_Size = 0x400

.isr_vector     0x08000000      0x188
                0x08000000                        . = ALIGN (0x4)
 *(.isr_vector)
 .isr_vector    0x08000000      0x188 ./Core/Startup/startup_stm32f405rgtx.o
                0x08000000                g_pfnVectors
                0x08000188                        . = ALIGN (0x4)

.text           0x08000190    0x10b10
                0x08000190                        . = ALIGN (0x4)
 *(.text)
 .text          0x08000190       0x40 /Applications/STM32CubeIDE.app/Contents/Eclipse/plugins/com.st.stm32cube.ide.mcu.externaltools.gnu-tools-for-stm32.13.3.rel1.macos64_1.0.0.202411102158/tools/bin/../lib/gcc/arm-none-eabi/13.3.1/thumb/v7e-m+fp/hard/crtbegin.o
 .text          0x080001d0       0xa0 /Applications/STM32CubeIDE.app/Contents/Eclipse/plugins/com.st.stm32cube.ide.mcu.externaltools.gnu-tools-for-stm32.13.3.rel1.macos64_1.0.0.202411102158/tools/bin/../lib/gcc/arm-none-eabi/13.3.1/../../../../arm-none-eabi/lib/thumb/v7e-m+fp/hard/libc_nano.a(libc_a-memchr.o)
                0x080001d0                memchr
 .text          0x08000270       0x10 /Applications/STM32CubeIDE.app/Contents/Eclipse/plugins/com.st.stm32cube.ide.mcu.externaltools.gnu-tools-for-stm32.13.3.rel1.macos64_1.0.0.202411102158/tools/bin/../lib/gcc/arm-none-eabi/13.3.1/../../../../arm-none-eabi/lib/thumb/v7e-m+fp/hard/libc_nano.a(libc_a-strlen.o)
                0x08000270                strlen
 .text          0x08000280      0x378 /Applications/STM32CubeIDE.app/Contents/Eclipse/plugins/com.st.stm32cube.ide.mcu.externaltools.gnu-tools-for-stm32.13.3.rel1.macos64_1.0.0.202411102158/tools/bin/../lib/gcc/arm-none-eabi/13.3.1/thumb/v7e-m+fp/hard/libgcc.a(_arm_addsubdf3.o)
                0x08000280                __aeabi_drsub
                0x08000288                __subdf3
                0x08000288                __aeabi_dsub
                0x0800028c                __aeabi_dadd
                0x0800028c                __adddf3
                0x08000504                __aeabi_ui2d
                0x08000504                __floatunsidf
                0x08000524                __floatsidf
                0x08000524                __aeabi_i2d
                0x08000548                __extendsfdf2
                0x08000548                __aeabi_f2d
                0x0800058c                __aeabi_ul2d
                0x0800058c                __floatundidf
                0x0800059c                __aeabi_l2d
                0x0800059c                __floatdidf
 .text          0x080005f8      0x424 /Applications/STM32CubeIDE.app/Contents/Eclipse/plugins/com.st.stm32cube.ide.mcu.externaltools.gnu-tools-for-stm32.13.3.rel1.macos64_1.0.0.202411102158/tools/bin/../lib/gcc/arm-none-eabi/13.3.1/thumb/v7e-m+fp/hard/libgcc.a(_arm_muldivdf3.o)
                0x080005f8                __aeabi_dmul
                0x080005f8                __muldf3
                0x0800084c                __aeabi_ddiv
                0x0800084c                __divdf3
 .text          0x08000a1c      0x110 /Applications/STM32CubeIDE.app/Contents/Eclipse/plugins/com.st.stm32cube.ide.mcu.externaltools.gnu-tools-for-stm32.13.3.rel1.macos64_1.0.0.202411102158/tools/bin/../lib/gcc/arm-none-eabi/13.3.1/thumb/v7e-m+fp/hard/libgcc.a(_arm_cmpdf2.o)
                0x08000a1c                __gedf2
                0x08000a1c                __gtdf2
                0x08000a24                __ledf2
                0x08000a24                __ltdf2
                0x08000a2c                __cmpdf2
                0x08000a2c                __eqdf2
                0x08000a2c                __nedf2
                0x08000aa8                __aeabi_cdrcmple
                0x08000ab8                __aeabi_cdcmple
                0x08000ab8                __aeabi_cdcmpeq
                0x08000ac8                __aeabi_dcmpeq
                0x08000adc                __aeabi_dcmplt
                0x08000af0                __aeabi_dcmple
                0x08000b04                __aeabi_dcmpge
                0x08000b18                __aeabi_dcmpgt
 .text          0x08000b2c       0x2c /Applications/STM32CubeIDE.app/Contents/Eclipse/plugins/com.st.stm32cube.ide.mcu.externaltools.gnu-tools-for-stm32.13.3.rel1.macos64_1.0.0.202411102158/tools/bin/../lib/gcc/arm-none-eabi/13.3.1/thumb/v7e-m+fp/hard/libgcc.a(_arm_unorddf2.o)
                0x08000b2c                __aeabi_dcmpun
                0x08000b2c                __unorddf2
 .text          0x08000b58       0x50 /Applications/STM32CubeIDE.app/Contents/Eclipse/plugins/com.st.stm32cube.ide.mcu.externaltools.gnu-tools-for-stm32.13.3.rel1.macos64_1.0.0.202411102158/tools/bin/../lib/gcc/arm-none-eabi/13.3.1/thumb/v7e-m+fp/hard/libgcc.a(_arm_fixdfsi.o)
                0x08000b58                __fixdfsi
                0x08000b58                __aeabi_d2iz
 .text          0x08000ba8       0xa0 /Applications/STM32CubeIDE.app/Contents/Eclipse/plugins/com.st.stm32cube.ide.mcu.externaltools.gnu-tools-for-stm32.13.3.rel1.macos64_1.0.0.202411102158/tools/bin/../lib/gcc/arm-none-eabi/13.3.1/thumb/v7e-m+fp/hard/libgcc.a(_arm_truncdfsf2.o)
                0x08000ba8                __aeabi_d2f
                0x08000ba8                __truncdfsf2
 .text          0x08000c48       0x30 /Applications/STM32CubeIDE.app/Contents/Eclipse/plugins/com.st.stm32cube.ide.mcu.externaltools.gnu-tools-for-stm32.13.3.rel1.macos64_1.0.0.202411102158/tools/bin/../lib/gcc/arm-none-eabi/13.3.1/thumb/v7e-m+fp/hard/libgcc.a(_aeabi_uldivmod.o)
                0x08000c48                __aeabi_uldivmod
 .text          0x08000c78       0x40 /Applications/STM32CubeIDE.app/Contents/Eclipse/plugins/com.st.stm32cube.ide.mcu.externaltools.gnu-tools-for-stm32.13.3.rel1.macos64_1.0.0.202411102158/tools/bin/../lib/gcc/arm-none-eabi/13.3.1/thumb/v7e-m+fp/hard/libgcc.a(_fixunssfdi.o)
                0x08000c78                __aeabi_f2ulz
                0x08000c78                __fixunssfdi
 .text          0x08000cb8      0x2f8 /Applications/STM32CubeIDE.app/Contents/Eclipse/plugins/com.st.stm32cube.ide.mcu.externaltools.gnu-tools-for-stm32.13.3.rel1.macos64_1.0.0.202411102158/tools/bin/../lib/gcc/arm-none-eabi/13.3.1/thumb/v7e-m+fp/hard/libgcc.a(_udivmoddi4.o)
                0x08000cb8                __udivmoddi4
 .text          0x08000fb0        0x4 /Applications/STM32CubeIDE.app/Contents/Eclipse/plugins/com.st.stm32cube.ide.mcu.externaltools.gnu-tools-for-stm32.13.3.rel1.macos64_1.0.0.202411102158/tools/bin/../lib/gcc/arm-none-eabi/13.3.1/thumb/v7e-m+fp/hard/libgcc.a(_dvmd_tls.o)
                0x08000fb0                __aeabi_ldiv0
                0x08000fb0                __aeabi_idiv0
 .text          0x08000fb4       0x40 /Applications/STM32CubeIDE.app/Contents/Eclipse/plugins/com.st.stm32cube.ide.mcu.externaltools.gnu-tools-for-stm32.13.3.rel1.macos64_1.0.0.202411102158/tools/bin/../lib/gcc/arm-none-eabi/13.3.1/thumb/v7e-m+fp/hard/libgcc.a(_arm_fixunsdfsi.o)
                0x08000fb4                __fixunsdfsi
                0x08000fb4                __aeabi_d2uiz
 *(.text*)
 .text.Pec15_Calc
                0x08000ff4       0x68 ./Core/Src/adbms_driver.o
                0x08000ff4                Pec15_Calc
 .text.Pec10_Calc
                0x0800105c       0xd8 ./Core/Src/adbms_driver.o
                0x0800105c                Pec10_Calc
 *fill*         0x08001134        0x4 
 .text.Set_UnderOver_Voltage_Threshold
                0x08001138       0x80 ./Core/Src/adbms_driver.o
                0x08001138                Set_UnderOver_Voltage_Threshold
 .text.ADBMS_getVoltage
                0x080011b8       0x48 ./Core/Src/adbms_driver.o
                0x080011b8                ADBMS_getVoltage
 .text.ADBMS_Set_Config_A
                0x08001200      0x216 ./Core/Src/adbms_driver.o
                0x08001200                ADBMS_Set_Config_A
 .text.ADBMS_Set_Config_B
                0x08001416      0x15e ./Core/Src/adbms_driver.o
                0x08001416                ADBMS_Set_Config_B
 .text.ADBMS_Set_ADCV
                0x08001574       0x84 ./Core/Src/adbms_driver.o
                0x08001574                ADBMS_Set_ADCV
 .text.ADBMS_Set_ADSV
                0x080015f8       0x5e ./Core/Src/adbms_driver.o
                0x080015f8                ADBMS_Set_ADSV
 .text.ADBMS_Set_ADAX
                0x08001656       0x76 ./Core/Src/adbms_driver.o
                0x08001656                ADBMS_Set_ADAX
 .text.ADBMS_WakeUP_ICs
                0x080016cc       0x48 ./Core/Src/adbms_driver.o
                0x080016cc                ADBMS_WakeUP_ICs
 .text.ADBMS_Write_CMD
                0x08001714       0x6c ./Core/Src/adbms_driver.o
                0x08001714                ADBMS_Write_CMD
 .text.ADBMS_Write_Data
                0x08001780      0x120 ./Core/Src/adbms_driver.o
                0x08001780                ADBMS_Write_Data
 .text.ADBMS_Read_Data
                0x080018a0      0x15c ./Core/Src/adbms_driver.o
                0x080018a0                ADBMS_Read_Data
 .text.ADBMS_Initialize
                0x080019fc      0x170 ./Core/Src/adbms_interface.o
                0x080019fc                ADBMS_Initialize
 .text.ADBMS_UpdateVoltages
                0x08001b6c      0x114 ./Core/Src/adbms_interface.o
                0x08001b6c                ADBMS_UpdateVoltages
 .text.ADBMS_UpdateTemps
                0x08001c80       0xf4 ./Core/Src/adbms_interface.o
                0x08001c80                ADBMS_UpdateTemps
 .text.ADBMS_CalculateValues_Voltages
                0x08001d74      0x200 ./Core/Src/adbms_interface.o
                0x08001d74                ADBMS_CalculateValues_Voltages
 *fill*         0x08001f74        0x4 
 .text.ADBMS_CalculateValues_Temps
                0x08001f78      0x270 ./Core/Src/adbms_interface.o
                0x08001f78                ADBMS_CalculateValues_Temps
 .text.UpdateADInternalFault
                0x080021e8       0xe8 ./Core/Src/adbms_interface.o
                0x080021e8                UpdateADInternalFault
 .text.cellBalanceOff
                0x080022d0       0x6c ./Core/Src/adbms_interface.o
                0x080022d0                cellBalanceOff
 .text.UpdateOWCFault
                0x0800233c      0x4fc ./Core/Src/adbms_interface.o
                0x0800233c                UpdateOWCFault
 .text.ADBMS_Print_Vals
                0x08002838      0x240 ./Core/Src/adbms_interface.o
                0x08002838                ADBMS_Print_Vals
 .text.soc_initialize
                0x08002a78      0x29c ./Core/Src/adbms_soc.o
                0x08002a78                soc_initialize
 *fill*         0x08002d14        0x4 
 .text.soc_update
                0x08002d18      0x418 ./Core/Src/adbms_soc.o
                0x08002d18                soc_update
 .text.bms_mainbaord_setup
                0x08003130      0x100 ./Core/Src/bms.o
                0x08003130                bms_mainbaord_setup
 .text.tick_mainboard_timers
                0x08003230       0x18 ./Core/Src/bms.o
                0x08003230                tick_mainboard_timers
 .text.bms_mainboard_loop
                0x08003248       0x10 ./Core/Src/bms.o
                0x08003248                bms_mainboard_loop
 .text.adbms_owc_loop
                0x08003258       0x14 ./Core/Src/bms.o
                0x08003258                adbms_owc_loop
 .text.UpdateValues
                0x0800326c       0xe0 ./Core/Src/bms.o
                0x0800326c                UpdateValues
 .text.CheckFaults
                0x0800334c      0x1c4 ./Core/Src/bms.o
                0x0800334c                CheckFaults
 .text.send_data_over_printf
                0x08003510       0x2c ./Core/Src/bms.o
                0x08003510                send_data_over_printf
 .text.BMS_Initialize_Can
                0x0800353c       0xfc ./Core/Src/bms_can.o
                0x0800353c                BMS_Initialize_Can
 .text.HAL_CAN_RxFifo0MsgPendingCallback
                0x08003638      0x1e4 ./Core/Src/bms_can.o
                0x08003638                HAL_CAN_RxFifo0MsgPendingCallback
 .text.send_can_messages
                0x0800381c       0x32 ./Core/Src/bms_can.o
                0x0800381c                send_can_messages
 *fill*         0x0800384e        0x2 
 .text.drive_can_loop
                0x08003850       0x70 ./Core/Src/bms_can.o
                0x08003850                drive_can_loop
 .text.data_can_loop
                0x080038c0       0xb0 ./Core/Src/bms_can.o
                0x080038c0                data_can_loop
 .text.populateBMS_SOC
                0x08003970      0x108 ./Core/Src/bms_can.o
                0x08003970                populateBMS_SOC
 .text.populateBMS_Faults
                0x08003a78      0x1ec ./Core/Src/bms_can.o
                0x08003a78                populateBMS_Faults
 .text.populateBMS_Status
                0x08003c64      0x168 ./Core/Src/bms_can.o
                0x08003c64                populateBMS_Status
 .text.populateBMS_VoltageMessages
                0x08003dcc      0x100 ./Core/Src/bms_can.o
                0x08003dcc                populateBMS_VoltageMessages
 .text.populateBMS_TemperatureMessages
                0x08003ecc       0xdc ./Core/Src/bms_can.o
                0x08003ecc                populateBMS_TemperatureMessages
 .text.getCurrent
                0x08003fa8       0xe0 ./Core/Src/current_driver.o
                0x08003fa8                getCurrent
 .text.getCurrentOffset
                0x08004088       0x50 ./Core/Src/current_driver.o
                0x08004088                getCurrentOffset
 .text.ITM_SendChar
                0x080040d8       0x4e ./Core/Src/main.o
 .text._write   0x08004126       0x38 ./Core/Src/main.o
                0x08004126                _write
 *fill*         0x0800415e        0x2 
 .text.main     0x08004160       0x68 ./Core/Src/main.o
                0x08004160                main
 .text.SystemClock_Config
                0x080041c8       0xd4 ./Core/Src/main.o
                0x080041c8                SystemClock_Config
 .text.MX_ADC1_Init
                0x0800429c       0xa4 ./Core/Src/main.o
 .text.MX_CAN1_Init
                0x08004340       0xa4 ./Core/Src/main.o
 .text.MX_CAN2_Init
                0x080043e4       0x6c ./Core/Src/main.o
 .text.MX_SPI1_Init
                0x08004450       0x6c ./Core/Src/main.o
 .text.MX_TIM2_Init
                0x080044bc       0x98 ./Core/Src/main.o
 .text.MX_GPIO_Init
                0x08004554      0x14c ./Core/Src/main.o
 .text.Error_Handler
                0x080046a0        0xc ./Core/Src/main.o
                0x080046a0                Error_Handler
 .text.populateRawMessage
                0x080046ac       0x52 ./Core/Src/nfr_can_driver.o
                0x080046ac                populateRawMessage
 .text.generateMask
                0x080046fe       0x6c ./Core/Src/nfr_can_driver.o
                0x080046fe                generateMask
 .text.encodeSignals
                0x0800476a      0x100 ./Core/Src/nfr_can_driver.o
                0x0800476a                encodeSignals
 *fill*         0x0800486a        0x2 
 .text.HAL_MspInit
                0x0800486c       0x50 ./Core/Src/stm32f4xx_hal_msp.o
                0x0800486c                HAL_MspInit
 .text.HAL_ADC_MspInit
                0x080048bc       0x88 ./Core/Src/stm32f4xx_hal_msp.o
                0x080048bc                HAL_ADC_MspInit
 .text.HAL_CAN_MspInit
                0x08004944      0x150 ./Core/Src/stm32f4xx_hal_msp.o
                0x08004944                HAL_CAN_MspInit
 .text.HAL_SPI_MspInit
                0x08004a94       0x90 ./Core/Src/stm32f4xx_hal_msp.o
                0x08004a94                HAL_SPI_MspInit
 .text.HAL_TIM_Base_MspInit
                0x08004b24       0x40 ./Core/Src/stm32f4xx_hal_msp.o
                0x08004b24                HAL_TIM_Base_MspInit
 .text.NMI_Handler
                0x08004b64       0x18 ./Core/Src/stm32f4xx_it.o
                0x08004b64                NMI_Handler
 .text.HardFault_Handler
                0x08004b7c       0x18 ./Core/Src/stm32f4xx_it.o
                0x08004b7c                HardFault_Handler
 .text.MemManage_Handler
                0x08004b94       0x18 ./Core/Src/stm32f4xx_it.o
                0x08004b94                MemManage_Handler
 .text.BusFault_Handler
                0x08004bac       0x18 ./Core/Src/stm32f4xx_it.o
                0x08004bac                BusFault_Handler
 .text.UsageFault_Handler
                0x08004bc4       0x18 ./Core/Src/stm32f4xx_it.o
                0x08004bc4                UsageFault_Handler
 .text.SVC_Handler
                0x08004bdc        0xe ./Core/Src/stm32f4xx_it.o
                0x08004bdc                SVC_Handler
 .text.DebugMon_Handler
                0x08004bea        0xe ./Core/Src/stm32f4xx_it.o
                0x08004bea                DebugMon_Handler
 .text.PendSV_Handler
                0x08004bf8        0xe ./Core/Src/stm32f4xx_it.o
                0x08004bf8                PendSV_Handler
 .text.SysTick_Handler
                0x08004c06        0xc ./Core/Src/stm32f4xx_it.o
                0x08004c06                SysTick_Handler
 *fill*         0x08004c12        0x2 
 .text.CAN1_RX0_IRQHandler
                0x08004c14       0x14 ./Core/Src/stm32f4xx_it.o
                0x08004c14                CAN1_RX0_IRQHandler
 .text.OTG_FS_IRQHandler
                0x08004c28       0x14 ./Core/Src/stm32f4xx_it.o
                0x08004c28                OTG_FS_IRQHandler
 .text._getpid  0x08004c3c       0x10 ./Core/Src/syscalls.o
                0x08004c3c                _getpid
 .text._kill    0x08004c4c       0x20 ./Core/Src/syscalls.o
                0x08004c4c                _kill
 .text._exit    0x08004c6c       0x16 ./Core/Src/syscalls.o
                0x08004c6c                _exit
 .text._read    0x08004c82       0x3a ./Core/Src/syscalls.o
                0x08004c82                _read
 .text._close   0x08004cbc       0x18 ./Core/Src/syscalls.o
                0x08004cbc                _close
 .text._fstat   0x08004cd4       0x20 ./Core/Src/syscalls.o
                0x08004cd4                _fstat
 .text._isatty  0x08004cf4       0x16 ./Core/Src/syscalls.o
                0x08004cf4                _isatty
 .text._lseek   0x08004d0a       0x1a ./Core/Src/syscalls.o
                0x08004d0a                _lseek
 .text._sbrk    0x08004d24       0x6c ./Core/Src/sysmem.o
                0x08004d24                _sbrk
 .text.SystemInit
                0x08004d90       0x24 ./Core/Src/system_stm32f4xx.o
                0x08004d90                SystemInit
 *fill*         0x08004db4        0x4 
 .text.getTemp  0x08004db8      0x110 ./Core/Src/thermistor_driver.o
                0x08004db8                getTemp
 .text.CreateTimer
                0x08004ec8       0x36 ./Core/Src/virtual_timer.o
                0x08004ec8                CreateTimer
 .text.CreateTimerGroup
                0x08004efe       0x32 ./Core/Src/virtual_timer.o
                0x08004efe                CreateTimerGroup
 .text.TickTimerGroup
                0x08004f30       0x7a ./Core/Src/virtual_timer.o
                0x08004f30                TickTimerGroup
 *fill*         0x08004faa        0x2 
 .text.Reset_Handler
                0x08004fac       0x50 ./Core/Startup/startup_stm32f405rgtx.o
                0x08004fac                Reset_Handler
 .text.Default_Handler
                0x08004ffc        0x2 ./Core/Startup/startup_stm32f405rgtx.o
                0x08004ffc                DMA1_Stream3_IRQHandler
                0x08004ffc                HASH_RNG_IRQHandler
                0x08004ffc                EXTI2_IRQHandler
                0x08004ffc                TIM8_CC_IRQHandler
                0x08004ffc                TIM1_CC_IRQHandler
                0x08004ffc                DMA2_Stream5_IRQHandler
                0x08004ffc                DMA1_Stream5_IRQHandler
                0x08004ffc                PVD_IRQHandler
                0x08004ffc                SDIO_IRQHandler
                0x08004ffc                TAMP_STAMP_IRQHandler
                0x08004ffc                CAN2_RX1_IRQHandler
                0x08004ffc                EXTI3_IRQHandler
                0x08004ffc                TIM8_TRG_COM_TIM14_IRQHandler
                0x08004ffc                TIM1_UP_TIM10_IRQHandler
                0x08004ffc                TIM8_UP_TIM13_IRQHandler
                0x08004ffc                I2C3_ER_IRQHandler
                0x08004ffc                EXTI0_IRQHandler
                0x08004ffc                I2C2_EV_IRQHandler
                0x08004ffc                DMA1_Stream2_IRQHandler
                0x08004ffc                FPU_IRQHandler
                0x08004ffc                OTG_HS_WKUP_IRQHandler
                0x08004ffc                CAN2_SCE_IRQHandler
                0x08004ffc                DMA2_Stream2_IRQHandler
                0x08004ffc                SPI1_IRQHandler
                0x08004ffc                TIM6_DAC_IRQHandler
                0x08004ffc                TIM1_BRK_TIM9_IRQHandler
                0x08004ffc                CAN2_RX0_IRQHandler
                0x08004ffc                DMA2_Stream3_IRQHandler
                0x08004ffc                USART6_IRQHandler
                0x08004ffc                USART3_IRQHandler
                0x08004ffc                CAN1_RX1_IRQHandler
                0x08004ffc                UART5_IRQHandler
                0x08004ffc                DMA2_Stream0_IRQHandler
                0x08004ffc                TIM4_IRQHandler
                0x08004ffc                I2C1_EV_IRQHandler
                0x08004ffc                DMA1_Stream6_IRQHandler
                0x08004ffc                DMA1_Stream1_IRQHandler
                0x08004ffc                UART4_IRQHandler
                0x08004ffc                TIM3_IRQHandler
                0x08004ffc                RCC_IRQHandler
                0x08004ffc                TIM8_BRK_TIM12_IRQHandler
                0x08004ffc                Default_Handler
                0x08004ffc                EXTI15_10_IRQHandler
                0x08004ffc                ADC_IRQHandler
                0x08004ffc                DMA1_Stream7_IRQHandler
                0x08004ffc                TIM7_IRQHandler
                0x08004ffc                CAN2_TX_IRQHandler
                0x08004ffc                TIM5_IRQHandler
                0x08004ffc                DMA2_Stream7_IRQHandler
                0x08004ffc                I2C3_EV_IRQHandler
                0x08004ffc                EXTI9_5_IRQHandler
                0x08004ffc                RTC_WKUP_IRQHandler
                0x08004ffc                SPI2_IRQHandler
                0x08004ffc                OTG_HS_EP1_IN_IRQHandler
                0x08004ffc                DMA1_Stream0_IRQHandler
                0x08004ffc                CAN1_TX_IRQHandler
                0x08004ffc                EXTI4_IRQHandler
                0x08004ffc                FSMC_IRQHandler
                0x08004ffc                OTG_HS_EP1_OUT_IRQHandler
                0x08004ffc                WWDG_IRQHandler
                0x08004ffc                TIM2_IRQHandler
                0x08004ffc                OTG_FS_WKUP_IRQHandler
                0x08004ffc                TIM1_TRG_COM_TIM11_IRQHandler
                0x08004ffc                OTG_HS_IRQHandler
                0x08004ffc                EXTI1_IRQHandler
                0x08004ffc                USART2_IRQHandler
                0x08004ffc                I2C2_ER_IRQHandler
                0x08004ffc                DMA2_Stream1_IRQHandler
                0x08004ffc                CAN1_SCE_IRQHandler
                0x08004ffc                FLASH_IRQHandler
                0x08004ffc                DMA2_Stream4_IRQHandler
                0x08004ffc                USART1_IRQHandler
                0x08004ffc                SPI3_IRQHandler
                0x08004ffc                DMA1_Stream4_IRQHandler
                0x08004ffc                I2C1_ER_IRQHandler
                0x08004ffc                DMA2_Stream6_IRQHandler
                0x08004ffc                RTC_Alarm_IRQHandler
 *fill*         0x08004ffe        0x2 
 .text.HAL_Init
                0x08005000       0x44 ./Drivers/STM32F4xx_HAL_Driver/Src/stm32f4xx_hal.o
                0x08005000                HAL_Init
 .text.HAL_InitTick
                0x08005044       0x60 ./Drivers/STM32F4xx_HAL_Driver/Src/stm32f4xx_hal.o
                0x08005044                HAL_InitTick
 .text.HAL_IncTick
                0x080050a4       0x28 ./Drivers/STM32F4xx_HAL_Driver/Src/stm32f4xx_hal.o
                0x080050a4                HAL_IncTick
 .text.HAL_GetTick
                0x080050cc       0x18 ./Drivers/STM32F4xx_HAL_Driver/Src/stm32f4xx_hal.o
                0x080050cc                HAL_GetTick
 .text.HAL_Delay
                0x080050e4       0x48 ./Drivers/STM32F4xx_HAL_Driver/Src/stm32f4xx_hal.o
                0x080050e4                HAL_Delay
 .text.HAL_ADC_Init
                0x0800512c       0x86 ./Drivers/STM32F4xx_HAL_Driver/Src/stm32f4xx_hal_adc.o
                0x0800512c                HAL_ADC_Init
 *fill*         0x080051b2        0x2 
 .text.HAL_ADC_Start
                0x080051b4      0x1a4 ./Drivers/STM32F4xx_HAL_Driver/Src/stm32f4xx_hal_adc.o
                0x080051b4                HAL_ADC_Start
 .text.HAL_ADC_Stop
                0x08005358       0x66 ./Drivers/STM32F4xx_HAL_Driver/Src/stm32f4xx_hal_adc.o
                0x08005358                HAL_ADC_Stop
 .text.HAL_ADC_PollForConversion
                0x080053be      0x116 ./Drivers/STM32F4xx_HAL_Driver/Src/stm32f4xx_hal_adc.o
                0x080053be                HAL_ADC_PollForConversion
 .text.HAL_ADC_GetValue
                0x080054d4       0x1a ./Drivers/STM32F4xx_HAL_Driver/Src/stm32f4xx_hal_adc.o
                0x080054d4                HAL_ADC_GetValue
 *fill*         0x080054ee        0x2 
 .text.HAL_ADC_ConfigChannel
                0x080054f0      0x244 ./Drivers/STM32F4xx_HAL_Driver/Src/stm32f4xx_hal_adc.o
                0x080054f0                HAL_ADC_ConfigChannel
 .text.ADC_Init
                0x08005734      0x1f8 ./Drivers/STM32F4xx_HAL_Driver/Src/stm32f4xx_hal_adc.o
 .text.HAL_CAN_Init
                0x0800592c      0x1f6 ./Drivers/STM32F4xx_HAL_Driver/Src/stm32f4xx_hal_can.o
                0x0800592c                HAL_CAN_Init
 *fill*         0x08005b22        0x2 
 .text.HAL_CAN_ConfigFilter
                0x08005b24      0x1c0 ./Drivers/STM32F4xx_HAL_Driver/Src/stm32f4xx_hal_can.o
                0x08005b24                HAL_CAN_ConfigFilter
 .text.HAL_CAN_Start
                0x08005ce4       0x88 ./Drivers/STM32F4xx_HAL_Driver/Src/stm32f4xx_hal_can.o
                0x08005ce4                HAL_CAN_Start
 .text.HAL_CAN_AddTxMessage
                0x08005d6c      0x1a0 ./Drivers/STM32F4xx_HAL_Driver/Src/stm32f4xx_hal_can.o
                0x08005d6c                HAL_CAN_AddTxMessage
 .text.HAL_CAN_GetRxMessage
                0x08005f0c      0x244 ./Drivers/STM32F4xx_HAL_Driver/Src/stm32f4xx_hal_can.o
                0x08005f0c                HAL_CAN_GetRxMessage
 .text.HAL_CAN_ActivateNotification
                0x08006150       0x4c ./Drivers/STM32F4xx_HAL_Driver/Src/stm32f4xx_hal_can.o
                0x08006150                HAL_CAN_ActivateNotification
 .text.HAL_CAN_IRQHandler
                0x0800619c      0x36e ./Drivers/STM32F4xx_HAL_Driver/Src/stm32f4xx_hal_can.o
                0x0800619c                HAL_CAN_IRQHandler
 .text.HAL_CAN_TxMailbox0CompleteCallback
                0x0800650a       0x14 ./Drivers/STM32F4xx_HAL_Driver/Src/stm32f4xx_hal_can.o
                0x0800650a                HAL_CAN_TxMailbox0CompleteCallback
 .text.HAL_CAN_TxMailbox1CompleteCallback
                0x0800651e       0x14 ./Drivers/STM32F4xx_HAL_Driver/Src/stm32f4xx_hal_can.o
                0x0800651e                HAL_CAN_TxMailbox1CompleteCallback
 .text.HAL_CAN_TxMailbox2CompleteCallback
                0x08006532       0x14 ./Drivers/STM32F4xx_HAL_Driver/Src/stm32f4xx_hal_can.o
                0x08006532                HAL_CAN_TxMailbox2CompleteCallback
 .text.HAL_CAN_TxMailbox0AbortCallback
                0x08006546       0x14 ./Drivers/STM32F4xx_HAL_Driver/Src/stm32f4xx_hal_can.o
                0x08006546                HAL_CAN_TxMailbox0AbortCallback
 .text.HAL_CAN_TxMailbox1AbortCallback
                0x0800655a       0x14 ./Drivers/STM32F4xx_HAL_Driver/Src/stm32f4xx_hal_can.o
                0x0800655a                HAL_CAN_TxMailbox1AbortCallback
 .text.HAL_CAN_TxMailbox2AbortCallback
                0x0800656e       0x14 ./Drivers/STM32F4xx_HAL_Driver/Src/stm32f4xx_hal_can.o
                0x0800656e                HAL_CAN_TxMailbox2AbortCallback
 .text.HAL_CAN_RxFifo0FullCallback
                0x08006582       0x14 ./Drivers/STM32F4xx_HAL_Driver/Src/stm32f4xx_hal_can.o
                0x08006582                HAL_CAN_RxFifo0FullCallback
 .text.HAL_CAN_RxFifo1MsgPendingCallback
                0x08006596       0x14 ./Drivers/STM32F4xx_HAL_Driver/Src/stm32f4xx_hal_can.o
                0x08006596                HAL_CAN_RxFifo1MsgPendingCallback
 .text.HAL_CAN_RxFifo1FullCallback
                0x080065aa       0x14 ./Drivers/STM32F4xx_HAL_Driver/Src/stm32f4xx_hal_can.o
                0x080065aa                HAL_CAN_RxFifo1FullCallback
 .text.HAL_CAN_SleepCallback
                0x080065be       0x14 ./Drivers/STM32F4xx_HAL_Driver/Src/stm32f4xx_hal_can.o
                0x080065be                HAL_CAN_SleepCallback
 .text.HAL_CAN_WakeUpFromRxMsgCallback
                0x080065d2       0x14 ./Drivers/STM32F4xx_HAL_Driver/Src/stm32f4xx_hal_can.o
                0x080065d2                HAL_CAN_WakeUpFromRxMsgCallback
 .text.HAL_CAN_ErrorCallback
                0x080065e6       0x14 ./Drivers/STM32F4xx_HAL_Driver/Src/stm32f4xx_hal_can.o
                0x080065e6                HAL_CAN_ErrorCallback
 *fill*         0x080065fa        0x2 
 .text.__NVIC_SetPriorityGrouping
                0x080065fc       0x48 ./Drivers/STM32F4xx_HAL_Driver/Src/stm32f4xx_hal_cortex.o
 .text.__NVIC_GetPriorityGrouping
                0x08006644       0x1c ./Drivers/STM32F4xx_HAL_Driver/Src/stm32f4xx_hal_cortex.o
 .text.__NVIC_EnableIRQ
                0x08006660       0x3c ./Drivers/STM32F4xx_HAL_Driver/Src/stm32f4xx_hal_cortex.o
 .text.__NVIC_SetPriority
                0x0800669c       0x54 ./Drivers/STM32F4xx_HAL_Driver/Src/stm32f4xx_hal_cortex.o
 .text.NVIC_EncodePriority
                0x080066f0       0x66 ./Drivers/STM32F4xx_HAL_Driver/Src/stm32f4xx_hal_cortex.o
 *fill*         0x08006756        0x2 
 .text.SysTick_Config
                0x08006758       0x44 ./Drivers/STM32F4xx_HAL_Driver/Src/stm32f4xx_hal_cortex.o
 .text.HAL_NVIC_SetPriorityGrouping
                0x0800679c       0x16 ./Drivers/STM32F4xx_HAL_Driver/Src/stm32f4xx_hal_cortex.o
                0x0800679c                HAL_NVIC_SetPriorityGrouping
 .text.HAL_NVIC_SetPriority
                0x080067b2       0x38 ./Drivers/STM32F4xx_HAL_Driver/Src/stm32f4xx_hal_cortex.o
                0x080067b2                HAL_NVIC_SetPriority
 .text.HAL_NVIC_EnableIRQ
                0x080067ea       0x1c ./Drivers/STM32F4xx_HAL_Driver/Src/stm32f4xx_hal_cortex.o
                0x080067ea                HAL_NVIC_EnableIRQ
 .text.HAL_SYSTICK_Config
                0x08006806       0x18 ./Drivers/STM32F4xx_HAL_Driver/Src/stm32f4xx_hal_cortex.o
                0x08006806                HAL_SYSTICK_Config
 *fill*         0x0800681e        0x2 
 .text.HAL_GPIO_Init
                0x08006820      0x338 ./Drivers/STM32F4xx_HAL_Driver/Src/stm32f4xx_hal_gpio.o
                0x08006820                HAL_GPIO_Init
 .text.HAL_GPIO_ReadPin
                0x08006b58       0x30 ./Drivers/STM32F4xx_HAL_Driver/Src/stm32f4xx_hal_gpio.o
                0x08006b58                HAL_GPIO_ReadPin
 .text.HAL_GPIO_WritePin
                0x08006b88       0x32 ./Drivers/STM32F4xx_HAL_Driver/Src/stm32f4xx_hal_gpio.o
                0x08006b88                HAL_GPIO_WritePin
 .text.HAL_PCD_Init
                0x08006bba      0x21e ./Drivers/STM32F4xx_HAL_Driver/Src/stm32f4xx_hal_pcd.o
                0x08006bba                HAL_PCD_Init
 .text.HAL_PCD_Start
                0x08006dd8       0x6a ./Drivers/STM32F4xx_HAL_Driver/Src/stm32f4xx_hal_pcd.o
                0x08006dd8                HAL_PCD_Start
 .text.HAL_PCD_IRQHandler
                0x08006e42      0x942 ./Drivers/STM32F4xx_HAL_Driver/Src/stm32f4xx_hal_pcd.o
                0x08006e42                HAL_PCD_IRQHandler
 .text.HAL_PCD_SetAddress
                0x08007784       0x48 ./Drivers/STM32F4xx_HAL_Driver/Src/stm32f4xx_hal_pcd.o
                0x08007784                HAL_PCD_SetAddress
 .text.HAL_PCD_EP_Open
                0x080077cc       0xd4 ./Drivers/STM32F4xx_HAL_Driver/Src/stm32f4xx_hal_pcd.o
                0x080077cc                HAL_PCD_EP_Open
 .text.HAL_PCD_EP_Close
                0x080078a0       0x94 ./Drivers/STM32F4xx_HAL_Driver/Src/stm32f4xx_hal_pcd.o
                0x080078a0                HAL_PCD_EP_Close
 .text.HAL_PCD_EP_Receive
                0x08007934       0x76 ./Drivers/STM32F4xx_HAL_Driver/Src/stm32f4xx_hal_pcd.o
                0x08007934                HAL_PCD_EP_Receive
 .text.HAL_PCD_EP_GetRxCount
                0x080079aa       0x30 ./Drivers/STM32F4xx_HAL_Driver/Src/stm32f4xx_hal_pcd.o
                0x080079aa                HAL_PCD_EP_GetRxCount
 .text.HAL_PCD_EP_Transmit
                0x080079da       0x74 ./Drivers/STM32F4xx_HAL_Driver/Src/stm32f4xx_hal_pcd.o
                0x080079da                HAL_PCD_EP_Transmit
 .text.HAL_PCD_EP_SetStall
                0x08007a4e       0xc6 ./Drivers/STM32F4xx_HAL_Driver/Src/stm32f4xx_hal_pcd.o
                0x08007a4e                HAL_PCD_EP_SetStall
 .text.HAL_PCD_EP_ClrStall
                0x08007b14       0xac ./Drivers/STM32F4xx_HAL_Driver/Src/stm32f4xx_hal_pcd.o
                0x08007b14                HAL_PCD_EP_ClrStall
 .text.HAL_PCD_EP_Abort
                0x08007bc0       0x62 ./Drivers/STM32F4xx_HAL_Driver/Src/stm32f4xx_hal_pcd.o
                0x08007bc0                HAL_PCD_EP_Abort
 .text.PCD_WriteEmptyTxFifo
                0x08007c22      0x118 ./Drivers/STM32F4xx_HAL_Driver/Src/stm32f4xx_hal_pcd.o
 *fill*         0x08007d3a        0x2 
 .text.PCD_EP_OutXfrComplete_int
                0x08007d3c      0x1d0 ./Drivers/STM32F4xx_HAL_Driver/Src/stm32f4xx_hal_pcd.o
 .text.PCD_EP_OutSetupPacket_int
                0x08007f0c       0x8c ./Drivers/STM32F4xx_HAL_Driver/Src/stm32f4xx_hal_pcd.o
 .text.HAL_PCDEx_SetTxFiFo
                0x08007f98       0x8e ./Drivers/STM32F4xx_HAL_Driver/Src/stm32f4xx_hal_pcd_ex.o
                0x08007f98                HAL_PCDEx_SetTxFiFo
 .text.HAL_PCDEx_SetRxFiFo
                0x08008026       0x22 ./Drivers/STM32F4xx_HAL_Driver/Src/stm32f4xx_hal_pcd_ex.o
                0x08008026                HAL_PCDEx_SetRxFiFo
 .text.HAL_PCDEx_LPM_Callback
                0x08008048       0x18 ./Drivers/STM32F4xx_HAL_Driver/Src/stm32f4xx_hal_pcd_ex.o
                0x08008048                HAL_PCDEx_LPM_Callback
 .text.HAL_RCC_OscConfig
                0x08008060      0x4f0 ./Drivers/STM32F4xx_HAL_Driver/Src/stm32f4xx_hal_rcc.o
                0x08008060                HAL_RCC_OscConfig
 .text.HAL_RCC_ClockConfig
                0x08008550      0x1cc ./Drivers/STM32F4xx_HAL_Driver/Src/stm32f4xx_hal_rcc.o
                0x08008550                HAL_RCC_ClockConfig
 .text.HAL_RCC_GetSysClockFreq
                0x0800871c      0x20c ./Drivers/STM32F4xx_HAL_Driver/Src/stm32f4xx_hal_rcc.o
                0x0800871c                HAL_RCC_GetSysClockFreq
 .text.HAL_RCC_GetHCLKFreq
                0x08008928       0x18 ./Drivers/STM32F4xx_HAL_Driver/Src/stm32f4xx_hal_rcc.o
                0x08008928                HAL_RCC_GetHCLKFreq
 .text.HAL_SPI_Init
                0x08008940      0x112 ./Drivers/STM32F4xx_HAL_Driver/Src/stm32f4xx_hal_spi.o
                0x08008940                HAL_SPI_Init
 .text.HAL_SPI_Transmit
                0x08008a52      0x288 ./Drivers/STM32F4xx_HAL_Driver/Src/stm32f4xx_hal_spi.o
                0x08008a52                HAL_SPI_Transmit
 .text.HAL_SPI_TransmitReceive
                0x08008cda      0x352 ./Drivers/STM32F4xx_HAL_Driver/Src/stm32f4xx_hal_spi.o
                0x08008cda                HAL_SPI_TransmitReceive
 .text.SPI_WaitFlagStateUntilTimeout
                0x0800902c      0x110 ./Drivers/STM32F4xx_HAL_Driver/Src/stm32f4xx_hal_spi.o
 .text.SPI_EndRxTxTransaction
                0x0800913c       0xa8 ./Drivers/STM32F4xx_HAL_Driver/Src/stm32f4xx_hal_spi.o
 .text.HAL_TIM_Base_Init
                0x080091e4       0x9e ./Drivers/STM32F4xx_HAL_Driver/Src/stm32f4xx_hal_tim.o
                0x080091e4                HAL_TIM_Base_Init
 .text.HAL_TIM_ConfigClockSource
                0x08009282      0x18e ./Drivers/STM32F4xx_HAL_Driver/Src/stm32f4xx_hal_tim.o
                0x08009282                HAL_TIM_ConfigClockSource
 .text.TIM_Base_SetConfig
                0x08009410      0x158 ./Drivers/STM32F4xx_HAL_Driver/Src/stm32f4xx_hal_tim.o
                0x08009410                TIM_Base_SetConfig
 .text.TIM_TI1_ConfigInputStage
                0x08009568       0x5e ./Drivers/STM32F4xx_HAL_Driver/Src/stm32f4xx_hal_tim.o
 .text.TIM_TI2_ConfigInputStage
                0x080095c6       0x60 ./Drivers/STM32F4xx_HAL_Driver/Src/stm32f4xx_hal_tim.o
 .text.TIM_ITRx_SetConfig
                0x08009626       0x36 ./Drivers/STM32F4xx_HAL_Driver/Src/stm32f4xx_hal_tim.o
 .text.TIM_ETR_SetConfig
                0x0800965c       0x40 ./Drivers/STM32F4xx_HAL_Driver/Src/stm32f4xx_hal_tim.o
                0x0800965c                TIM_ETR_SetConfig
 .text.HAL_TIMEx_MasterConfigSynchronization
                0x0800969c       0xf8 ./Drivers/STM32F4xx_HAL_Driver/Src/stm32f4xx_hal_tim_ex.o
                0x0800969c                HAL_TIMEx_MasterConfigSynchronization
 .text.USB_CoreInit
                0x08009794       0xc8 ./Drivers/STM32F4xx_HAL_Driver/Src/stm32f4xx_ll_usb.o
                0x08009794                USB_CoreInit
 .text.USB_SetTurnaroundTime
                0x0800985c      0x144 ./Drivers/STM32F4xx_HAL_Driver/Src/stm32f4xx_ll_usb.o
                0x0800985c                USB_SetTurnaroundTime
 .text.USB_EnableGlobalInt
                0x080099a0       0x22 ./Drivers/STM32F4xx_HAL_Driver/Src/stm32f4xx_ll_usb.o
                0x080099a0                USB_EnableGlobalInt
 .text.USB_DisableGlobalInt
                0x080099c2       0x22 ./Drivers/STM32F4xx_HAL_Driver/Src/stm32f4xx_ll_usb.o
                0x080099c2                USB_DisableGlobalInt
 .text.USB_SetCurrentMode
                0x080099e4       0x98 ./Drivers/STM32F4xx_HAL_Driver/Src/stm32f4xx_ll_usb.o
                0x080099e4                USB_SetCurrentMode
 .text.USB_DevInit
                0x08009a7c      0x2c8 ./Drivers/STM32F4xx_HAL_Driver/Src/stm32f4xx_ll_usb.o
                0x08009a7c                USB_DevInit
 .text.USB_FlushTxFifo
                0x08009d44       0x64 ./Drivers/STM32F4xx_HAL_Driver/Src/stm32f4xx_ll_usb.o
                0x08009d44                USB_FlushTxFifo
 .text.USB_FlushRxFifo
                0x08009da8       0x5c ./Drivers/STM32F4xx_HAL_Driver/Src/stm32f4xx_ll_usb.o
                0x08009da8                USB_FlushRxFifo
 .text.USB_SetDevSpeed
                0x08009e04       0x32 ./Drivers/STM32F4xx_HAL_Driver/Src/stm32f4xx_ll_usb.o
                0x08009e04                USB_SetDevSpeed
 .text.USB_GetDevSpeed
                0x08009e36       0x4a ./Drivers/STM32F4xx_HAL_Driver/Src/stm32f4xx_ll_usb.o
                0x08009e36                USB_GetDevSpeed
 .text.USB_ActivateEndpoint
                0x08009e80      0x10e ./Drivers/STM32F4xx_HAL_Driver/Src/stm32f4xx_ll_usb.o
                0x08009e80                USB_ActivateEndpoint
 *fill*         0x08009f8e        0x2 
 .text.USB_DeactivateEndpoint
                0x08009f90      0x1b8 ./Drivers/STM32F4xx_HAL_Driver/Src/stm32f4xx_ll_usb.o
                0x08009f90                USB_DeactivateEndpoint
 .text.USB_EPStartXfer
                0x0800a148      0x53c ./Drivers/STM32F4xx_HAL_Driver/Src/stm32f4xx_ll_usb.o
                0x0800a148                USB_EPStartXfer
 .text.USB_EPStopXfer
                0x0800a684      0x154 ./Drivers/STM32F4xx_HAL_Driver/Src/stm32f4xx_ll_usb.o
                0x0800a684                USB_EPStopXfer
 .text.USB_WritePacket
                0x0800a7d8       0x7c ./Drivers/STM32F4xx_HAL_Driver/Src/stm32f4xx_ll_usb.o
                0x0800a7d8                USB_WritePacket
 .text.USB_ReadPacket
                0x0800a854       0xb0 ./Drivers/STM32F4xx_HAL_Driver/Src/stm32f4xx_ll_usb.o
                0x0800a854                USB_ReadPacket
 .text.USB_EPSetStall
                0x0800a904       0xdc ./Drivers/STM32F4xx_HAL_Driver/Src/stm32f4xx_ll_usb.o
                0x0800a904                USB_EPSetStall
 .text.USB_EPClearStall
                0x0800a9e0       0xcc ./Drivers/STM32F4xx_HAL_Driver/Src/stm32f4xx_ll_usb.o
                0x0800a9e0                USB_EPClearStall
 .text.USB_SetDevAddress
                0x0800aaac       0x4c ./Drivers/STM32F4xx_HAL_Driver/Src/stm32f4xx_ll_usb.o
                0x0800aaac                USB_SetDevAddress
 .text.USB_DevConnect
                0x0800aaf8       0x42 ./Drivers/STM32F4xx_HAL_Driver/Src/stm32f4xx_ll_usb.o
                0x0800aaf8                USB_DevConnect
 .text.USB_DevDisconnect
                0x0800ab3a       0x42 ./Drivers/STM32F4xx_HAL_Driver/Src/stm32f4xx_ll_usb.o
                0x0800ab3a                USB_DevDisconnect
 .text.USB_ReadInterrupts
                0x0800ab7c       0x26 ./Drivers/STM32F4xx_HAL_Driver/Src/stm32f4xx_ll_usb.o
                0x0800ab7c                USB_ReadInterrupts
 .text.USB_ReadDevAllOutEpInterrupt
                0x0800aba2       0x34 ./Drivers/STM32F4xx_HAL_Driver/Src/stm32f4xx_ll_usb.o
                0x0800aba2                USB_ReadDevAllOutEpInterrupt
 .text.USB_ReadDevAllInEpInterrupt
                0x0800abd6       0x34 ./Drivers/STM32F4xx_HAL_Driver/Src/stm32f4xx_ll_usb.o
                0x0800abd6                USB_ReadDevAllInEpInterrupt
 .text.USB_ReadDevOutEPInterrupt
                0x0800ac0a       0x3c ./Drivers/STM32F4xx_HAL_Driver/Src/stm32f4xx_ll_usb.o
                0x0800ac0a                USB_ReadDevOutEPInterrupt
 .text.USB_ReadDevInEPInterrupt
                0x0800ac46       0x5c ./Drivers/STM32F4xx_HAL_Driver/Src/stm32f4xx_ll_usb.o
                0x0800ac46                USB_ReadDevInEPInterrupt
 .text.USB_GetMode
                0x0800aca2       0x1c ./Drivers/STM32F4xx_HAL_Driver/Src/stm32f4xx_ll_usb.o
                0x0800aca2                USB_GetMode
 .text.USB_ActivateSetup
                0x0800acbe       0x46 ./Drivers/STM32F4xx_HAL_Driver/Src/stm32f4xx_ll_usb.o
                0x0800acbe                USB_ActivateSetup
 .text.USB_EP0_OutStart
                0x0800ad04       0xbc ./Drivers/STM32F4xx_HAL_Driver/Src/stm32f4xx_ll_usb.o
                0x0800ad04                USB_EP0_OutStart
 .text.USB_CoreReset
                0x0800adc0       0x62 ./Drivers/STM32F4xx_HAL_Driver/Src/stm32f4xx_ll_usb.o
 *fill*         0x0800ae22        0x2 
 .text.USBD_CDC_Init
                0x0800ae24      0x1f0 ./Middlewares/ST/STM32_USB_Device_Library/Class/CDC/Src/usbd_cdc.o
 .text.USBD_CDC_DeInit
                0x0800b014      0x104 ./Middlewares/ST/STM32_USB_Device_Library/Class/CDC/Src/usbd_cdc.o
 .text.USBD_CDC_Setup
                0x0800b118      0x1b8 ./Middlewares/ST/STM32_USB_Device_Library/Class/CDC/Src/usbd_cdc.o
 .text.USBD_CDC_DataIn
                0x0800b2d0       0xfe ./Middlewares/ST/STM32_USB_Device_Library/Class/CDC/Src/usbd_cdc.o
 .text.USBD_CDC_DataOut
                0x0800b3ce       0x70 ./Middlewares/ST/STM32_USB_Device_Library/Class/CDC/Src/usbd_cdc.o
 .text.USBD_CDC_EP0_RxReady
                0x0800b43e       0x74 ./Middlewares/ST/STM32_USB_Device_Library/Class/CDC/Src/usbd_cdc.o
 *fill*         0x0800b4b2        0x2 
 .text.USBD_CDC_GetFSCfgDesc
                0x0800b4b4       0x70 ./Middlewares/ST/STM32_USB_Device_Library/Class/CDC/Src/usbd_cdc.o
 .text.USBD_CDC_GetHSCfgDesc
                0x0800b524       0x70 ./Middlewares/ST/STM32_USB_Device_Library/Class/CDC/Src/usbd_cdc.o
 .text.USBD_CDC_GetOtherSpeedCfgDesc
                0x0800b594       0x70 ./Middlewares/ST/STM32_USB_Device_Library/Class/CDC/Src/usbd_cdc.o
 .text.USBD_CDC_GetDeviceQualifierDescriptor
                0x0800b604       0x20 ./Middlewares/ST/STM32_USB_Device_Library/Class/CDC/Src/usbd_cdc.o
                0x0800b604                USBD_CDC_GetDeviceQualifierDescriptor
 .text.USBD_CDC_RegisterInterface
                0x0800b624       0x34 ./Middlewares/ST/STM32_USB_Device_Library/Class/CDC/Src/usbd_cdc.o
                0x0800b624                USBD_CDC_RegisterInterface
 .text.USBD_CDC_SetTxBuffer
                0x0800b658       0x44 ./Middlewares/ST/STM32_USB_Device_Library/Class/CDC/Src/usbd_cdc.o
                0x0800b658                USBD_CDC_SetTxBuffer
 .text.USBD_CDC_SetRxBuffer
                0x0800b69c       0x3a ./Middlewares/ST/STM32_USB_Device_Library/Class/CDC/Src/usbd_cdc.o
                0x0800b69c                USBD_CDC_SetRxBuffer
 *fill*         0x0800b6d6        0x2 
 .text.USBD_CDC_ReceivePacket
                0x0800b6d8       0x6c ./Middlewares/ST/STM32_USB_Device_Library/Class/CDC/Src/usbd_cdc.o
                0x0800b6d8                USBD_CDC_ReceivePacket
 .text.USBD_Init
                0x0800b744       0x60 ./Middlewares/ST/STM32_USB_Device_Library/Core/Src/usbd_core.o
                0x0800b744                USBD_Init
 .text.USBD_RegisterClass
                0x0800b7a4       0x6c ./Middlewares/ST/STM32_USB_Device_Library/Core/Src/usbd_core.o
                0x0800b7a4                USBD_RegisterClass
 .text.USBD_Start
                0x0800b810       0x18 ./Middlewares/ST/STM32_USB_Device_Library/Core/Src/usbd_core.o
                0x0800b810                USBD_Start
 .text.USBD_RunTestMode
                0x0800b828       0x16 ./Middlewares/ST/STM32_USB_Device_Library/Core/Src/usbd_core.o
                0x0800b828                USBD_RunTestMode
 .text.USBD_SetClassConfig
                0x0800b83e       0x38 ./Middlewares/ST/STM32_USB_Device_Library/Core/Src/usbd_core.o
                0x0800b83e                USBD_SetClassConfig
 .text.USBD_ClrClassConfig
                0x0800b876       0x34 ./Middlewares/ST/STM32_USB_Device_Library/Core/Src/usbd_core.o
                0x0800b876                USBD_ClrClassConfig
 .text.USBD_LL_SetupStage
                0x0800b8aa       0xaa ./Middlewares/ST/STM32_USB_Device_Library/Core/Src/usbd_core.o
                0x0800b8aa                USBD_LL_SetupStage
 .text.USBD_LL_DataOutStage
                0x0800b954      0x166 ./Middlewares/ST/STM32_USB_Device_Library/Core/Src/usbd_core.o
                0x0800b954                USBD_LL_DataOutStage
 .text.USBD_LL_DataInStage
                0x0800baba      0x164 ./Middlewares/ST/STM32_USB_Device_Library/Core/Src/usbd_core.o
                0x0800baba                USBD_LL_DataInStage
 .text.USBD_LL_Reset
                0x0800bc1e       0xa4 ./Middlewares/ST/STM32_USB_Device_Library/Core/Src/usbd_core.o
                0x0800bc1e                USBD_LL_Reset
 .text.USBD_LL_SetSpeed
                0x0800bcc2       0x20 ./Middlewares/ST/STM32_USB_Device_Library/Core/Src/usbd_core.o
                0x0800bcc2                USBD_LL_SetSpeed
 .text.USBD_LL_Suspend
                0x0800bce2       0x38 ./Middlewares/ST/STM32_USB_Device_Library/Core/Src/usbd_core.o
                0x0800bce2                USBD_LL_Suspend
 .text.USBD_LL_Resume
                0x0800bd1a       0x30 ./Middlewares/ST/STM32_USB_Device_Library/Core/Src/usbd_core.o
                0x0800bd1a                USBD_LL_Resume
 .text.USBD_LL_SOF
                0x0800bd4a       0x40 ./Middlewares/ST/STM32_USB_Device_Library/Core/Src/usbd_core.o
                0x0800bd4a                USBD_LL_SOF
 .text.USBD_LL_IsoINIncomplete
                0x0800bd8a       0x64 ./Middlewares/ST/STM32_USB_Device_Library/Core/Src/usbd_core.o
                0x0800bd8a                USBD_LL_IsoINIncomplete
 .text.USBD_LL_IsoOUTIncomplete
                0x0800bdee       0x64 ./Middlewares/ST/STM32_USB_Device_Library/Core/Src/usbd_core.o
                0x0800bdee                USBD_LL_IsoOUTIncomplete
 .text.USBD_LL_DevConnected
                0x0800be52       0x16 ./Middlewares/ST/STM32_USB_Device_Library/Core/Src/usbd_core.o
                0x0800be52                USBD_LL_DevConnected
 .text.USBD_LL_DevDisconnected
                0x0800be68       0x46 ./Middlewares/ST/STM32_USB_Device_Library/Core/Src/usbd_core.o
                0x0800be68                USBD_LL_DevDisconnected
 .text.USBD_CoreFindIF
                0x0800beae       0x1a ./Middlewares/ST/STM32_USB_Device_Library/Core/Src/usbd_core.o
                0x0800beae                USBD_CoreFindIF
 .text.USBD_CoreFindEP
                0x0800bec8       0x1a ./Middlewares/ST/STM32_USB_Device_Library/Core/Src/usbd_core.o
                0x0800bec8                USBD_CoreFindEP
 .text.USBD_GetEpDesc
                0x0800bee2       0x70 ./Middlewares/ST/STM32_USB_Device_Library/Core/Src/usbd_core.o
                0x0800bee2                USBD_GetEpDesc
 .text.USBD_GetNextDesc
                0x0800bf52       0x38 ./Middlewares/ST/STM32_USB_Device_Library/Core/Src/usbd_core.o
                0x0800bf52                USBD_GetNextDesc
 .text.SWAPBYTE
                0x0800bf8a       0x3e ./Middlewares/ST/STM32_USB_Device_Library/Core/Src/usbd_ctlreq.o
 .text.USBD_StdDevReq
                0x0800bfc8       0xe4 ./Middlewares/ST/STM32_USB_Device_Library/Core/Src/usbd_ctlreq.o
                0x0800bfc8                USBD_StdDevReq
 .text.USBD_StdItfReq
                0x0800c0ac       0xd8 ./Middlewares/ST/STM32_USB_Device_Library/Core/Src/usbd_ctlreq.o
                0x0800c0ac                USBD_StdItfReq
 .text.USBD_StdEPReq
                0x0800c184      0x33a ./Middlewares/ST/STM32_USB_Device_Library/Core/Src/usbd_ctlreq.o
                0x0800c184                USBD_StdEPReq
 *fill*         0x0800c4be        0x2 
 .text.USBD_GetDescriptor
                0x0800c4c0      0x2d4 ./Middlewares/ST/STM32_USB_Device_Library/Core/Src/usbd_ctlreq.o
 .text.USBD_SetAddress
                0x0800c794       0x88 ./Middlewares/ST/STM32_USB_Device_Library/Core/Src/usbd_ctlreq.o
 .text.USBD_SetConfig
                0x0800c81c      0x154 ./Middlewares/ST/STM32_USB_Device_Library/Core/Src/usbd_ctlreq.o
 .text.USBD_GetConfig
                0x0800c970       0x6c ./Middlewares/ST/STM32_USB_Device_Library/Core/Src/usbd_ctlreq.o
 .text.USBD_GetStatus
                0x0800c9dc       0x68 ./Middlewares/ST/STM32_USB_Device_Library/Core/Src/usbd_ctlreq.o
 .text.USBD_SetFeature
                0x0800ca44       0x52 ./Middlewares/ST/STM32_USB_Device_Library/Core/Src/usbd_ctlreq.o
 .text.USBD_ClrFeature
                0x0800ca96       0x44 ./Middlewares/ST/STM32_USB_Device_Library/Core/Src/usbd_ctlreq.o
 .text.USBD_ParseSetupRequest
                0x0800cada       0x74 ./Middlewares/ST/STM32_USB_Device_Library/Core/Src/usbd_ctlreq.o
                0x0800cada                USBD_ParseSetupRequest
 .text.USBD_CtlError
                0x0800cb4e       0x22 ./Middlewares/ST/STM32_USB_Device_Library/Core/Src/usbd_ctlreq.o
                0x0800cb4e                USBD_CtlError
 .text.USBD_GetString
                0x0800cb70       0xa4 ./Middlewares/ST/STM32_USB_Device_Library/Core/Src/usbd_ctlreq.o
                0x0800cb70                USBD_GetString
 .text.USBD_GetLen
                0x0800cc14       0x34 ./Middlewares/ST/STM32_USB_Device_Library/Core/Src/usbd_ctlreq.o
 .text.USBD_CtlSendData
                0x0800cc48       0x36 ./Middlewares/ST/STM32_USB_Device_Library/Core/Src/usbd_ioreq.o
                0x0800cc48                USBD_CtlSendData
 .text.USBD_CtlContinueSendData
                0x0800cc7e       0x22 ./Middlewares/ST/STM32_USB_Device_Library/Core/Src/usbd_ioreq.o
                0x0800cc7e                USBD_CtlContinueSendData
 .text.USBD_CtlPrepareRx
                0x0800cca0       0x3a ./Middlewares/ST/STM32_USB_Device_Library/Core/Src/usbd_ioreq.o
                0x0800cca0                USBD_CtlPrepareRx
 .text.USBD_CtlContinueRx
                0x0800ccda       0x22 ./Middlewares/ST/STM32_USB_Device_Library/Core/Src/usbd_ioreq.o
                0x0800ccda                USBD_CtlContinueRx
 .text.USBD_CtlSendStatus
                0x0800ccfc       0x26 ./Middlewares/ST/STM32_USB_Device_Library/Core/Src/usbd_ioreq.o
                0x0800ccfc                USBD_CtlSendStatus
 .text.USBD_CtlReceiveStatus
                0x0800cd22       0x26 ./Middlewares/ST/STM32_USB_Device_Library/Core/Src/usbd_ioreq.o
                0x0800cd22                USBD_CtlReceiveStatus
 .text.MX_USB_DEVICE_Init
                0x0800cd48       0x60 ./USB_DEVICE/App/usb_device.o
                0x0800cd48                MX_USB_DEVICE_Init
 .text.CDC_Init_FS
                0x0800cda8       0x28 ./USB_DEVICE/App/usbd_cdc_if.o
 .text.CDC_DeInit_FS
                0x0800cdd0       0x10 ./USB_DEVICE/App/usbd_cdc_if.o
 .text.CDC_Control_FS
                0x0800cde0       0xbc ./USB_DEVICE/App/usbd_cdc_if.o
 .text.CDC_Receive_FS
                0x0800ce9c       0x28 ./USB_DEVICE/App/usbd_cdc_if.o
 .text.CDC_TransmitCplt_FS
                0x0800cec4       0x22 ./USB_DEVICE/App/usbd_cdc_if.o
 *fill*         0x0800cee6        0x2 
 .text.USBD_FS_DeviceDescriptor
                0x0800cee8       0x24 ./USB_DEVICE/App/usbd_desc.o
                0x0800cee8                USBD_FS_DeviceDescriptor
 .text.USBD_FS_LangIDStrDescriptor
                0x0800cf0c       0x24 ./USB_DEVICE/App/usbd_desc.o
                0x0800cf0c                USBD_FS_LangIDStrDescriptor
 .text.USBD_FS_ProductStrDescriptor
                0x0800cf30       0x3c ./USB_DEVICE/App/usbd_desc.o
                0x0800cf30                USBD_FS_ProductStrDescriptor
 .text.USBD_FS_ManufacturerStrDescriptor
                0x0800cf6c       0x28 ./USB_DEVICE/App/usbd_desc.o
                0x0800cf6c                USBD_FS_ManufacturerStrDescriptor
 .text.USBD_FS_SerialStrDescriptor
                0x0800cf94       0x24 ./USB_DEVICE/App/usbd_desc.o
                0x0800cf94                USBD_FS_SerialStrDescriptor
 .text.USBD_FS_ConfigStrDescriptor
                0x0800cfb8       0x3c ./USB_DEVICE/App/usbd_desc.o
                0x0800cfb8                USBD_FS_ConfigStrDescriptor
 .text.USBD_FS_InterfaceStrDescriptor
                0x0800cff4       0x3c ./USB_DEVICE/App/usbd_desc.o
                0x0800cff4                USBD_FS_InterfaceStrDescriptor
 .text.Get_SerialNum
                0x0800d030       0x58 ./USB_DEVICE/App/usbd_desc.o
 .text.IntToUnicode
                0x0800d088       0x7e ./USB_DEVICE/App/usbd_desc.o
 *fill*         0x0800d106        0x2 
 .text.HAL_PCD_MspInit
                0x0800d108       0xa8 ./USB_DEVICE/Target/usbd_conf.o
                0x0800d108                HAL_PCD_MspInit
 .text.HAL_PCD_SetupStageCallback
                0x0800d1b0       0x24 ./USB_DEVICE/Target/usbd_conf.o
                0x0800d1b0                HAL_PCD_SetupStageCallback
 .text.HAL_PCD_DataOutStageCallback
                0x0800d1d4       0x36 ./USB_DEVICE/Target/usbd_conf.o
                0x0800d1d4                HAL_PCD_DataOutStageCallback
 .text.HAL_PCD_DataInStageCallback
                0x0800d20a       0x34 ./USB_DEVICE/Target/usbd_conf.o
                0x0800d20a                HAL_PCD_DataInStageCallback
 .text.HAL_PCD_SOFCallback
                0x0800d23e       0x1c ./USB_DEVICE/Target/usbd_conf.o
                0x0800d23e                HAL_PCD_SOFCallback
 .text.HAL_PCD_ResetCallback
                0x0800d25a       0x50 ./USB_DEVICE/Target/usbd_conf.o
                0x0800d25a                HAL_PCD_ResetCallback
 *fill*         0x0800d2aa        0x2 
 .text.HAL_PCD_SuspendCallback
                0x0800d2ac       0x4c ./USB_DEVICE/Target/usbd_conf.o
                0x0800d2ac                HAL_PCD_SuspendCallback
 .text.HAL_PCD_ResumeCallback
                0x0800d2f8       0x1c ./USB_DEVICE/Target/usbd_conf.o
                0x0800d2f8                HAL_PCD_ResumeCallback
 .text.HAL_PCD_ISOOUTIncompleteCallback
                0x0800d314       0x24 ./USB_DEVICE/Target/usbd_conf.o
                0x0800d314                HAL_PCD_ISOOUTIncompleteCallback
 .text.HAL_PCD_ISOINIncompleteCallback
                0x0800d338       0x24 ./USB_DEVICE/Target/usbd_conf.o
                0x0800d338                HAL_PCD_ISOINIncompleteCallback
 .text.HAL_PCD_ConnectCallback
                0x0800d35c       0x1c ./USB_DEVICE/Target/usbd_conf.o
                0x0800d35c                HAL_PCD_ConnectCallback
 .text.HAL_PCD_DisconnectCallback
                0x0800d378       0x1c ./USB_DEVICE/Target/usbd_conf.o
                0x0800d378                HAL_PCD_DisconnectCallback
 .text.USBD_LL_Init
                0x0800d394       0x98 ./USB_DEVICE/Target/usbd_conf.o
                0x0800d394                USBD_LL_Init
 .text.USBD_LL_Start
                0x0800d42c       0x36 ./USB_DEVICE/Target/usbd_conf.o
                0x0800d42c                USBD_LL_Start
 .text.USBD_LL_OpenEP
                0x0800d462       0x4c ./USB_DEVICE/Target/usbd_conf.o
                0x0800d462                USBD_LL_OpenEP
 .text.USBD_LL_CloseEP
                0x0800d4ae       0x3e ./USB_DEVICE/Target/usbd_conf.o
                0x0800d4ae                USBD_LL_CloseEP
 .text.USBD_LL_StallEP
                0x0800d4ec       0x3e ./USB_DEVICE/Target/usbd_conf.o
                0x0800d4ec                USBD_LL_StallEP
 .text.USBD_LL_ClearStallEP
                0x0800d52a       0x3e ./USB_DEVICE/Target/usbd_conf.o
                0x0800d52a                USBD_LL_ClearStallEP
 .text.USBD_LL_IsStallEP
                0x0800d568       0x58 ./USB_DEVICE/Target/usbd_conf.o
                0x0800d568                USBD_LL_IsStallEP
 .text.USBD_LL_SetUSBAddress
                0x0800d5c0       0x3e ./USB_DEVICE/Target/usbd_conf.o
                0x0800d5c0                USBD_LL_SetUSBAddress
 .text.USBD_LL_Transmit
                0x0800d5fe       0x42 ./USB_DEVICE/Target/usbd_conf.o
                0x0800d5fe                USBD_LL_Transmit
 .text.USBD_LL_PrepareReceive
                0x0800d640       0x42 ./USB_DEVICE/Target/usbd_conf.o
                0x0800d640                USBD_LL_PrepareReceive
 .text.USBD_LL_GetRxDataSize
                0x0800d682       0x26 ./USB_DEVICE/Target/usbd_conf.o
                0x0800d682                USBD_LL_GetRxDataSize
 .text.USBD_static_malloc
                0x0800d6a8       0x1c ./USB_DEVICE/Target/usbd_conf.o
                0x0800d6a8                USBD_static_malloc
 .text.USBD_static_free
                0x0800d6c4       0x14 ./USB_DEVICE/Target/usbd_conf.o
                0x0800d6c4                USBD_static_free
 .text.USBD_Get_USB_Status
                0x0800d6d8       0x58 ./USB_DEVICE/Target/usbd_conf.o
                0x0800d6d8                USBD_Get_USB_Status
 .text.__cvt    0x0800d730       0xca /Applications/STM32CubeIDE.app/Contents/Eclipse/plugins/com.st.stm32cube.ide.mcu.externaltools.gnu-tools-for-stm32.13.3.rel1.macos64_1.0.0.202411102158/tools/bin/../lib/gcc/arm-none-eabi/13.3.1/../../../../arm-none-eabi/lib/thumb/v7e-m+fp/hard/libc_nano.a(libc_a-nano-vfprintf_float.o)
                0x0800d730                __cvt
 .text.__exponent
                0x0800d7fa       0x74 /Applications/STM32CubeIDE.app/Contents/Eclipse/plugins/com.st.stm32cube.ide.mcu.externaltools.gnu-tools-for-stm32.13.3.rel1.macos64_1.0.0.202411102158/tools/bin/../lib/gcc/arm-none-eabi/13.3.1/../../../../arm-none-eabi/lib/thumb/v7e-m+fp/hard/libc_nano.a(libc_a-nano-vfprintf_float.o)
                0x0800d7fa                __exponent
 *fill*         0x0800d86e        0x2 
 .text._printf_float
                0x0800d870      0x454 /Applications/STM32CubeIDE.app/Contents/Eclipse/plugins/com.st.stm32cube.ide.mcu.externaltools.gnu-tools-for-stm32.13.3.rel1.macos64_1.0.0.202411102158/tools/bin/../lib/gcc/arm-none-eabi/13.3.1/../../../../arm-none-eabi/lib/thumb/v7e-m+fp/hard/libc_nano.a(libc_a-nano-vfprintf_float.o)
                0x0800d870                _printf_float
 .text.malloc   0x0800dcc4       0x10 /Applications/STM32CubeIDE.app/Contents/Eclipse/plugins/com.st.stm32cube.ide.mcu.externaltools.gnu-tools-for-stm32.13.3.rel1.macos64_1.0.0.202411102158/tools/bin/../lib/gcc/arm-none-eabi/13.3.1/../../../../arm-none-eabi/lib/thumb/v7e-m+fp/hard/libc_nano.a(libc_a-malloc.o)
                0x0800dcc4                malloc
 .text.sbrk_aligned
                0x0800dcd4       0x44 /Applications/STM32CubeIDE.app/Contents/Eclipse/plugins/com.st.stm32cube.ide.mcu.externaltools.gnu-tools-for-stm32.13.3.rel1.macos64_1.0.0.202411102158/tools/bin/../lib/gcc/arm-none-eabi/13.3.1/../../../../arm-none-eabi/lib/thumb/v7e-m+fp/hard/libc_nano.a(libc_a-mallocr.o)
 .text._malloc_r
                0x0800dd18      0x100 /Applications/STM32CubeIDE.app/Contents/Eclipse/plugins/com.st.stm32cube.ide.mcu.externaltools.gnu-tools-for-stm32.13.3.rel1.macos64_1.0.0.202411102158/tools/bin/../lib/gcc/arm-none-eabi/13.3.1/../../../../arm-none-eabi/lib/thumb/v7e-m+fp/hard/libc_nano.a(libc_a-mallocr.o)
                0x0800dd18                _malloc_r
 .text._printf_common
                0x0800de18       0xda /Applications/STM32CubeIDE.app/Contents/Eclipse/plugins/com.st.stm32cube.ide.mcu.externaltools.gnu-tools-for-stm32.13.3.rel1.macos64_1.0.0.202411102158/tools/bin/../lib/gcc/arm-none-eabi/13.3.1/../../../../arm-none-eabi/lib/thumb/v7e-m+fp/hard/libc_nano.a(libc_a-nano-vfprintf_i.o)
                0x0800de18                _printf_common
 *fill*         0x0800def2        0x2 
 .text._printf_i
                0x0800def4      0x23c /Applications/STM32CubeIDE.app/Contents/Eclipse/plugins/com.st.stm32cube.ide.mcu.externaltools.gnu-tools-for-stm32.13.3.rel1.macos64_1.0.0.202411102158/tools/bin/../lib/gcc/arm-none-eabi/13.3.1/../../../../arm-none-eabi/lib/thumb/v7e-m+fp/hard/libc_nano.a(libc_a-nano-vfprintf_i.o)
                0x0800def4                _printf_i
 .text.__malloc_lock
                0x0800e130        0xc /Applications/STM32CubeIDE.app/Contents/Eclipse/plugins/com.st.stm32cube.ide.mcu.externaltools.gnu-tools-for-stm32.13.3.rel1.macos64_1.0.0.202411102158/tools/bin/../lib/gcc/arm-none-eabi/13.3.1/../../../../arm-none-eabi/lib/thumb/v7e-m+fp/hard/libc_nano.a(libc_a-mlock.o)
                0x0800e130                __malloc_lock
 .text.__malloc_unlock
                0x0800e13c        0xc /Applications/STM32CubeIDE.app/Contents/Eclipse/plugins/com.st.stm32cube.ide.mcu.externaltools.gnu-tools-for-stm32.13.3.rel1.macos64_1.0.0.202411102158/tools/bin/../lib/gcc/arm-none-eabi/13.3.1/../../../../arm-none-eabi/lib/thumb/v7e-m+fp/hard/libc_nano.a(libc_a-mlock.o)
                0x0800e13c                __malloc_unlock
 .text.std      0x0800e148       0x6c /Applications/STM32CubeIDE.app/Contents/Eclipse/plugins/com.st.stm32cube.ide.mcu.externaltools.gnu-tools-for-stm32.13.3.rel1.macos64_1.0.0.202411102158/tools/bin/../lib/gcc/arm-none-eabi/13.3.1/../../../../arm-none-eabi/lib/thumb/v7e-m+fp/hard/libc_nano.a(libc_a-findfp.o)
 .text.stdio_exit_handler
                0x0800e1b4       0x18 /Applications/STM32CubeIDE.app/Contents/Eclipse/plugins/com.st.stm32cube.ide.mcu.externaltools.gnu-tools-for-stm32.13.3.rel1.macos64_1.0.0.202411102158/tools/bin/../lib/gcc/arm-none-eabi/13.3.1/../../../../arm-none-eabi/lib/thumb/v7e-m+fp/hard/libc_nano.a(libc_a-findfp.o)
 .text.cleanup_stdio
                0x0800e1cc       0x40 /Applications/STM32CubeIDE.app/Contents/Eclipse/plugins/com.st.stm32cube.ide.mcu.externaltools.gnu-tools-for-stm32.13.3.rel1.macos64_1.0.0.202411102158/tools/bin/../lib/gcc/arm-none-eabi/13.3.1/../../../../arm-none-eabi/lib/thumb/v7e-m+fp/hard/libc_nano.a(libc_a-findfp.o)
 .text.global_stdio_init.part.0
                0x0800e20c       0x3c /Applications/STM32CubeIDE.app/Contents/Eclipse/plugins/com.st.stm32cube.ide.mcu.externaltools.gnu-tools-for-stm32.13.3.rel1.macos64_1.0.0.202411102158/tools/bin/../lib/gcc/arm-none-eabi/13.3.1/../../../../arm-none-eabi/lib/thumb/v7e-m+fp/hard/libc_nano.a(libc_a-findfp.o)
 .text.__sfp_lock_acquire
                0x0800e248        0xc /Applications/STM32CubeIDE.app/Contents/Eclipse/plugins/com.st.stm32cube.ide.mcu.externaltools.gnu-tools-for-stm32.13.3.rel1.macos64_1.0.0.202411102158/tools/bin/../lib/gcc/arm-none-eabi/13.3.1/../../../../arm-none-eabi/lib/thumb/v7e-m+fp/hard/libc_nano.a(libc_a-findfp.o)
                0x0800e248                __sfp_lock_acquire
 .text.__sfp_lock_release
                0x0800e254        0xc /Applications/STM32CubeIDE.app/Contents/Eclipse/plugins/com.st.stm32cube.ide.mcu.externaltools.gnu-tools-for-stm32.13.3.rel1.macos64_1.0.0.202411102158/tools/bin/../lib/gcc/arm-none-eabi/13.3.1/../../../../arm-none-eabi/lib/thumb/v7e-m+fp/hard/libc_nano.a(libc_a-findfp.o)
                0x0800e254                __sfp_lock_release
 .text.__sinit  0x0800e260       0x30 /Applications/STM32CubeIDE.app/Contents/Eclipse/plugins/com.st.stm32cube.ide.mcu.externaltools.gnu-tools-for-stm32.13.3.rel1.macos64_1.0.0.202411102158/tools/bin/../lib/gcc/arm-none-eabi/13.3.1/../../../../arm-none-eabi/lib/thumb/v7e-m+fp/hard/libc_nano.a(libc_a-findfp.o)
                0x0800e260                __sinit
 .text._fwalk_sglue
                0x0800e290       0x3c /Applications/STM32CubeIDE.app/Contents/Eclipse/plugins/com.st.stm32cube.ide.mcu.externaltools.gnu-tools-for-stm32.13.3.rel1.macos64_1.0.0.202411102158/tools/bin/../lib/gcc/arm-none-eabi/13.3.1/../../../../arm-none-eabi/lib/thumb/v7e-m+fp/hard/libc_nano.a(libc_a-fwalk.o)
                0x0800e290                _fwalk_sglue
 .text.printf   0x0800e2cc       0x24 /Applications/STM32CubeIDE.app/Contents/Eclipse/plugins/com.st.stm32cube.ide.mcu.externaltools.gnu-tools-for-stm32.13.3.rel1.macos64_1.0.0.202411102158/tools/bin/../lib/gcc/arm-none-eabi/13.3.1/../../../../arm-none-eabi/lib/thumb/v7e-m+fp/hard/libc_nano.a(libc_a-printf.o)
                0x0800e2cc                printf
                0x0800e2cc                iprintf
 .text.putchar  0x0800e2f0       0x10 /Applications/STM32CubeIDE.app/Contents/Eclipse/plugins/com.st.stm32cube.ide.mcu.externaltools.gnu-tools-for-stm32.13.3.rel1.macos64_1.0.0.202411102158/tools/bin/../lib/gcc/arm-none-eabi/13.3.1/../../../../arm-none-eabi/lib/thumb/v7e-m+fp/hard/libc_nano.a(libc_a-putchar.o)
                0x0800e2f0                putchar
 .text._puts_r  0x0800e300       0xaa /Applications/STM32CubeIDE.app/Contents/Eclipse/plugins/com.st.stm32cube.ide.mcu.externaltools.gnu-tools-for-stm32.13.3.rel1.macos64_1.0.0.202411102158/tools/bin/../lib/gcc/arm-none-eabi/13.3.1/../../../../arm-none-eabi/lib/thumb/v7e-m+fp/hard/libc_nano.a(libc_a-puts.o)
                0x0800e300                _puts_r
 *fill*         0x0800e3aa        0x2 
 .text.puts     0x0800e3ac       0x10 /Applications/STM32CubeIDE.app/Contents/Eclipse/plugins/com.st.stm32cube.ide.mcu.externaltools.gnu-tools-for-stm32.13.3.rel1.macos64_1.0.0.202411102158/tools/bin/../lib/gcc/arm-none-eabi/13.3.1/../../../../arm-none-eabi/lib/thumb/v7e-m+fp/hard/libc_nano.a(libc_a-puts.o)
                0x0800e3ac                puts
 .text.memset   0x0800e3bc       0x10 /Applications/STM32CubeIDE.app/Contents/Eclipse/plugins/com.st.stm32cube.ide.mcu.externaltools.gnu-tools-for-stm32.13.3.rel1.macos64_1.0.0.202411102158/tools/bin/../lib/gcc/arm-none-eabi/13.3.1/../../../../arm-none-eabi/lib/thumb/v7e-m+fp/hard/libc_nano.a(libc_a-memset.o)
                0x0800e3bc                memset
 .text._sbrk_r  0x0800e3cc       0x20 /Applications/STM32CubeIDE.app/Contents/Eclipse/plugins/com.st.stm32cube.ide.mcu.externaltools.gnu-tools-for-stm32.13.3.rel1.macos64_1.0.0.202411102158/tools/bin/../lib/gcc/arm-none-eabi/13.3.1/../../../../arm-none-eabi/lib/thumb/v7e-m+fp/hard/libc_nano.a(libc_a-sbrkr.o)
                0x0800e3cc                _sbrk_r
 .text.__errno  0x0800e3ec        0xc /Applications/STM32CubeIDE.app/Contents/Eclipse/plugins/com.st.stm32cube.ide.mcu.externaltools.gnu-tools-for-stm32.13.3.rel1.macos64_1.0.0.202411102158/tools/bin/../lib/gcc/arm-none-eabi/13.3.1/../../../../arm-none-eabi/lib/thumb/v7e-m+fp/hard/libc_nano.a(libc_a-errno.o)
                0x0800e3ec                __errno
 .text.__libc_init_array
                0x0800e3f8       0x48 /Applications/STM32CubeIDE.app/Contents/Eclipse/plugins/com.st.stm32cube.ide.mcu.externaltools.gnu-tools-for-stm32.13.3.rel1.macos64_1.0.0.202411102158/tools/bin/../lib/gcc/arm-none-eabi/13.3.1/../../../../arm-none-eabi/lib/thumb/v7e-m+fp/hard/libc_nano.a(libc_a-init.o)
                0x0800e3f8                __libc_init_array
 .text.__retarget_lock_init_recursive
                0x0800e440        0x2 /Applications/STM32CubeIDE.app/Contents/Eclipse/plugins/com.st.stm32cube.ide.mcu.externaltools.gnu-tools-for-stm32.13.3.rel1.macos64_1.0.0.202411102158/tools/bin/../lib/gcc/arm-none-eabi/13.3.1/../../../../arm-none-eabi/lib/thumb/v7e-m+fp/hard/libc_nano.a(libc_a-lock.o)
                0x0800e440                __retarget_lock_init_recursive
 .text.__retarget_lock_acquire_recursive
                0x0800e442        0x2 /Applications/STM32CubeIDE.app/Contents/Eclipse/plugins/com.st.stm32cube.ide.mcu.externaltools.gnu-tools-for-stm32.13.3.rel1.macos64_1.0.0.202411102158/tools/bin/../lib/gcc/arm-none-eabi/13.3.1/../../../../arm-none-eabi/lib/thumb/v7e-m+fp/hard/libc_nano.a(libc_a-lock.o)
                0x0800e442                __retarget_lock_acquire_recursive
 .text.__retarget_lock_release_recursive
                0x0800e444        0x2 /Applications/STM32CubeIDE.app/Contents/Eclipse/plugins/com.st.stm32cube.ide.mcu.externaltools.gnu-tools-for-stm32.13.3.rel1.macos64_1.0.0.202411102158/tools/bin/../lib/gcc/arm-none-eabi/13.3.1/../../../../arm-none-eabi/lib/thumb/v7e-m+fp/hard/libc_nano.a(libc_a-lock.o)
                0x0800e444                __retarget_lock_release_recursive
 *fill*         0x0800e446        0x2 
 .text._localeconv_r
                0x0800e448        0x8 /Applications/STM32CubeIDE.app/Contents/Eclipse/plugins/com.st.stm32cube.ide.mcu.externaltools.gnu-tools-for-stm32.13.3.rel1.macos64_1.0.0.202411102158/tools/bin/../lib/gcc/arm-none-eabi/13.3.1/../../../../arm-none-eabi/lib/thumb/v7e-m+fp/hard/libc_nano.a(libc_a-localeconv.o)
                0x0800e448                _localeconv_r
 .text.memcpy   0x0800e450       0x1c /Applications/STM32CubeIDE.app/Contents/Eclipse/plugins/com.st.stm32cube.ide.mcu.externaltools.gnu-tools-for-stm32.13.3.rel1.macos64_1.0.0.202411102158/tools/bin/../lib/gcc/arm-none-eabi/13.3.1/../../../../arm-none-eabi/lib/thumb/v7e-m+fp/hard/libc_nano.a(libc_a-memcpy-stub.o)
                0x0800e450                memcpy
 .text.quorem   0x0800e46c      0x110 /Applications/STM32CubeIDE.app/Contents/Eclipse/plugins/com.st.stm32cube.ide.mcu.externaltools.gnu-tools-for-stm32.13.3.rel1.macos64_1.0.0.202411102158/tools/bin/../lib/gcc/arm-none-eabi/13.3.1/../../../../arm-none-eabi/lib/thumb/v7e-m+fp/hard/libc_nano.a(libc_a-dtoa.o)
 *fill*         0x0800e57c        0x4 
 .text._dtoa_r  0x0800e580      0xba0 /Applications/STM32CubeIDE.app/Contents/Eclipse/plugins/com.st.stm32cube.ide.mcu.externaltools.gnu-tools-for-stm32.13.3.rel1.macos64_1.0.0.202411102158/tools/bin/../lib/gcc/arm-none-eabi/13.3.1/../../../../arm-none-eabi/lib/thumb/v7e-m+fp/hard/libc_nano.a(libc_a-dtoa.o)
                0x0800e580                _dtoa_r
 .text._free_r  0x0800f120       0x94 /Applications/STM32CubeIDE.app/Contents/Eclipse/plugins/com.st.stm32cube.ide.mcu.externaltools.gnu-tools-for-stm32.13.3.rel1.macos64_1.0.0.202411102158/tools/bin/../lib/gcc/arm-none-eabi/13.3.1/../../../../arm-none-eabi/lib/thumb/v7e-m+fp/hard/libc_nano.a(libc_a-freer.o)
                0x0800f120                _free_r
 .text.__sfputc_r
                0x0800f1b4       0x2e /Applications/STM32CubeIDE.app/Contents/Eclipse/plugins/com.st.stm32cube.ide.mcu.externaltools.gnu-tools-for-stm32.13.3.rel1.macos64_1.0.0.202411102158/tools/bin/../lib/gcc/arm-none-eabi/13.3.1/../../../../arm-none-eabi/lib/thumb/v7e-m+fp/hard/libc_nano.a(libc_a-nano-vfprintf.o)
 .text.__sfputs_r
                0x0800f1e2       0x24 /Applications/STM32CubeIDE.app/Contents/Eclipse/plugins/com.st.stm32cube.ide.mcu.externaltools.gnu-tools-for-stm32.13.3.rel1.macos64_1.0.0.202411102158/tools/bin/../lib/gcc/arm-none-eabi/13.3.1/../../../../arm-none-eabi/lib/thumb/v7e-m+fp/hard/libc_nano.a(libc_a-nano-vfprintf.o)
                0x0800f1e2                __sfputs_r
 *fill*         0x0800f206        0x2 
 .text._vfprintf_r
                0x0800f208      0x230 /Applications/STM32CubeIDE.app/Contents/Eclipse/plugins/com.st.stm32cube.ide.mcu.externaltools.gnu-tools-for-stm32.13.3.rel1.macos64_1.0.0.202411102158/tools/bin/../lib/gcc/arm-none-eabi/13.3.1/../../../../arm-none-eabi/lib/thumb/v7e-m+fp/hard/libc_nano.a(libc_a-nano-vfprintf.o)
                0x0800f208                _vfiprintf_r
                0x0800f208                _vfprintf_r
 .text.__sflush_r
                0x0800f438      0x108 /Applications/STM32CubeIDE.app/Contents/Eclipse/plugins/com.st.stm32cube.ide.mcu.externaltools.gnu-tools-for-stm32.13.3.rel1.macos64_1.0.0.202411102158/tools/bin/../lib/gcc/arm-none-eabi/13.3.1/../../../../arm-none-eabi/lib/thumb/v7e-m+fp/hard/libc_nano.a(libc_a-fflush.o)
                0x0800f438                __sflush_r
 .text._fflush_r
                0x0800f540       0x50 /Applications/STM32CubeIDE.app/Contents/Eclipse/plugins/com.st.stm32cube.ide.mcu.externaltools.gnu-tools-for-stm32.13.3.rel1.macos64_1.0.0.202411102158/tools/bin/../lib/gcc/arm-none-eabi/13.3.1/../../../../arm-none-eabi/lib/thumb/v7e-m+fp/hard/libc_nano.a(libc_a-fflush.o)
                0x0800f540                _fflush_r
 .text._Balloc  0x0800f590       0x80 /Applications/STM32CubeIDE.app/Contents/Eclipse/plugins/com.st.stm32cube.ide.mcu.externaltools.gnu-tools-for-stm32.13.3.rel1.macos64_1.0.0.202411102158/tools/bin/../lib/gcc/arm-none-eabi/13.3.1/../../../../arm-none-eabi/lib/thumb/v7e-m+fp/hard/libc_nano.a(libc_a-mprec.o)
                0x0800f590                _Balloc
 .text._Bfree   0x0800f610       0x44 /Applications/STM32CubeIDE.app/Contents/Eclipse/plugins/com.st.stm32cube.ide.mcu.externaltools.gnu-tools-for-stm32.13.3.rel1.macos64_1.0.0.202411102158/tools/bin/../lib/gcc/arm-none-eabi/13.3.1/../../../../arm-none-eabi/lib/thumb/v7e-m+fp/hard/libc_nano.a(libc_a-mprec.o)
                0x0800f610                _Bfree
 .text.__multadd
                0x0800f654       0x8c /Applications/STM32CubeIDE.app/Contents/Eclipse/plugins/com.st.stm32cube.ide.mcu.externaltools.gnu-tools-for-stm32.13.3.rel1.macos64_1.0.0.202411102158/tools/bin/../lib/gcc/arm-none-eabi/13.3.1/../../../../arm-none-eabi/lib/thumb/v7e-m+fp/hard/libc_nano.a(libc_a-mprec.o)
                0x0800f654                __multadd
 .text.__hi0bits
                0x0800f6e0       0x3e /Applications/STM32CubeIDE.app/Contents/Eclipse/plugins/com.st.stm32cube.ide.mcu.externaltools.gnu-tools-for-stm32.13.3.rel1.macos64_1.0.0.202411102158/tools/bin/../lib/gcc/arm-none-eabi/13.3.1/../../../../arm-none-eabi/lib/thumb/v7e-m+fp/hard/libc_nano.a(libc_a-mprec.o)
                0x0800f6e0                __hi0bits
 .text.__lo0bits
                0x0800f71e       0x5a /Applications/STM32CubeIDE.app/Contents/Eclipse/plugins/com.st.stm32cube.ide.mcu.externaltools.gnu-tools-for-stm32.13.3.rel1.macos64_1.0.0.202411102158/tools/bin/../lib/gcc/arm-none-eabi/13.3.1/../../../../arm-none-eabi/lib/thumb/v7e-m+fp/hard/libc_nano.a(libc_a-mprec.o)
                0x0800f71e                __lo0bits
 .text.__i2b    0x0800f778       0x2c /Applications/STM32CubeIDE.app/Contents/Eclipse/plugins/com.st.stm32cube.ide.mcu.externaltools.gnu-tools-for-stm32.13.3.rel1.macos64_1.0.0.202411102158/tools/bin/../lib/gcc/arm-none-eabi/13.3.1/../../../../arm-none-eabi/lib/thumb/v7e-m+fp/hard/libc_nano.a(libc_a-mprec.o)
                0x0800f778                __i2b
 .text.__multiply
                0x0800f7a4      0x144 /Applications/STM32CubeIDE.app/Contents/Eclipse/plugins/com.st.stm32cube.ide.mcu.externaltools.gnu-tools-for-stm32.13.3.rel1.macos64_1.0.0.202411102158/tools/bin/../lib/gcc/arm-none-eabi/13.3.1/../../../../arm-none-eabi/lib/thumb/v7e-m+fp/hard/libc_nano.a(libc_a-mprec.o)
                0x0800f7a4                __multiply
 .text.__pow5mult
                0x0800f8e8       0xb4 /Applications/STM32CubeIDE.app/Contents/Eclipse/plugins/com.st.stm32cube.ide.mcu.externaltools.gnu-tools-for-stm32.13.3.rel1.macos64_1.0.0.202411102158/tools/bin/../lib/gcc/arm-none-eabi/13.3.1/../../../../arm-none-eabi/lib/thumb/v7e-m+fp/hard/libc_nano.a(libc_a-mprec.o)
                0x0800f8e8                __pow5mult
 .text.__lshift
                0x0800f99c       0xd8 /Applications/STM32CubeIDE.app/Contents/Eclipse/plugins/com.st.stm32cube.ide.mcu.externaltools.gnu-tools-for-stm32.13.3.rel1.macos64_1.0.0.202411102158/tools/bin/../lib/gcc/arm-none-eabi/13.3.1/../../../../arm-none-eabi/lib/thumb/v7e-m+fp/hard/libc_nano.a(libc_a-mprec.o)
                0x0800f99c                __lshift
 .text.__mcmp   0x0800fa74       0x36 /Applications/STM32CubeIDE.app/Contents/Eclipse/plugins/com.st.stm32cube.ide.mcu.externaltools.gnu-tools-for-stm32.13.3.rel1.macos64_1.0.0.202411102158/tools/bin/../lib/gcc/arm-none-eabi/13.3.1/../../../../arm-none-eabi/lib/thumb/v7e-m+fp/hard/libc_nano.a(libc_a-mprec.o)
                0x0800fa74                __mcmp
 *fill*         0x0800faaa        0x2 
 .text.__mdiff  0x0800faac      0x128 /Applications/STM32CubeIDE.app/Contents/Eclipse/plugins/com.st.stm32cube.ide.mcu.externaltools.gnu-tools-for-stm32.13.3.rel1.macos64_1.0.0.202411102158/tools/bin/../lib/gcc/arm-none-eabi/13.3.1/../../../../arm-none-eabi/lib/thumb/v7e-m+fp/hard/libc_nano.a(libc_a-mprec.o)
                0x0800faac                __mdiff
 .text.__d2b    0x0800fbd4       0xb0 /Applications/STM32CubeIDE.app/Contents/Eclipse/plugins/com.st.stm32cube.ide.mcu.externaltools.gnu-tools-for-stm32.13.3.rel1.macos64_1.0.0.202411102158/tools/bin/../lib/gcc/arm-none-eabi/13.3.1/../../../../arm-none-eabi/lib/thumb/v7e-m+fp/hard/libc_nano.a(libc_a-mprec.o)
                0x0800fbd4                __d2b
 .text.__sread  0x0800fc84       0x22 /Applications/STM32CubeIDE.app/Contents/Eclipse/plugins/com.st.stm32cube.ide.mcu.externaltools.gnu-tools-for-stm32.13.3.rel1.macos64_1.0.0.202411102158/tools/bin/../lib/gcc/arm-none-eabi/13.3.1/../../../../arm-none-eabi/lib/thumb/v7e-m+fp/hard/libc_nano.a(libc_a-stdio.o)
                0x0800fc84                __sread
 .text.__swrite
                0x0800fca6       0x38 /Applications/STM32CubeIDE.app/Contents/Eclipse/plugins/com.st.stm32cube.ide.mcu.externaltools.gnu-tools-for-stm32.13.3.rel1.macos64_1.0.0.202411102158/tools/bin/../lib/gcc/arm-none-eabi/13.3.1/../../../../arm-none-eabi/lib/thumb/v7e-m+fp/hard/libc_nano.a(libc_a-stdio.o)
                0x0800fca6                __swrite
 .text.__sseek  0x0800fcde       0x24 /Applications/STM32CubeIDE.app/Contents/Eclipse/plugins/com.st.stm32cube.ide.mcu.externaltools.gnu-tools-for-stm32.13.3.rel1.macos64_1.0.0.202411102158/tools/bin/../lib/gcc/arm-none-eabi/13.3.1/../../../../arm-none-eabi/lib/thumb/v7e-m+fp/hard/libc_nano.a(libc_a-stdio.o)
                0x0800fcde                __sseek
 .text.__sclose
                0x0800fd02        0x8 /Applications/STM32CubeIDE.app/Contents/Eclipse/plugins/com.st.stm32cube.ide.mcu.externaltools.gnu-tools-for-stm32.13.3.rel1.macos64_1.0.0.202411102158/tools/bin/../lib/gcc/arm-none-eabi/13.3.1/../../../../arm-none-eabi/lib/thumb/v7e-m+fp/hard/libc_nano.a(libc_a-stdio.o)
                0x0800fd02                __sclose
 .text.__swbuf_r
                0x0800fd0a       0x7c /Applications/STM32CubeIDE.app/Contents/Eclipse/plugins/com.st.stm32cube.ide.mcu.externaltools.gnu-tools-for-stm32.13.3.rel1.macos64_1.0.0.202411102158/tools/bin/../lib/gcc/arm-none-eabi/13.3.1/../../../../arm-none-eabi/lib/thumb/v7e-m+fp/hard/libc_nano.a(libc_a-wbuf.o)
                0x0800fd0a                __swbuf_r
 *fill*         0x0800fd86        0x2 
 .text.__swsetup_r
                0x0800fd88       0xac /Applications/STM32CubeIDE.app/Contents/Eclipse/plugins/com.st.stm32cube.ide.mcu.externaltools.gnu-tools-for-stm32.13.3.rel1.macos64_1.0.0.202411102158/tools/bin/../lib/gcc/arm-none-eabi/13.3.1/../../../../arm-none-eabi/lib/thumb/v7e-m+fp/hard/libc_nano.a(libc_a-wsetup.o)
                0x0800fd88                __swsetup_r
 .text.__swhatbuf_r
                0x0800fe34       0x4c /Applications/STM32CubeIDE.app/Contents/Eclipse/plugins/com.st.stm32cube.ide.mcu.externaltools.gnu-tools-for-stm32.13.3.rel1.macos64_1.0.0.202411102158/tools/bin/../lib/gcc/arm-none-eabi/13.3.1/../../../../arm-none-eabi/lib/thumb/v7e-m+fp/hard/libc_nano.a(libc_a-makebuf.o)
                0x0800fe34                __swhatbuf_r
 .text.__smakebuf_r
                0x0800fe80       0x78 /Applications/STM32CubeIDE.app/Contents/Eclipse/plugins/com.st.stm32cube.ide.mcu.externaltools.gnu-tools-for-stm32.13.3.rel1.macos64_1.0.0.202411102158/tools/bin/../lib/gcc/arm-none-eabi/13.3.1/../../../../arm-none-eabi/lib/thumb/v7e-m+fp/hard/libc_nano.a(libc_a-makebuf.o)
                0x0800fe80                __smakebuf_r
 .text._putc_r  0x0800fef8       0x68 /Applications/STM32CubeIDE.app/Contents/Eclipse/plugins/com.st.stm32cube.ide.mcu.externaltools.gnu-tools-for-stm32.13.3.rel1.macos64_1.0.0.202411102158/tools/bin/../lib/gcc/arm-none-eabi/13.3.1/../../../../arm-none-eabi/lib/thumb/v7e-m+fp/hard/libc_nano.a(libc_a-putc.o)
                0x0800fef8                _putc_r
 .text._isatty_r
                0x0800ff60       0x20 /Applications/STM32CubeIDE.app/Contents/Eclipse/plugins/com.st.stm32cube.ide.mcu.externaltools.gnu-tools-for-stm32.13.3.rel1.macos64_1.0.0.202411102158/tools/bin/../lib/gcc/arm-none-eabi/13.3.1/../../../../arm-none-eabi/lib/thumb/v7e-m+fp/hard/libc_nano.a(libc_a-isattyr.o)
                0x0800ff60                _isatty_r
 .text._lseek_r
                0x0800ff80       0x24 /Applications/STM32CubeIDE.app/Contents/Eclipse/plugins/com.st.stm32cube.ide.mcu.externaltools.gnu-tools-for-stm32.13.3.rel1.macos64_1.0.0.202411102158/tools/bin/../lib/gcc/arm-none-eabi/13.3.1/../../../../arm-none-eabi/lib/thumb/v7e-m+fp/hard/libc_nano.a(libc_a-lseekr.o)
                0x0800ff80                _lseek_r
 .text._read_r  0x0800ffa4       0x24 /Applications/STM32CubeIDE.app/Contents/Eclipse/plugins/com.st.stm32cube.ide.mcu.externaltools.gnu-tools-for-stm32.13.3.rel1.macos64_1.0.0.202411102158/tools/bin/../lib/gcc/arm-none-eabi/13.3.1/../../../../arm-none-eabi/lib/thumb/v7e-m+fp/hard/libc_nano.a(libc_a-readr.o)
                0x0800ffa4                _read_r
 .text._write_r
                0x0800ffc8       0x24 /Applications/STM32CubeIDE.app/Contents/Eclipse/plugins/com.st.stm32cube.ide.mcu.externaltools.gnu-tools-for-stm32.13.3.rel1.macos64_1.0.0.202411102158/tools/bin/../lib/gcc/arm-none-eabi/13.3.1/../../../../arm-none-eabi/lib/thumb/v7e-m+fp/hard/libc_nano.a(libc_a-writer.o)
                0x0800ffc8                _write_r
 .text._close_r
                0x0800ffec       0x20 /Applications/STM32CubeIDE.app/Contents/Eclipse/plugins/com.st.stm32cube.ide.mcu.externaltools.gnu-tools-for-stm32.13.3.rel1.macos64_1.0.0.202411102158/tools/bin/../lib/gcc/arm-none-eabi/13.3.1/../../../../arm-none-eabi/lib/thumb/v7e-m+fp/hard/libc_nano.a(libc_a-closer.o)
                0x0800ffec                _close_r
 .text._fstat_r
                0x0801000c       0x24 /Applications/STM32CubeIDE.app/Contents/Eclipse/plugins/com.st.stm32cube.ide.mcu.externaltools.gnu-tools-for-stm32.13.3.rel1.macos64_1.0.0.202411102158/tools/bin/../lib/gcc/arm-none-eabi/13.3.1/../../../../arm-none-eabi/lib/thumb/v7e-m+fp/hard/libc_nano.a(libc_a-fstatr.o)
                0x0801000c                _fstat_r
 .text.__assert_func
                0x08010030       0x3c /Applications/STM32CubeIDE.app/Contents/Eclipse/plugins/com.st.stm32cube.ide.mcu.externaltools.gnu-tools-for-stm32.13.3.rel1.macos64_1.0.0.202411102158/tools/bin/../lib/gcc/arm-none-eabi/13.3.1/../../../../arm-none-eabi/lib/thumb/v7e-m+fp/hard/libc_nano.a(libc_a-assert.o)
                0x08010030                __assert_func
 .text._calloc_r
                0x0801006c       0x28 /Applications/STM32CubeIDE.app/Contents/Eclipse/plugins/com.st.stm32cube.ide.mcu.externaltools.gnu-tools-for-stm32.13.3.rel1.macos64_1.0.0.202411102158/tools/bin/../lib/gcc/arm-none-eabi/13.3.1/../../../../arm-none-eabi/lib/thumb/v7e-m+fp/hard/libc_nano.a(libc_a-callocr.o)
                0x0801006c                _calloc_r
 .text.__ascii_mbtowc
                0x08010094       0x24 /Applications/STM32CubeIDE.app/Contents/Eclipse/plugins/com.st.stm32cube.ide.mcu.externaltools.gnu-tools-for-stm32.13.3.rel1.macos64_1.0.0.202411102158/tools/bin/../lib/gcc/arm-none-eabi/13.3.1/../../../../arm-none-eabi/lib/thumb/v7e-m+fp/hard/libc_nano.a(libc_a-mbtowc_r.o)
                0x08010094                __ascii_mbtowc
 .text.fprintf  0x080100b8       0x24 /Applications/STM32CubeIDE.app/Contents/Eclipse/plugins/com.st.stm32cube.ide.mcu.externaltools.gnu-tools-for-stm32.13.3.rel1.macos64_1.0.0.202411102158/tools/bin/../lib/gcc/arm-none-eabi/13.3.1/../../../../arm-none-eabi/lib/thumb/v7e-m+fp/hard/libc_nano.a(libc_a-fprintf.o)
                0x080100b8                fprintf
                0x080100b8                fiprintf
 .text.__ascii_wctomb
                0x080100dc       0x1a /Applications/STM32CubeIDE.app/Contents/Eclipse/plugins/com.st.stm32cube.ide.mcu.externaltools.gnu-tools-for-stm32.13.3.rel1.macos64_1.0.0.202411102158/tools/bin/../lib/gcc/arm-none-eabi/13.3.1/../../../../arm-none-eabi/lib/thumb/v7e-m+fp/hard/libc_nano.a(libc_a-wctomb_r.o)
                0x080100dc                __ascii_wctomb
 .text.abort    0x080100f6        0xe /Applications/STM32CubeIDE.app/Contents/Eclipse/plugins/com.st.stm32cube.ide.mcu.externaltools.gnu-tools-for-stm32.13.3.rel1.macos64_1.0.0.202411102158/tools/bin/../lib/gcc/arm-none-eabi/13.3.1/../../../../arm-none-eabi/lib/thumb/v7e-m+fp/hard/libc_nano.a(libc_a-abort.o)
                0x080100f6                abort
 .text._raise_r
                0x08010104       0x50 /Applications/STM32CubeIDE.app/Contents/Eclipse/plugins/com.st.stm32cube.ide.mcu.externaltools.gnu-tools-for-stm32.13.3.rel1.macos64_1.0.0.202411102158/tools/bin/../lib/gcc/arm-none-eabi/13.3.1/../../../../arm-none-eabi/lib/thumb/v7e-m+fp/hard/libc_nano.a(libc_a-signal.o)
                0x08010104                _raise_r
 .text.raise    0x08010154       0x10 /Applications/STM32CubeIDE.app/Contents/Eclipse/plugins/com.st.stm32cube.ide.mcu.externaltools.gnu-tools-for-stm32.13.3.rel1.macos64_1.0.0.202411102158/tools/bin/../lib/gcc/arm-none-eabi/13.3.1/../../../../arm-none-eabi/lib/thumb/v7e-m+fp/hard/libc_nano.a(libc_a-signal.o)
                0x08010154                raise
 .text._kill_r  0x08010164       0x24 /Applications/STM32CubeIDE.app/Contents/Eclipse/plugins/com.st.stm32cube.ide.mcu.externaltools.gnu-tools-for-stm32.13.3.rel1.macos64_1.0.0.202411102158/tools/bin/../lib/gcc/arm-none-eabi/13.3.1/../../../../arm-none-eabi/lib/thumb/v7e-m+fp/hard/libc_nano.a(libc_a-signalr.o)
                0x08010164                _kill_r
 .text._getpid_r