Archive member included to satisfy reference by file (symbol)

C:/ST/STM32CubeIDE_1.17.0/STM32CubeIDE/plugins/com.st.stm32cube.ide.mcu.externaltools.gnu-tools-for-stm32.13.3.rel1.win32_1.0.100.202509120712/tools/bin/../lib/gcc/arm-none-eabi/13.3.1/../../../../arm-none-eabi/lib/thumb/v7e-m+dp/hard\libc_nano.a(libc_a-exit.o)
                              C:/ST/STM32CubeIDE_1.17.0/STM32CubeIDE/plugins/com.st.stm32cube.ide.mcu.externaltools.gnu-tools-for-stm32.13.3.rel1.win32_1.0.100.202509120712/tools/bin/../lib/gcc/arm-none-eabi/13.3.1/../../../../arm-none-eabi/lib/thumb/v7e-m+dp/hard/crt0.o (exit)
C:/ST/STM32CubeIDE_1.17.0/STM32CubeIDE/plugins/com.st.stm32cube.ide.mcu.externaltools.gnu-tools-for-stm32.13.3.rel1.win32_1.0.100.202509120712/tools/bin/../lib/gcc/arm-none-eabi/13.3.1/../../../../arm-none-eabi/lib/thumb/v7e-m+dp/hard\libc_nano.a(libc_a-malloc.o)
                              ./Core/Src/virtual_timer.o (malloc)
C:/ST/STM32CubeIDE_1.17.0/STM32CubeIDE/plugins/com.st.stm32cube.ide.mcu.externaltools.gnu-tools-for-stm32.13.3.rel1.win32_1.0.100.202509120712/tools/bin/../lib/gcc/arm-none-eabi/13.3.1/../../../../arm-none-eabi/lib/thumb/v7e-m+dp/hard\libc_nano.a(libc_a-mallocr.o)
                              C:/ST/STM32CubeIDE_1.17.0/STM32CubeIDE/plugins/com.st.stm32cube.ide.mcu.externaltools.gnu-tools-for-stm32.13.3.rel1.win32_1.0.100.202509120712/tools/bin/../lib/gcc/arm-none-eabi/13.3.1/../../../../arm-none-eabi/lib/thumb/v7e-m+dp/hard\libc_nano.a(libc_a-malloc.o) (_malloc_r)
C:/ST/STM32CubeIDE_1.17.0/STM32CubeIDE/plugins/com.st.stm32cube.ide.mcu.externaltools.gnu-tools-for-stm32.13.3.rel1.win32_1.0.100.202509120712/tools/bin/../lib/gcc/arm-none-eabi/13.3.1/../../../../arm-none-eabi/lib/thumb/v7e-m+dp/hard\libc_nano.a(libc_a-mlock.o)
                              C:/ST/STM32CubeIDE_1.17.0/STM32CubeIDE/plugins/com.st.stm32cube.ide.mcu.externaltools.gnu-tools-for-stm32.13.3.rel1.win32_1.0.100.202509120712/tools/bin/../lib/gcc/arm-none-eabi/13.3.1/../../../../arm-none-eabi/lib/thumb/v7e-m+dp/hard\libc_nano.a(libc_a-mallocr.o) (__malloc_lock)
C:/ST/STM32CubeIDE_1.17.0/STM32CubeIDE/plugins/com.st.stm32cube.ide.mcu.externaltools.gnu-tools-for-stm32.13.3.rel1.win32_1.0.100.202509120712/tools/bin/../lib/gcc/arm-none-eabi/13.3.1/../../../../arm-none-eabi/lib/thumb/v7e-m+dp/hard\libc_nano.a(libc_a-findfp.o)
                              C:/ST/STM32CubeIDE_1.17.0/STM32CubeIDE/plugins/com.st.stm32cube.ide.mcu.externaltools.gnu-tools-for-stm32.13.3.rel1.win32_1.0.100.202509120712/tools/bin/../lib/gcc/arm-none-eabi/13.3.1/../../../../arm-none-eabi/lib/thumb/v7e-m+dp/hard\libc_nano.a(libc_a-exit.o) (__stdio_exit_handler)
C:/ST/STM32CubeIDE_1.17.0/STM32CubeIDE/plugins/com.st.stm32cube.ide.mcu.externaltools.gnu-tools-for-stm32.13.3.rel1.win32_1.0.100.202509120712/tools/bin/../lib/gcc/arm-none-eabi/13.3.1/../../../../arm-none-eabi/lib/thumb/v7e-m+dp/hard\libc_nano.a(libc_a-fwalk.o)
                              C:/ST/STM32CubeIDE_1.17.0/STM32CubeIDE/plugins/com.st.stm32cube.ide.mcu.externaltools.gnu-tools-for-stm32.13.3.rel1.win32_1.0.100.202509120712/tools/bin/../lib/gcc/arm-none-eabi/13.3.1/../../../../arm-none-eabi/lib/thumb/v7e-m+dp/hard\libc_nano.a(libc_a-findfp.o) (_fwalk_sglue)
C:/ST/STM32CubeIDE_1.17.0/STM32CubeIDE/plugins/com.st.stm32cube.ide.mcu.externaltools.gnu-tools-for-stm32.13.3.rel1.win32_1.0.100.202509120712/tools/bin/../lib/gcc/arm-none-eabi/13.3.1/../../../../arm-none-eabi/lib/thumb/v7e-m+dp/hard\libc_nano.a(libc_a-printf.o)
                              ./Core/Src/adbms_interface.o (printf)
C:/ST/STM32CubeIDE_1.17.0/STM32CubeIDE/plugins/com.st.stm32cube.ide.mcu.externaltools.gnu-tools-for-stm32.13.3.rel1.win32_1.0.100.202509120712/tools/bin/../lib/gcc/arm-none-eabi/13.3.1/../../../../arm-none-eabi/lib/thumb/v7e-m+dp/hard\libc_nano.a(libc_a-putchar.o)
                              ./Core/Src/adbms_interface.o (putchar)
C:/ST/STM32CubeIDE_1.17.0/STM32CubeIDE/plugins/com.st.stm32cube.ide.mcu.externaltools.gnu-tools-for-stm32.13.3.rel1.win32_1.0.100.202509120712/tools/bin/../lib/gcc/arm-none-eabi/13.3.1/../../../../arm-none-eabi/lib/thumb/v7e-m+dp/hard\libc_nano.a(libc_a-puts.o)
                              ./Core/Src/adbms_interface.o (puts)
C:/ST/STM32CubeIDE_1.17.0/STM32CubeIDE/plugins/com.st.stm32cube.ide.mcu.externaltools.gnu-tools-for-stm32.13.3.rel1.win32_1.0.100.202509120712/tools/bin/../lib/gcc/arm-none-eabi/13.3.1/../../../../arm-none-eabi/lib/thumb/v7e-m+dp/hard\libc_nano.a(libc_a-snprintf.o)
                              ./Core/Src/adbms_interface.o (snprintf)
C:/ST/STM32CubeIDE_1.17.0/STM32CubeIDE/plugins/com.st.stm32cube.ide.mcu.externaltools.gnu-tools-for-stm32.13.3.rel1.win32_1.0.100.202509120712/tools/bin/../lib/gcc/arm-none-eabi/13.3.1/../../../../arm-none-eabi/lib/thumb/v7e-m+dp/hard\libc_nano.a(libc_a-stdio.o)
[...]
Memory Configuration

Name             Origin             Length             Attributes
RAM_D1           0x24000000         0x00080000         xrw
FLASH            0x08000000         0x00100000         xr
DTCMRAM          0x20000000         0x00020000         xrw
RAM_D2           0x30000000         0x00048000         xrw
RAM_D3           0x38000000         0x00010000         xrw
ITCMRAM          0x00000000         0x00010000         xrw
*default*        0x00000000         0xffffffff

Linker script and memory map

LOAD C:/ST/STM32CubeIDE_1.17.0/STM32CubeIDE/plugins/com.st.stm32cube.ide.mcu.externaltools.gnu-tools-for-stm32.13.3.rel1.win32_1.0.100.202509120712/tools/bin/../lib/gcc/arm-none-eabi/13.3.1/thumb/v7e-m+dp/hard/crti.o
LOAD C:/ST/STM32CubeIDE_1.17.0/STM32CubeIDE/plugins/com.st.stm32cube.ide.mcu.externaltools.gnu-tools-for-stm32.13.3.rel1.win32_1.0.100.202509120712/tools/bin/../lib/gcc/arm-none-eabi/13.3.1/thumb/v7e-m+dp/hard/crtbegin.o
LOAD C:/ST/STM32CubeIDE_1.17.0/STM32CubeIDE/plugins/com.st.stm32cube.ide.mcu.externaltools.gnu-tools-for-stm32.13.3.rel1.win32_1.0.100.202509120712/tools/bin/../lib/gcc/arm-none-eabi/13.3.1/../../../../arm-none-eabi/lib/thumb/v7e-m+dp/hard/crt0.o
LOAD ./Common/Src/system_stm32h7xx_dualcore_boot_cm4_cm7.o
LOAD ./Core/Src/adbms_driver.o
LOAD ./Core/Src/adbms_interface.o
LOAD ./Core/Src/main.o
LOAD ./Core/Src/nfr_can_driver.o
LOAD ./Core/Src/stm32h7xx_hal_msp.o
LOAD ./Core/Src/stm32h7xx_it.o
LOAD ./Core/Src/syscalls.o
LOAD ./Core/Src/sysmem.o
LOAD ./Core/Src/thermistor_driver.o
LOAD ./Core/Src/virtual_timer.o
LOAD ./Core/Startup/startup_stm32h745zitx.o
LOAD ./Drivers/STM32H7xx_HAL_Driver/stm32h7xx_hal.o
LOAD ./Drivers/STM32H7xx_HAL_Driver/stm32h7xx_hal_cortex.o
LOAD ./Drivers/STM32H7xx_HAL_Driver/stm32h7xx_hal_dma.o
LOAD ./Drivers/STM32H7xx_HAL_Driver/stm32h7xx_hal_dma_ex.o
LOAD ./Drivers/STM32H7xx_HAL_Driver/stm32h7xx_hal_exti.o
LOAD ./Drivers/STM32H7xx_HAL_Driver/stm32h7xx_hal_fdcan.o
LOAD ./Drivers/STM32H7xx_HAL_Driver/stm32h7xx_hal_flash.o
LOAD ./Drivers/STM32H7xx_HAL_Driver/stm32h7xx_hal_flash_ex.o
LOAD ./Drivers/STM32H7xx_HAL_Driver/stm32h7xx_hal_gpio.o
LOAD ./Drivers/STM32H7xx_HAL_Driver/stm32h7xx_hal_hsem.o
LOAD ./Drivers/STM32H7xx_HAL_Driver/stm32h7xx_hal_i2c.o
LOAD ./Drivers/STM32H7xx_HAL_Driver/stm32h7xx_hal_i2c_ex.o
LOAD ./Drivers/STM32H7xx_HAL_Driver/stm32h7xx_hal_mdma.o
LOAD ./Drivers/STM32H7xx_HAL_Driver/stm32h7xx_hal_mmc.o
LOAD ./Drivers/STM32H7xx_HAL_Driver/stm32h7xx_hal_mmc_ex.o
LOAD ./Drivers/STM32H7xx_HAL_Driver/stm32h7xx_hal_pcd.o
LOAD ./Drivers/STM32H7xx_HAL_Driver/stm32h7xx_hal_pcd_ex.o
LOAD ./Drivers/STM32H7xx_HAL_Driver/stm32h7xx_hal_pwr.o
LOAD ./Drivers/STM32H7xx_HAL_Driver/stm32h7xx_hal_pwr_ex.o
LOAD ./Drivers/STM32H7xx_HAL_Driver/stm32h7xx_hal_rcc.o
LOAD ./Drivers/STM32H7xx_HAL_Driver/stm32h7xx_hal_rcc_ex.o
LOAD ./Drivers/STM32H7xx_HAL_Driver/stm32h7xx_hal_sd.o
LOAD ./Drivers/STM32H7xx_HAL_Driver/stm32h7xx_hal_sd_ex.o
LOAD ./Drivers/STM32H7xx_HAL_Driver/stm32h7xx_hal_spi.o
LOAD ./Drivers/STM32H7xx_HAL_Driver/stm32h7xx_hal_spi_ex.o
LOAD ./Drivers/STM32H7xx_HAL_Driver/stm32h7xx_hal_tim.o
LOAD ./Drivers/STM32H7xx_HAL_Driver/stm32h7xx_hal_tim_ex.o
LOAD ./Drivers/STM32H7xx_HAL_Driver/stm32h7xx_ll_delayblock.o
LOAD ./Drivers/STM32H7xx_HAL_Driver/stm32h7xx_ll_sdmmc.o
LOAD ./Drivers/STM32H7xx_HAL_Driver/stm32h7xx_ll_usb.o
LOAD ./Middlewares/ST/STM32_USB_Device_Library/usbd_cdc.o
LOAD ./Middlewares/ST/STM32_USB_Device_Library/usbd_core.o
LOAD ./Middlewares/ST/STM32_USB_Device_Library/usbd_ctlreq.o
LOAD ./Middlewares/ST/STM32_USB_Device_Library/usbd_ioreq.o
LOAD ./USB_DEVICE/App/usb_device.o
LOAD ./USB_DEVICE/App/usbd_cdc_if.o
LOAD ./USB_DEVICE/App/usbd_desc.o
LOAD ./USB_DEVICE/Target/usbd_conf.o
START GROUP
LOAD C:/ST/STM32CubeIDE_1.17.0/STM32CubeIDE/plugins/com.st.stm32cube.ide.mcu.externaltools.gnu-tools-for-stm32.13.3.rel1.win32_1.0.100.202509120712/tools/bin/../lib/gcc/arm-none-eabi/13.3.1/../../../../arm-none-eabi/lib/thumb/v7e-m+dp/hard\libc_nano.a
LOAD C:/ST/STM32CubeIDE_1.17.0/STM32CubeIDE/plugins/com.st.stm32cube.ide.mcu.externaltools.gnu-tools-for-stm32.13.3.rel1.win32_1.0.100.202509120712/tools/bin/../lib/gcc/arm-none-eabi/13.3.1/../../../../arm-none-eabi/lib/thumb/v7e-m+dp/hard\libm.a
END GROUP
START GROUP
LOAD C:/ST/STM32CubeIDE_1.17.0/STM32CubeIDE/plugins/com.st.stm32cube.ide.mcu.externaltools.gnu-tools-for-stm32.13.3.rel1.win32_1.0.100.202509120712/tools/bin/../lib/gcc/arm-none-eabi/13.3.1/thumb/v7e-m+dp/hard\libgcc.a
LOAD C:/ST/STM32CubeIDE_1.17.0/STM32CubeIDE/plugins/com.st.stm32cube.ide.mcu.externaltools.gnu-tools-for-stm32.13.3.rel1.win32_1.0.100.202509120712/tools/bin/../lib/gcc/arm-none-eabi/13.3.1/../../../../arm-none-eabi/lib/thumb/v7e-m+dp/hard\libc_nano.a
END GROUP
START GROUP
LOAD C:/ST/STM32CubeIDE_1.17.0/STM32CubeIDE/plugins/com.st.stm32cube.ide.mcu.externaltools.gnu-tools-for-stm32.13.3.rel1.win32_1.0.100.202509120712/tools/bin/../lib/gcc/arm-none-eabi/13.3.1/thumb/v7e-m+dp/hard\libgcc.a
LOAD C:/ST/STM32CubeIDE_1.17.0/STM32CubeIDE/plugins/com.st.stm32cube.ide.mcu.externaltools.gnu-tools-for-stm32.13.3.rel1.win32_1.0.100.202509120712/tools/bin/../lib/gcc/arm-none-eabi/13.3.1/../../../../arm-none-eabi/lib/thumb/v7e-m+dp/hard\libc_nano.a
LOAD C:/ST/STM32CubeIDE_1.17.0/STM32CubeIDE/plugins/com.st.stm32cube.ide.mcu.externaltools.gnu-tools-for-stm32.13.3.rel1.win32_1.0.100.202509120712/tools/bin/../lib/gcc/arm-none-eabi/13.3.1/../../../../arm-none-eabi/lib/thumb/v7e-m+dp/hard\libnosys.a
END GROUP
START GROUP
LOAD C:/ST/STM32CubeIDE_1.17.0/STM32CubeIDE/plugins/com.st.stm32cube.ide.mcu.externaltools.gnu-tools-for-stm32.13.3.rel1.win32_1.0.100.202509120712/tools/bin/../lib/gcc/arm-none-eabi/13.3.1/thumb/v7e-m+dp/hard\libgcc.a
LOAD C:/ST/STM32CubeIDE_1.17.0/STM32CubeIDE/plugins/com.st.stm32cube.ide.mcu.externaltools.gnu-tools-for-stm32.13.3.rel1.win32_1.0.100.202509120712/tools/bin/../lib/gcc/arm-none-eabi/13.3.1/../../../../arm-none-eabi/lib/thumb/v7e-m+dp/hard\libc_nano.a
LOAD C:/ST/STM32CubeIDE_1.17.0/STM32CubeIDE/plugins/com.st.stm32cube.ide.mcu.externaltools.gnu-tools-for-stm32.13.3.rel1.win32_1.0.100.202509120712/tools/bin/../lib/gcc/arm-none-eabi/13.3.1/../../../../arm-none-eabi/lib/thumb/v7e-m+dp/hard\libnosys.a
END GROUP
LOAD C:/ST/STM32CubeIDE_1.17.0/STM32CubeIDE/plugins/com.st.stm32cube.ide.mcu.externaltools.gnu-tools-for-stm32.13.3.rel1.win32_1.0.100.202509120712/tools/bin/../lib/gcc/arm-none-eabi/13.3.1/thumb/v7e-m+dp/hard/crtend.o
LOAD C:/ST/STM32CubeIDE_1.17.0/STM32CubeIDE/plugins/com.st.stm32cube.ide.mcu.externaltools.gnu-tools-for-stm32.13.3.rel1.win32_1.0.100.202509120712/tools/bin/../lib/gcc/arm-none-eabi/13.3.1/thumb/v7e-m+dp/hard/crtn.o
                0x24080000                        _estack = (ORIGIN (RAM_D1) + LENGTH (RAM_D1))
                0x00000200                        _Min_Heap_Size = 0x200
                0x00000400                        _Min_Stack_Size = 0x400

.isr_vector     0x08000000      0x298
                0x08000000                        . = ALIGN (0x4)
 *(.isr_vector)
 .isr_vector    0x08000000      0x298 ./Core/Startup/startup_stm32h745zitx.o
                0x08000000                g_pfnVectors
                0x08000298                        . = ALIGN (0x4)

.text           0x08000298     0xd2d4
                0x08000298                        . = ALIGN (0x4)
 *(.text)
 .text          0x08000298       0x40 C:/ST/STM32CubeIDE_1.17.0/STM32CubeIDE/plugins/com.st.stm32cube.ide.mcu.externaltools.gnu-tools-for-stm32.13.3.rel1.win32_1.0.100.202509120712/tools/bin/../lib/gcc/arm-none-eabi/13.3.1/thumb/v7e-m+dp/hard/crtbegin.o
 *(.text*)
 .text.SystemInit
                0x080002d8      0x15c ./Common/Src/system_stm32h7xx_dualcore_boot_cm4_cm7.o
                0x080002d8                SystemInit
 .text.ExitRun0Mode
                0x08000434       0x34 ./Common/Src/system_stm32h7xx_dualcore_boot_cm4_cm7.o
                0x08000434                ExitRun0Mode
 .text.main     0x08000468      0x12c ./Core/Src/main.o
                0x08000468                main
 .text.SystemClock_Config
                0x08000594      0x100 ./Core/Src/main.o
                0x08000594                SystemClock_Config
 .text.MX_FDCAN1_Init
                0x08000694       0xc8 ./Core/Src/main.o
 .text.MX_SDMMC1_SD_Init
                0x0800075c       0x48 ./Core/Src/main.o
 .text.MX_SPI1_Init
                0x080007a4       0xac ./Core/Src/main.o
 .text.MX_GPIO_Init
                0x08000850      0x1a0 ./Core/Src/main.o
 .text.MPU_Config
                0x080009f0       0x58 ./Core/Src/main.o
 .text.Error_Handler
                0x08000a48        0xc ./Core/Src/main.o
                0x08000a48                Error_Handler
 .text.HAL_MspInit
                0x08000a54       0x34 ./Core/Src/stm32h7xx_hal_msp.o
                0x08000a54                HAL_MspInit
 .text.HAL_FDCAN_MspInit
                0x08000a88       0xf4 ./Core/Src/stm32h7xx_hal_msp.o
                0x08000a88                HAL_FDCAN_MspInit
 .text.HAL_SD_MspInit
                0x08000b7c      0x11c ./Core/Src/stm32h7xx_hal_msp.o
                0x08000b7c                HAL_SD_MspInit
 .text.HAL_SPI_MspInit
                0x08000c98       0xd0 ./Core/Src/stm32h7xx_hal_msp.o
                0x08000c98                HAL_SPI_MspInit
 .text.NMI_Handler
                0x08000d68        0x8 ./Core/Src/stm32h7xx_it.o
                0x08000d68                NMI_Handler
 .text.HardFault_Handler
                0x08000d70        0x8 ./Core/Src/stm32h7xx_it.o
                0x08000d70                HardFault_Handler
 .text.MemManage_Handler
                0x08000d78        0x8 ./Core/Src/stm32h7xx_it.o
                0x08000d78                MemManage_Handler
 .text.BusFault_Handler
                0x08000d80        0x8 ./Core/Src/stm32h7xx_it.o
                0x08000d80                BusFault_Handler
 .text.UsageFault_Handler
                0x08000d88        0x8 ./Core/Src/stm32h7xx_it.o
                0x08000d88                UsageFault_Handler
 .text.SVC_Handler
                0x08000d90        0xe ./Core/Src/stm32h7xx_it.o
                0x08000d90                SVC_Handler
 .text.DebugMon_Handler
                0x08000d9e        0xe ./Core/Src/stm32h7xx_it.o
                0x08000d9e                DebugMon_Handler
 .text.PendSV_Handler
                0x08000dac        0xe ./Core/Src/stm32h7xx_it.o
                0x08000dac                PendSV_Handler
 .text.SysTick_Handler
                0x08000dba        0xc ./Core/Src/stm32h7xx_it.o
                0x08000dba                SysTick_Handler
 *fill*         0x08000dc6        0x2 
 .text.OTG_FS_IRQHandler
                0x08000dc8       0x14 ./Core/Src/stm32h7xx_it.o
                0x08000dc8                OTG_FS_IRQHandler
 .text._read    0x08000ddc       0x3a ./Core/Src/syscalls.o
                0x08000ddc                _read
 .text._write   0x08000e16       0x38 ./Core/Src/syscalls.o
                0x08000e16                _write
 .text._close   0x08000e4e       0x18 ./Core/Src/syscalls.o
                0x08000e4e                _close
 .text._fstat   0x08000e66       0x20 ./Core/Src/syscalls.o
                0x08000e66                _fstat
 .text._isatty  0x08000e86       0x16 ./Core/Src/syscalls.o
                0x08000e86                _isatty
 .text._lseek   0x08000e9c       0x1a ./Core/Src/syscalls.o
                0x08000e9c                _lseek
 *fill*         0x08000eb6        0x2 
 .text._sbrk    0x08000eb8       0x6c ./Core/Src/sysmem.o
                0x08000eb8                _sbrk
 .text.Reset_Handler
                0x08000f24       0x54 ./Core/Startup/startup_stm32h745zitx.o
                0x08000f24                Reset_Handler
 .text.Default_Handler
                0x08000f78        0x2 ./Core/Startup/startup_stm32h745zitx.o
                0x08000f78                RTC_Alarm_IRQHandler
                0x08000f78                EXTI2_IRQHandler
                0x08000f78                TIM8_CC_IRQHandler
                0x08000f78                HRTIM1_Master_IRQHandler
                0x08000f78                UART8_IRQHandler
                0x08000f78                SPI4_IRQHandler
                0x08000f78                TIM1_CC_IRQHandler
                0x08000f78                BDMA_Channel6_IRQHandler
                0x08000f78                DMA2_Stream5_IRQHandler
                0x08000f78                HRTIM1_FLT_IRQHandler
                0x08000f78                JPEG_IRQHandler
                0x08000f78                DMA1_Stream5_IRQHandler
                0x08000f78                BDMA_Channel1_IRQHandler
                0x08000f78                HRTIM1_TIMD_IRQHandler
                0x08000f78                TAMP_STAMP_IRQHandler
                0x08000f78                EXTI3_IRQHandler
                0x08000f78                LPTIM4_IRQHandler
                0x08000f78                TIM8_TRG_COM_TIM14_IRQHandler
                0x08000f78                LPTIM2_IRQHandler
                0x08000f78                DFSDM1_FLT1_IRQHandler
                0x08000f78                DMAMUX2_OVR_IRQHandler
                0x08000f78                TIM8_UP_TIM13_IRQHandler
                0x08000f78                I2C3_ER_IRQHandler
                0x08000f78                DFSDM1_FLT2_IRQHandler
                0x08000f78                MDMA_IRQHandler
                0x08000f78                LPTIM3_IRQHandler
                0x08000f78                HSEM1_IRQHandler
                0x08000f78                EXTI0_IRQHandler
                0x08000f78                I2C2_EV_IRQHandler
                0x08000f78                DMA1_Stream2_IRQHandler
                0x08000f78                FPU_IRQHandler
                0x08000f78                OTG_HS_WKUP_IRQHandler
                0x08000f78                FDCAN1_IT1_IRQHandler
                0x08000f78                LTDC_ER_IRQHandler
                0x08000f78                DMA2_Stream2_IRQHandler
                0x08000f78                HRTIM1_TIME_IRQHandler
                0x08000f78                SPI1_IRQHandler
                0x08000f78                TIM6_DAC_IRQHandler
                0x08000f78                DCMI_IRQHandler
                0x08000f78                HRTIM1_TIMC_IRQHandler
                0x08000f78                DMA2_Stream3_IRQHandler
                0x08000f78                SAI2_IRQHandler
                0x08000f78                DFSDM1_FLT3_IRQHandler
                0x08000f78                USART6_IRQHandler
                0x08000f78                TIM17_IRQHandler
                0x08000f78                USART3_IRQHandler
                0x08000f78                BDMA_Channel7_IRQHandler
                0x08000f78                LPTIM5_IRQHandler
                0x08000f78                UART5_IRQHandler
                0x08000f78                ADC3_IRQHandler
                0x08000f78                DMA2_Stream0_IRQHandler
                0x08000f78                TIM4_IRQHandler
                0x08000f78                BDMA_Channel2_IRQHandler
                0x08000f78                QUADSPI_IRQHandler
                0x08000f78                I2C1_EV_IRQHandler
                0x08000f78                DMA1_Stream6_IRQHandler
                0x08000f78                DMAMUX1_OVR_IRQHandler
                0x08000f78                DMA1_Stream1_IRQHandler
                0x08000f78                TIM16_IRQHandler
                0x08000f78                UART4_IRQHandler
                0x08000f78                BDMA_Channel5_IRQHandler
                0x08000f78                TIM3_IRQHandler
                0x08000f78                RCC_IRQHandler
                0x08000f78                TIM8_BRK_TIM12_IRQHandler
                0x08000f78                TIM1_TRG_COM_IRQHandler
                0x08000f78                Default_Handler
                0x08000f78                ECC_IRQHandler
                0x08000f78                CEC_IRQHandler
                0x08000f78                EXTI15_10_IRQHandler
                0x08000f78                BDMA_Channel0_IRQHandler
                0x08000f78                ADC_IRQHandler
                0x08000f78                DMA1_Stream7_IRQHandler
                0x08000f78                HRTIM1_TIMA_IRQHandler
                0x08000f78                SPI5_IRQHandler
                0x08000f78                TIM7_IRQHandler
                0x08000f78                SDMMC1_IRQHandler
                0x08000f78                TIM5_IRQHandler
                0x08000f78                DMA2_Stream7_IRQHandler
                0x08000f78                TIM15_IRQHandler
                0x08000f78                PVD_AVD_IRQHandler
                0x08000f78                I2C3_EV_IRQHandler
                0x08000f78                EXTI9_5_IRQHandler
                0x08000f78                RTC_WKUP_IRQHandler
                0x08000f78                LTDC_IRQHandler
                0x08000f78                SAI3_IRQHandler
                0x08000f78                ETH_WKUP_IRQHandler
                0x08000f78                SPDIF_RX_IRQHandler
                0x08000f78                SPI2_IRQHandler
                0x08000f78                OTG_HS_EP1_IN_IRQHandler
                0x08000f78                DMA1_Stream0_IRQHandler
                0x08000f78                CRS_IRQHandler
                0x08000f78                CM7_SEV_IRQHandler
                0x08000f78                EXTI4_IRQHandler
                0x08000f78                RNG_IRQHandler
                0x08000f78                CM4_SEV_IRQHandler
                0x08000f78                HRTIM1_TIMB_IRQHandler
                0x08000f78                FDCAN2_IT1_IRQHandler
                0x08000f78                ETH_IRQHandler
                0x08000f78                TIM1_UP_IRQHandler
                0x08000f78                WWDG_RST_IRQHandler
                0x08000f78                BDMA_Channel4_IRQHandler
                0x08000f78                OTG_HS_EP1_OUT_IRQHandler
                0x08000f78                WWDG_IRQHandler
                0x08000f78                SPI6_IRQHandler
                0x08000f78                MDIOS_IRQHandler
                0x08000f78                I2C4_EV_IRQHandler
                0x08000f78                FDCAN2_IT0_IRQHandler
                0x08000f78                LPUART1_IRQHandler
                0x08000f78                FDCAN1_IT0_IRQHandler
                0x08000f78                TIM2_IRQHandler
                0x08000f78                OTG_FS_WKUP_IRQHandler
                0x08000f78                OTG_HS_IRQHandler
                0x08000f78                HSEM2_IRQHandler
                0x08000f78                DMA2D_IRQHandler
                0x08000f78                TIM1_BRK_IRQHandler
                0x08000f78                EXTI1_IRQHandler
                0x08000f78                SDMMC2_IRQHandler
                0x08000f78                OTG_FS_EP1_OUT_IRQHandler
                0x08000f78                BDMA_Channel3_IRQHandler
                0x08000f78                HOLD_CORE_IRQHandler
                0x08000f78                UART7_IRQHandler
                0x08000f78                MDIOS_WKUP_IRQHandler
                0x08000f78                USART2_IRQHandler
                0x08000f78                DFSDM1_FLT0_IRQHandler
                0x08000f78                SAI4_IRQHandler
                0x08000f78                I2C2_ER_IRQHandler
                0x08000f78                DMA2_Stream1_IRQHandler
                0x08000f78                FLASH_IRQHandler
                0x08000f78                DMA2_Stream4_IRQHandler
                0x08000f78                USART1_IRQHandler
                0x08000f78                SPI3_IRQHandler
                0x08000f78                WAKEUP_PIN_IRQHandler
                0x08000f78                DMA1_Stream4_IRQHandler
                0x08000f78                OTG_FS_EP1_IN_IRQHandler
                0x08000f78                I2C1_ER_IRQHandler
                0x08000f78                FMC_IRQHandler
                0x08000f78                FDCAN_CAL_IRQHandler
                0x08000f78                SWPMI1_IRQHandler
                0x08000f78                COMP1_IRQHandler
                0x08000f78                LPTIM1_IRQHandler
                0x08000f78                I2C4_ER_IRQHandler
                0x08000f78                DMA2_Stream6_IRQHandler
                0x08000f78                SAI1_IRQHandler
                0x08000f78                DMA1_Stream3_IRQHandler
 *fill*         0x08000f7a        0x2 
 .text.HAL_Init
                0x08000f7c       0x78 ./Drivers/STM32H7xx_HAL_Driver/stm32h7xx_hal.o
                0x08000f7c                HAL_Init
 .text.HAL_InitTick
                0x08000ff4       0x6c ./Drivers/STM32H7xx_HAL_Driver/stm32h7xx_hal.o
                0x08000ff4                HAL_InitTick
 .text.HAL_IncTick
                0x08001060       0x28 ./Drivers/STM32H7xx_HAL_Driver/stm32h7xx_hal.o
                0x08001060                HAL_IncTick
 .text.HAL_GetTick
                0x08001088       0x18 ./Drivers/STM32H7xx_HAL_Driver/stm32h7xx_hal.o
                0x08001088                HAL_GetTick
 .text.HAL_Delay
                0x080010a0       0x48 ./Drivers/STM32H7xx_HAL_Driver/stm32h7xx_hal.o
                0x080010a0                HAL_Delay
 .text.HAL_GetREVID
                0x080010e8       0x18 ./Drivers/STM32H7xx_HAL_Driver/stm32h7xx_hal.o
                0x080010e8                HAL_GetREVID
 .text.__NVIC_SetPriorityGrouping
                0x08001100       0x48 ./Drivers/STM32H7xx_HAL_Driver/stm32h7xx_hal_cortex.o
 .text.__NVIC_GetPriorityGrouping
                0x08001148       0x1c ./Drivers/STM32H7xx_HAL_Driver/stm32h7xx_hal_cortex.o
 .text.__NVIC_EnableIRQ
                0x08001164       0x3c ./Drivers/STM32H7xx_HAL_Driver/stm32h7xx_hal_cortex.o
 .text.__NVIC_SetPriority
                0x080011a0       0x54 ./Drivers/STM32H7xx_HAL_Driver/stm32h7xx_hal_cortex.o
 .text.NVIC_EncodePriority
                0x080011f4       0x66 ./Drivers/STM32H7xx_HAL_Driver/stm32h7xx_hal_cortex.o
 *fill*         0x0800125a        0x2 
 .text.SysTick_Config
                0x0800125c       0x44 ./Drivers/STM32H7xx_HAL_Driver/stm32h7xx_hal_cortex.o
 .text.HAL_NVIC_SetPriorityGrouping
                0x080012a0       0x16 ./Drivers/STM32H7xx_HAL_Driver/stm32h7xx_hal_cortex.o
                0x080012a0                HAL_NVIC_SetPriorityGrouping
 .text.HAL_NVIC_SetPriority
                0x080012b6       0x34 ./Drivers/STM32H7xx_HAL_Driver/stm32h7xx_hal_cortex.o
                0x080012b6                HAL_NVIC_SetPriority
 .text.HAL_NVIC_EnableIRQ
                0x080012ea       0x1c ./Drivers/STM32H7xx_HAL_Driver/stm32h7xx_hal_cortex.o
                0x080012ea                HAL_NVIC_EnableIRQ
 .text.HAL_SYSTICK_Config
                0x08001306       0x18 ./Drivers/STM32H7xx_HAL_Driver/stm32h7xx_hal_cortex.o
                0x08001306                HAL_SYSTICK_Config
 *fill*         0x0800131e        0x2 
 .text.HAL_MPU_Disable
                0x08001320       0x30 ./Drivers/STM32H7xx_HAL_Driver/stm32h7xx_hal_cortex.o
                0x08001320                HAL_MPU_Disable
 .text.HAL_MPU_Enable
                0x08001350       0x40 ./Drivers/STM32H7xx_HAL_Driver/stm32h7xx_hal_cortex.o
                0x08001350                HAL_MPU_Enable
 .text.HAL_MPU_ConfigRegion
                0x08001390       0x80 ./Drivers/STM32H7xx_HAL_Driver/stm32h7xx_hal_cortex.o
                0x08001390                HAL_MPU_ConfigRegion
 .text.HAL_FDCAN_Init
                0x08001410      0x3bc ./Drivers/STM32H7xx_HAL_Driver/stm32h7xx_hal_fdcan.o
                0x08001410                HAL_FDCAN_Init
 .text.FDCAN_CalcultateRamBlockAddresses
                0x080017cc      0x30c ./Drivers/STM32H7xx_HAL_Driver/stm32h7xx_hal_fdcan.o
 .text.HAL_GPIO_Init
                0x08001ad8      0x360 ./Drivers/STM32H7xx_HAL_Driver/stm32h7xx_hal_gpio.o
                0x08001ad8                HAL_GPIO_Init
 .text.HAL_GPIO_ReadPin
                0x08001e38       0x30 ./Drivers/STM32H7xx_HAL_Driver/stm32h7xx_hal_gpio.o
                0x08001e38                HAL_GPIO_ReadPin
 .text.HAL_GPIO_WritePin
                0x08001e68       0x32 ./Drivers/STM32H7xx_HAL_Driver/stm32h7xx_hal_gpio.o
                0x08001e68                HAL_GPIO_WritePin
 .text.HAL_PCD_Init
                0x08001e9a      0x218 ./Drivers/STM32H7xx_HAL_Driver/stm32h7xx_hal_pcd.o
                0x08001e9a                HAL_PCD_Init
 .text.HAL_PCD_Start
                0x080020b2       0x6a ./Drivers/STM32H7xx_HAL_Driver/stm32h7xx_hal_pcd.o
                0x080020b2                HAL_PCD_Start
 .text.HAL_PCD_IRQHandler
                0x0800211c      0x99c ./Drivers/STM32H7xx_HAL_Driver/stm32h7xx_hal_pcd.o
                0x0800211c                HAL_PCD_IRQHandler
 .text.HAL_PCD_SetAddress
                0x08002ab8       0x48 ./Drivers/STM32H7xx_HAL_Driver/stm32h7xx_hal_pcd.o
                0x08002ab8                HAL_PCD_SetAddress
 .text.HAL_PCD_EP_Open
                0x08002b00       0xd4 ./Drivers/STM32H7xx_HAL_Driver/stm32h7xx_hal_pcd.o
                0x08002b00                HAL_PCD_EP_Open
 .text.HAL_PCD_EP_Close
                0x08002bd4       0x94 ./Drivers/STM32H7xx_HAL_Driver/stm32h7xx_hal_pcd.o
                0x08002bd4                HAL_PCD_EP_Close
 .text.HAL_PCD_EP_Receive
                0x08002c68       0x76 ./Drivers/STM32H7xx_HAL_Driver/stm32h7xx_hal_pcd.o
                0x08002c68                HAL_PCD_EP_Receive
 .text.HAL_PCD_EP_GetRxCount
                0x08002cde       0x30 ./Drivers/STM32H7xx_HAL_Driver/stm32h7xx_hal_pcd.o
                0x08002cde                HAL_PCD_EP_GetRxCount
 .text.HAL_PCD_EP_Transmit
                0x08002d0e       0x74 ./Drivers/STM32H7xx_HAL_Driver/stm32h7xx_hal_pcd.o
                0x08002d0e                HAL_PCD_EP_Transmit
 .text.HAL_PCD_EP_SetStall
                0x08002d82       0xc6 ./Drivers/STM32H7xx_HAL_Driver/stm32h7xx_hal_pcd.o
                0x08002d82                HAL_PCD_EP_SetStall
 .text.HAL_PCD_EP_ClrStall
                0x08002e48       0xac ./Drivers/STM32H7xx_HAL_Driver/stm32h7xx_hal_pcd.o
                0x08002e48                HAL_PCD_EP_ClrStall
 .text.HAL_PCD_EP_Abort
                0x08002ef4       0x62 ./Drivers/STM32H7xx_HAL_Driver/stm32h7xx_hal_pcd.o
                0x08002ef4                HAL_PCD_EP_Abort
 .text.PCD_WriteEmptyTxFifo
                0x08002f56      0x118 ./Drivers/STM32H7xx_HAL_Driver/stm32h7xx_hal_pcd.o
 *fill*         0x0800306e        0x2 
 .text.PCD_EP_OutXfrComplete_int
                0x08003070      0x1d0 ./Drivers/STM32H7xx_HAL_Driver/stm32h7xx_hal_pcd.o
 .text.PCD_EP_OutSetupPacket_int
                0x08003240       0x8c ./Drivers/STM32H7xx_HAL_Driver/stm32h7xx_hal_pcd.o
 .text.HAL_PCDEx_SetTxFiFo
                0x080032cc       0x8e ./Drivers/STM32H7xx_HAL_Driver/stm32h7xx_hal_pcd_ex.o
                0x080032cc                HAL_PCDEx_SetTxFiFo
 .text.HAL_PCDEx_SetRxFiFo
                0x0800335a       0x22 ./Drivers/STM32H7xx_HAL_Driver/stm32h7xx_hal_pcd_ex.o
                0x0800335a                HAL_PCDEx_SetRxFiFo
 .text.HAL_PCDEx_ActivateLPM
                0x0800337c       0x48 ./Drivers/STM32H7xx_HAL_Driver/stm32h7xx_hal_pcd_ex.o
                0x0800337c                HAL_PCDEx_ActivateLPM
 .text.HAL_PCDEx_LPM_Callback
                0x080033c4       0x18 ./Drivers/STM32H7xx_HAL_Driver/stm32h7xx_hal_pcd_ex.o
                0x080033c4                HAL_PCDEx_LPM_Callback
 .text.HAL_PWREx_ConfigSupply
                0x080033dc       0xb4 ./Drivers/STM32H7xx_HAL_Driver/stm32h7xx_hal_pwr_ex.o
                0x080033dc                HAL_PWREx_ConfigSupply
 .text.HAL_PWREx_EnableUSBVoltageDetector
                0x08003490       0x20 ./Drivers/STM32H7xx_HAL_Driver/stm32h7xx_hal_pwr_ex.o
                0x08003490                HAL_PWREx_EnableUSBVoltageDetector
 .text.HAL_RCC_OscConfig
                0x080034b0      0x8b4 ./Drivers/STM32H7xx_HAL_Driver/stm32h7xx_hal_rcc.o
                0x080034b0                HAL_RCC_OscConfig
 .text.HAL_RCC_ClockConfig
                0x08003d64      0x36c ./Drivers/STM32H7xx_HAL_Driver/stm32h7xx_hal_rcc.o
                0x08003d64                HAL_RCC_ClockConfig
 .text.HAL_RCC_GetSysClockFreq
                0x080040d0      0x2f4 ./Drivers/STM32H7xx_HAL_Driver/stm32h7xx_hal_rcc.o
                0x080040d0                HAL_RCC_GetSysClockFreq
 .text.HAL_RCC_GetHCLKFreq
                0x080043c4       0x60 ./Drivers/STM32H7xx_HAL_Driver/stm32h7xx_hal_rcc.o
                0x080043c4                HAL_RCC_GetHCLKFreq
 .text.HAL_RCC_GetPCLK1Freq
                0x08004424       0x2c ./Drivers/STM32H7xx_HAL_Driver/stm32h7xx_hal_rcc.o
                0x08004424                HAL_RCC_GetPCLK1Freq
 .text.HAL_RCCEx_PeriphCLKConfig
                0x08004450     0x1414 ./Drivers/STM32H7xx_HAL_Driver/stm32h7xx_hal_rcc_ex.o
                0x08004450                HAL_RCCEx_PeriphCLKConfig
 .text.HAL_RCCEx_GetPeriphCLKFreq
                0x08005864      0xb00 ./Drivers/STM32H7xx_HAL_Driver/stm32h7xx_hal_rcc_ex.o
                0x08005864                HAL_RCCEx_GetPeriphCLKFreq
 .text.HAL_RCCEx_GetD3PCLK1Freq
                0x08006364       0x2c ./Drivers/STM32H7xx_HAL_Driver/stm32h7xx_hal_rcc_ex.o
                0x08006364                HAL_RCCEx_GetD3PCLK1Freq
 .text.HAL_RCCEx_GetPLL2ClockFreq
                0x08006390      0x2a8 ./Drivers/STM32H7xx_HAL_Driver/stm32h7xx_hal_rcc_ex.o
                0x08006390                HAL_RCCEx_GetPLL2ClockFreq
 .text.HAL_RCCEx_GetPLL3ClockFreq
                0x08006638      0x2a8 ./Drivers/STM32H7xx_HAL_Driver/stm32h7xx_hal_rcc_ex.o
                0x08006638                HAL_RCCEx_GetPLL3ClockFreq
 .text.HAL_RCCEx_GetPLL1ClockFreq
                0x080068e0      0x2a4 ./Drivers/STM32H7xx_HAL_Driver/stm32h7xx_hal_rcc_ex.o
                0x080068e0                HAL_RCCEx_GetPLL1ClockFreq
 .text.RCCEx_PLL2_Config
                0x08006b84      0x164 ./Drivers/STM32H7xx_HAL_Driver/stm32h7xx_hal_rcc_ex.o
 .text.RCCEx_PLL3_Config
                0x08006ce8      0x164 ./Drivers/STM32H7xx_HAL_Driver/stm32h7xx_hal_rcc_ex.o
 .text.HAL_SD_Init
                0x08006e4c      0x106 ./Drivers/STM32H7xx_HAL_Driver/stm32h7xx_hal_sd.o
                0x08006e4c                HAL_SD_Init
 *fill*         0x08006f52        0x2 
 .text.HAL_SD_InitCard
                0x08006f54      0x138 ./Drivers/STM32H7xx_HAL_Driver/stm32h7xx_hal_sd.o
                0x08006f54                HAL_SD_InitCard
 .text.HAL_SD_GetCardCSD
                0x0800708c      0x348 ./Drivers/STM32H7xx_HAL_Driver/stm32h7xx_hal_sd.o
                0x0800708c                HAL_SD_GetCardCSD
 .text.HAL_SD_GetCardStatus
                0x080073d4      0x17c ./Drivers/STM32H7xx_HAL_Driver/stm32h7xx_hal_sd.o
                0x080073d4                HAL_SD_GetCardStatus
 .text.HAL_SD_ConfigWideBusOperation
                0x08007550      0x224 ./Drivers/STM32H7xx_HAL_Driver/stm32h7xx_hal_sd.o
                0x08007550                HAL_SD_ConfigWideBusOperation
 .text.HAL_SD_GetCardState
                0x08007774       0x40 ./Drivers/STM32H7xx_HAL_Driver/stm32h7xx_hal_sd.o
                0x08007774                HAL_SD_GetCardState
 .text.SD_InitCard
                0x080077b4      0x19c ./Drivers/STM32H7xx_HAL_Driver/stm32h7xx_hal_sd.o
 .text.SD_PowerON
                0x08007950      0x11c ./Drivers/STM32H7xx_HAL_Driver/stm32h7xx_hal_sd.o
 .text.SD_SendSDStatus
                0x08007a6c      0x1a0 ./Drivers/STM32H7xx_HAL_Driver/stm32h7xx_hal_sd.o
 .text.SD_SendStatus
                0x08007c0c       0x50 ./Drivers/STM32H7xx_HAL_Driver/stm32h7xx_hal_sd.o
 .text.SD_WideBus_Enable
                0x08007c5c       0x96 ./Drivers/STM32H7xx_HAL_Driver/stm32h7xx_hal_sd.o
 .text.SD_WideBus_Disable
                0x08007cf2       0x96 ./Drivers/STM32H7xx_HAL_Driver/stm32h7xx_hal_sd.o
 .text.SD_FindSCR
                0x08007d88      0x1a0 ./Drivers/STM32H7xx_HAL_Driver/stm32h7xx_hal_sd.o
 .text.HAL_SPI_Init
                0x08007f28      0x248 ./Drivers/STM32H7xx_HAL_Driver/stm32h7xx_hal_spi.o
                0x08007f28                HAL_SPI_Init
 .text.SPI_GetPacketSize
                0x08008170       0x36 ./Drivers/STM32H7xx_HAL_Driver/stm32h7xx_hal_spi.o
 *fill*         0x080081a6        0x2 
 .text.SDMMC_Init
                0x080081a8       0x54 ./Drivers/STM32H7xx_HAL_Driver/stm32h7xx_ll_sdmmc.o
                0x080081a8                SDMMC_Init
 .text.SDMMC_ReadFIFO
                0x080081fc       0x1a ./Drivers/STM32H7xx_HAL_Driver/stm32h7xx_ll_sdmmc.o
                0x080081fc                SDMMC_ReadFIFO
 .text.SDMMC_PowerState_ON
                0x08008216       0x22 ./Drivers/STM32H7xx_HAL_Driver/stm32h7xx_ll_sdmmc.o
                0x08008216                SDMMC_PowerState_ON
 .text.SDMMC_GetPowerState
                0x08008238       0x1c ./Drivers/STM32H7xx_HAL_Driver/stm32h7xx_ll_sdmmc.o
                0x08008238                SDMMC_GetPowerState
 .text.SDMMC_SendCommand
                0x08008254       0x54 ./Drivers/STM32H7xx_HAL_Driver/stm32h7xx_ll_sdmmc.o
                0x08008254                SDMMC_SendCommand
 .text.SDMMC_GetCommandResponse
                0x080082a8       0x1a ./Drivers/STM32H7xx_HAL_Driver/stm32h7xx_ll_sdmmc.o
                0x080082a8                SDMMC_GetCommandResponse
 .text.SDMMC_GetResponse
                0x080082c2       0x26 ./Drivers/STM32H7xx_HAL_Driver/stm32h7xx_ll_sdmmc.o
                0x080082c2                SDMMC_GetResponse
 .text.SDMMC_ConfigData
                0x080082e8       0x58 ./Drivers/STM32H7xx_HAL_Driver/stm32h7xx_ll_sdmmc.o
                0x080082e8                SDMMC_ConfigData
 .text.SDMMC_CmdBlockLength
                0x08008340       0x46 ./Drivers/STM32H7xx_HAL_Driver/stm32h7xx_ll_sdmmc.o
                0x08008340                SDMMC_CmdBlockLength
 .text.SDMMC_CmdSelDesel
                0x08008386       0x46 ./Drivers/STM32H7xx_HAL_Driver/stm32h7xx_ll_sdmmc.o
                0x08008386                SDMMC_CmdSelDesel
 .text.SDMMC_CmdGoIdleState
                0x080083cc       0x3c ./Drivers/STM32H7xx_HAL_Driver/stm32h7xx_ll_sdmmc.o
                0x080083cc                SDMMC_CmdGoIdleState
 .text.SDMMC_CmdOperCond
                0x08008408       0x40 ./Drivers/STM32H7xx_HAL_Driver/stm32h7xx_ll_sdmmc.o
                0x08008408                SDMMC_CmdOperCond
 .text.SDMMC_CmdAppCommand
                0x08008448       0x46 ./Drivers/STM32H7xx_HAL_Driver/stm32h7xx_ll_sdmmc.o
                0x08008448                SDMMC_CmdAppCommand
 .text.SDMMC_CmdAppOperCommand
                0x0800848e       0x40 ./Drivers/STM32H7xx_HAL_Driver/stm32h7xx_ll_sdmmc.o
                0x0800848e                SDMMC_CmdAppOperCommand
 .text.SDMMC_CmdBusWidth
                0x080084ce       0x46 ./Drivers/STM32H7xx_HAL_Driver/stm32h7xx_ll_sdmmc.o
                0x080084ce                SDMMC_CmdBusWidth
 .text.SDMMC_CmdSendSCR
                0x08008514       0x44 ./Drivers/STM32H7xx_HAL_Driver/stm32h7xx_ll_sdmmc.o
                0x08008514                SDMMC_CmdSendSCR
 .text.SDMMC_CmdSendCID
                0x08008558       0x3e ./Drivers/STM32H7xx_HAL_Driver/stm32h7xx_ll_sdmmc.o
                0x08008558                SDMMC_CmdSendCID
 .text.SDMMC_CmdSendCSD
                0x08008596       0x40 ./Drivers/STM32H7xx_HAL_Driver/stm32h7xx_ll_sdmmc.o
                0x08008596                SDMMC_CmdSendCSD
 .text.SDMMC_CmdSetRelAdd
                0x080085d6       0x44 ./Drivers/STM32H7xx_HAL_Driver/stm32h7xx_ll_sdmmc.o
                0x080085d6                SDMMC_CmdSetRelAdd
 .text.SDMMC_CmdSendStatus
                0x0800861a       0x46 ./Drivers/STM32H7xx_HAL_Driver/stm32h7xx_ll_sdmmc.o
                0x0800861a                SDMMC_CmdSendStatus
 .text.SDMMC_CmdStatusRegister
                0x08008660       0x44 ./Drivers/STM32H7xx_HAL_Driver/stm32h7xx_ll_sdmmc.o
                0x08008660                SDMMC_CmdStatusRegister
 .text.SDMMC_GetCmdResp1
                0x080086a4      0x1e4 ./Drivers/STM32H7xx_HAL_Driver/stm32h7xx_ll_sdmmc.o
                0x080086a4                SDMMC_GetCmdResp1
 .text.SDMMC_GetCmdResp2
                0x08008888       0x94 ./Drivers/STM32H7xx_HAL_Driver/stm32h7xx_ll_sdmmc.o
                0x08008888                SDMMC_GetCmdResp2
 .text.SDMMC_GetCmdResp3
                0x0800891c       0x80 ./Drivers/STM32H7xx_HAL_Driver/stm32h7xx_ll_sdmmc.o
                0x0800891c                SDMMC_GetCmdResp3
 .text.SDMMC_GetCmdResp6
                0x0800899c       0xf0 ./Drivers/STM32H7xx_HAL_Driver/stm32h7xx_ll_sdmmc.o
                0x0800899c                SDMMC_GetCmdResp6
 .text.SDMMC_GetCmdResp7
                0x08008a8c       0x9c ./Drivers/STM32H7xx_HAL_Driver/stm32h7xx_ll_sdmmc.o
                0x08008a8c                SDMMC_GetCmdResp7
 .text.SDMMC_GetCmdError
                0x08008b28       0x5c ./Drivers/STM32H7xx_HAL_Driver/stm32h7xx_ll_sdmmc.o
 .text.USB_CoreInit
                0x08008b84       0xe4 ./Drivers/STM32H7xx_HAL_Driver/stm32h7xx_ll_usb.o
                0x08008b84                USB_CoreInit
 .text.USB_SetTurnaroundTime
                0x08008c68      0x144 ./Drivers/STM32H7xx_HAL_Driver/stm32h7xx_ll_usb.o
                0x08008c68                USB_SetTurnaroundTime
 .text.USB_EnableGlobalInt
                0x08008dac       0x22 ./Drivers/STM32H7xx_HAL_Driver/stm32h7xx_ll_usb.o
                0x08008dac                USB_EnableGlobalInt
 .text.USB_DisableGlobalInt
                0x08008dce       0x22 ./Drivers/STM32H7xx_HAL_Driver/stm32h7xx_ll_usb.o
                0x08008dce                USB_DisableGlobalInt
 .text.USB_SetCurrentMode
                0x08008df0       0x98 ./Drivers/STM32H7xx_HAL_Driver/stm32h7xx_ll_usb.o
                0x08008df0                USB_SetCurrentMode
 .text.USB_DevInit
                0x08008e88      0x2bc ./Drivers/STM32H7xx_HAL_Driver/stm32h7xx_ll_usb.o
                0x08008e88                USB_DevInit
 .text.USB_FlushTxFifo
                0x08009144       0x64 ./Drivers/STM32H7xx_HAL_Driver/stm32h7xx_ll_usb.o
                0x08009144                USB_FlushTxFifo
 .text.USB_FlushRxFifo
                0x080091a8       0x5c ./Drivers/STM32H7xx_HAL_Driver/stm32h7xx_ll_usb.o
                0x080091a8                USB_FlushRxFifo
 .text.USB_SetDevSpeed
                0x08009204       0x32 ./Drivers/STM32H7xx_HAL_Driver/stm32h7xx_ll_usb.o
                0x08009204                USB_SetDevSpeed
 .text.USB_GetDevSpeed
                0x08009236       0x4a ./Drivers/STM32H7xx_HAL_Driver/stm32h7xx_ll_usb.o
                0x08009236                USB_GetDevSpeed
 .text.USB_ActivateEndpoint
                0x08009280      0x110 ./Drivers/STM32H7xx_HAL_Driver/stm32h7xx_ll_usb.o
                0x08009280                USB_ActivateEndpoint
 .text.USB_DeactivateEndpoint
                0x08009390      0x1b8 ./Drivers/STM32H7xx_HAL_Driver/stm32h7xx_ll_usb.o
                0x08009390                USB_DeactivateEndpoint
 .text.USB_EPStartXfer
                0x08009548      0x548 ./Drivers/STM32H7xx_HAL_Driver/stm32h7xx_ll_usb.o
                0x08009548                USB_EPStartXfer
 .text.USB_EPStopXfer
                0x08009a90      0x154 ./Drivers/STM32H7xx_HAL_Driver/stm32h7xx_ll_usb.o
                0x08009a90                USB_EPStopXfer
 .text.USB_WritePacket
                0x08009be4       0x7c ./Drivers/STM32H7xx_HAL_Driver/stm32h7xx_ll_usb.o
                0x08009be4                USB_WritePacket
 .text.USB_ReadPacket
                0x08009c60       0xb0 ./Drivers/STM32H7xx_HAL_Driver/stm32h7xx_ll_usb.o
                0x08009c60                USB_ReadPacket
 .text.USB_EPSetStall
                0x08009d10       0xdc ./Drivers/STM32H7xx_HAL_Driver/stm32h7xx_ll_usb.o
                0x08009d10                USB_EPSetStall
 .text.USB_EPClearStall
                0x08009dec       0xcc ./Drivers/STM32H7xx_HAL_Driver/stm32h7xx_ll_usb.o
                0x08009dec                USB_EPClearStall
 .text.USB_SetDevAddress
                0x08009eb8       0x4c ./Drivers/STM32H7xx_HAL_Driver/stm32h7xx_ll_usb.o
                0x08009eb8                USB_SetDevAddress
 .text.USB_DevConnect
                0x08009f04       0x42 ./Drivers/STM32H7xx_HAL_Driver/stm32h7xx_ll_usb.o
                0x08009f04                USB_DevConnect
 .text.USB_DevDisconnect
                0x08009f46       0x42 ./Drivers/STM32H7xx_HAL_Driver/stm32h7xx_ll_usb.o
                0x08009f46                USB_DevDisconnect
 .text.USB_ReadInterrupts
                0x08009f88       0x26 ./Drivers/STM32H7xx_HAL_Driver/stm32h7xx_ll_usb.o
                0x08009f88                USB_ReadInterrupts
 .text.USB_ReadDevAllOutEpInterrupt
                0x08009fae       0x34 ./Drivers/STM32H7xx_HAL_Driver/stm32h7xx_ll_usb.o
                0x08009fae                USB_ReadDevAllOutEpInterrupt
 .text.USB_ReadDevAllInEpInterrupt
                0x08009fe2       0x34 ./Drivers/STM32H7xx_HAL_Driver/stm32h7xx_ll_usb.o
                0x08009fe2                USB_ReadDevAllInEpInterrupt
 .text.USB_ReadDevOutEPInterrupt
                0x0800a016       0x3c ./Drivers/STM32H7xx_HAL_Driver/stm32h7xx_ll_usb.o
                0x0800a016                USB_ReadDevOutEPInterrupt
 .text.USB_ReadDevInEPInterrupt
                0x0800a052       0x5c ./Drivers/STM32H7xx_HAL_Driver/stm32h7xx_ll_usb.o
                0x0800a052                USB_ReadDevInEPInterrupt
 .text.USB_GetMode
                0x0800a0ae       0x1c ./Drivers/STM32H7xx_HAL_Driver/stm32h7xx_ll_usb.o
                0x0800a0ae                USB_GetMode
 *fill*         0x0800a0ca        0x2 
 .text.USB_ActivateSetup
                0x0800a0cc       0x48 ./Drivers/STM32H7xx_HAL_Driver/stm32h7xx_ll_usb.o
                0x0800a0cc                USB_ActivateSetup
 .text.USB_EP0_OutStart
                0x0800a114       0xbc ./Drivers/STM32H7xx_HAL_Driver/stm32h7xx_ll_usb.o
                0x0800a114                USB_EP0_OutStart
 .text.USB_CoreReset
                0x0800a1d0       0x62 ./Drivers/STM32H7xx_HAL_Driver/stm32h7xx_ll_usb.o
 *fill*         0x0800a232        0x2 
 .text.USBD_CDC_Init
                0x0800a234      0x1f0 ./Middlewares/ST/STM32_USB_Device_Library/usbd_cdc.o
 .text.USBD_CDC_DeInit
                0x0800a424      0x104 ./Middlewares/ST/STM32_USB_Device_Library/usbd_cdc.o
 .text.USBD_CDC_Setup
                0x0800a528      0x1b8 ./Middlewares/ST/STM32_USB_Device_Library/usbd_cdc.o
 .text.USBD_CDC_DataIn
                0x0800a6e0       0xfe ./Middlewares/ST/STM32_USB_Device_Library/usbd_cdc.o
 .text.USBD_CDC_DataOut
                0x0800a7de       0x70 ./Middlewares/ST/STM32_USB_Device_Library/usbd_cdc.o
 .text.USBD_CDC_EP0_RxReady
                0x0800a84e       0x74 ./Middlewares/ST/STM32_USB_Device_Library/usbd_cdc.o
 *fill*         0x0800a8c2        0x2 
 .text.USBD_CDC_GetFSCfgDesc
                0x0800a8c4       0x70 ./Middlewares/ST/STM32_USB_Device_Library/usbd_cdc.o
 .text.USBD_CDC_GetHSCfgDesc
                0x0800a934       0x70 ./Middlewares/ST/STM32_USB_Device_Library/usbd_cdc.o
 .text.USBD_CDC_GetOtherSpeedCfgDesc
                0x0800a9a4       0x70 ./Middlewares/ST/STM32_USB_Device_Library/usbd_cdc.o
 .text.USBD_CDC_GetDeviceQualifierDescriptor
                0x0800aa14       0x20 ./Middlewares/ST/STM32_USB_Device_Library/usbd_cdc.o
                0x0800aa14                USBD_CDC_GetDeviceQualifierDescriptor
 .text.USBD_CDC_RegisterInterface
                0x0800aa34       0x34 ./Middlewares/ST/STM32_USB_Device_Library/usbd_cdc.o
                0x0800aa34                USBD_CDC_RegisterInterface
 .text.USBD_CDC_SetTxBuffer
                0x0800aa68       0x44 ./Middlewares/ST/STM32_USB_Device_Library/usbd_cdc.o
                0x0800aa68                USBD_CDC_SetTxBuffer
 .text.USBD_CDC_SetRxBuffer
                0x0800aaac       0x3a ./Middlewares/ST/STM32_USB_Device_Library/usbd_cdc.o
                0x0800aaac                USBD_CDC_SetRxBuffer
 *fill*         0x0800aae6        0x2 
 .text.USBD_CDC_ReceivePacket
                0x0800aae8       0x6c ./Middlewares/ST/STM32_USB_Device_Library/usbd_cdc.o
                0x0800aae8                USBD_CDC_ReceivePacket
 .text.USBD_Init
                0x0800ab54       0x60 ./Middlewares/ST/STM32_USB_Device_Library/usbd_core.o
                0x0800ab54                USBD_Init
 .text.USBD_RegisterClass
                0x0800abb4       0x6c ./Middlewares/ST/STM32_USB_Device_Library/usbd_core.o
                0x0800abb4                USBD_RegisterClass
 .text.USBD_Start
                0x0800ac20       0x18 ./Middlewares/ST/STM32_USB_Device_Library/usbd_core.o
                0x0800ac20                USBD_Start
 .text.USBD_RunTestMode
                0x0800ac38       0x16 ./Middlewares/ST/STM32_USB_Device_Library/usbd_core.o
                0x0800ac38                USBD_RunTestMode
 .text.USBD_SetClassConfig
                0x0800ac4e       0x38 ./Middlewares/ST/STM32_USB_Device_Library/usbd_core.o
                0x0800ac4e                USBD_SetClassConfig
 .text.USBD_ClrClassConfig
                0x0800ac86       0x34 ./Middlewares/ST/STM32_USB_Device_Library/usbd_core.o
                0x0800ac86                USBD_ClrClassConfig
 .text.USBD_LL_SetupStage
                0x0800acba       0xaa ./Middlewares/ST/STM32_USB_Device_Library/usbd_core.o
                0x0800acba                USBD_LL_SetupStage
 .text.USBD_LL_DataOutStage
                0x0800ad64      0x166 ./Middlewares/ST/STM32_USB_Device_Library/usbd_core.o
                0x0800ad64                USBD_LL_DataOutStage
 .text.USBD_LL_DataInStage
                0x0800aeca      0x164 ./Middlewares/ST/STM32_USB_Device_Library/usbd_core.o
                0x0800aeca                USBD_LL_DataInStage
 .text.USBD_LL_Reset
                0x0800b02e       0xa4 ./Middlewares/ST/STM32_USB_Device_Library/usbd_core.o
                0x0800b02e                USBD_LL_Reset
 .text.USBD_LL_SetSpeed
                0x0800b0d2       0x20 ./Middlewares/ST/STM32_USB_Device_Library/usbd_core.o
                0x0800b0d2                USBD_LL_SetSpeed
 .text.USBD_LL_Suspend
                0x0800b0f2       0x38 ./Middlewares/ST/STM32_USB_Device_Library/usbd_core.o
                0x0800b0f2                USBD_LL_Suspend
 .text.USBD_LL_Resume
                0x0800b12a       0x30 ./Middlewares/ST/STM32_USB_Device_Library/usbd_core.o
                0x0800b12a                USBD_LL_Resume
 .text.USBD_LL_SOF
                0x0800b15a       0x40 ./Middlewares/ST/STM32_USB_Device_Library/usbd_core.o
                0x0800b15a                USBD_LL_SOF
 .text.USBD_LL_IsoINIncomplete
                0x0800b19a       0x64 ./Middlewares/ST/STM32_USB_Device_Library/usbd_core.o
                0x0800b19a                USBD_LL_IsoINIncomplete
 .text.USBD_LL_IsoOUTIncomplete
                0x0800b1fe       0x64 ./Middlewares/ST/STM32_USB_Device_Library/usbd_core.o
                0x0800b1fe                USBD_LL_IsoOUTIncomplete
 .text.USBD_LL_DevConnected
                0x0800b262       0x16 ./Middlewares/ST/STM32_USB_Device_Library/usbd_core.o
                0x0800b262                USBD_LL_DevConnected
 .text.USBD_LL_DevDisconnected
                0x0800b278       0x46 ./Middlewares/ST/STM32_USB_Device_Library/usbd_core.o
                0x0800b278                USBD_LL_DevDisconnected
 .text.USBD_CoreFindIF
                0x0800b2be       0x1a ./Middlewares/ST/STM32_USB_Device_Library/usbd_core.o
                0x0800b2be                USBD_CoreFindIF
 .text.USBD_CoreFindEP
                0x0800b2d8       0x1a ./Middlewares/ST/STM32_USB_Device_Library/usbd_core.o
                0x0800b2d8                USBD_CoreFindEP
 .text.USBD_GetEpDesc
                0x0800b2f2       0x70 ./Middlewares/ST/STM32_USB_Device_Library/usbd_core.o
                0x0800b2f2                USBD_GetEpDesc
 .text.USBD_GetNextDesc
                0x0800b362       0x38 ./Middlewares/ST/STM32_USB_Device_Library/usbd_core.o
                0x0800b362                USBD_GetNextDesc
 .text.SWAPBYTE
                0x0800b39a       0x3e ./Middlewares/ST/STM32_USB_Device_Library/usbd_ctlreq.o
 .text.USBD_StdDevReq
                0x0800b3d8       0xe4 ./Middlewares/ST/STM32_USB_Device_Library/usbd_ctlreq.o
                0x0800b3d8                USBD_StdDevReq
 .text.USBD_StdItfReq
                0x0800b4bc       0xd8 ./Middlewares/ST/STM32_USB_Device_Library/usbd_ctlreq.o
                0x0800b4bc                USBD_StdItfReq
 .text.USBD_StdEPReq
                0x0800b594      0x33a ./Middlewares/ST/STM32_USB_Device_Library/usbd_ctlreq.o
                0x0800b594                USBD_StdEPReq
 *fill*         0x0800b8ce        0x2 
 .text.USBD_GetDescriptor
                0x0800b8d0      0x328 ./Middlewares/ST/STM32_USB_Device_Library/usbd_ctlreq.o
 .text.USBD_SetAddress
                0x0800bbf8       0x88 ./Middlewares/ST/STM32_USB_Device_Library/usbd_ctlreq.o
 .text.USBD_SetConfig
                0x0800bc80      0x154 ./Middlewares/ST/STM32_USB_Device_Library/usbd_ctlreq.o
 .text.USBD_GetConfig
                0x0800bdd4       0x6c ./Middlewares/ST/STM32_USB_Device_Library/usbd_ctlreq.o
 .text.USBD_GetStatus
                0x0800be40       0x68 ./Middlewares/ST/STM32_USB_Device_Library/usbd_ctlreq.o
 .text.USBD_SetFeature
                0x0800bea8       0x52 ./Middlewares/ST/STM32_USB_Device_Library/usbd_ctlreq.o
 .text.USBD_ClrFeature
                0x0800befa       0x44 ./Middlewares/ST/STM32_USB_Device_Library/usbd_ctlreq.o
 .text.USBD_ParseSetupRequest
                0x0800bf3e       0x74 ./Middlewares/ST/STM32_USB_Device_Library/usbd_ctlreq.o
                0x0800bf3e                USBD_ParseSetupRequest
 .text.USBD_CtlError
                0x0800bfb2       0x22 ./Middlewares/ST/STM32_USB_Device_Library/usbd_ctlreq.o
                0x0800bfb2                USBD_CtlError
 .text.USBD_GetString
                0x0800bfd4       0xa4 ./Middlewares/ST/STM32_USB_Device_Library/usbd_ctlreq.o
                0x0800bfd4                USBD_GetString
 .text.USBD_GetLen
                0x0800c078       0x34 ./Middlewares/ST/STM32_USB_Device_Library/usbd_ctlreq.o
 .text.USBD_CtlSendData
                0x0800c0ac       0x36 ./Middlewares/ST/STM32_USB_Device_Library/usbd_ioreq.o
                0x0800c0ac                USBD_CtlSendData
 .text.USBD_CtlContinueSendData
                0x0800c0e2       0x22 ./Middlewares/ST/STM32_USB_Device_Library/usbd_ioreq.o
                0x0800c0e2                USBD_CtlContinueSendData
 .text.USBD_CtlPrepareRx
                0x0800c104       0x3a ./Middlewares/ST/STM32_USB_Device_Library/usbd_ioreq.o
                0x0800c104                USBD_CtlPrepareRx
 .text.USBD_CtlContinueRx
                0x0800c13e       0x22 ./Middlewares/ST/STM32_USB_Device_Library/usbd_ioreq.o
                0x0800c13e                USBD_CtlContinueRx
 .text.USBD_CtlSendStatus
                0x0800c160       0x26 ./Middlewares/ST/STM32_USB_Device_Library/usbd_ioreq.o
                0x0800c160                USBD_CtlSendStatus
 .text.USBD_CtlReceiveStatus
                0x0800c186       0x26 ./Middlewares/ST/STM32_USB_Device_Library/usbd_ioreq.o
                0x0800c186                USBD_CtlReceiveStatus
 .text.MX_USB_DEVICE_Init
                0x0800c1ac       0x64 ./USB_DEVICE/App/usb_device.o
                0x0800c1ac                MX_USB_DEVICE_Init
 .text.CDC_Init_FS
                0x0800c210       0x28 ./USB_DEVICE/App/usbd_cdc_if.o
 .text.CDC_DeInit_FS
                0x0800c238       0x10 ./USB_DEVICE/App/usbd_cdc_if.o
 .text.CDC_Control_FS
                0x0800c248       0xbc ./USB_DEVICE/App/usbd_cdc_if.o
 .text.CDC_Receive_FS
                0x0800c304       0x28 ./USB_DEVICE/App/usbd_cdc_if.o
 .text.CDC_TransmitCplt_FS
                0x0800c32c       0x22 ./USB_DEVICE/App/usbd_cdc_if.o
 *fill*         0x0800c34e        0x2 
 .text.USBD_FS_DeviceDescriptor
                0x0800c350       0x24 ./USB_DEVICE/App/usbd_desc.o
                0x0800c350                USBD_FS_DeviceDescriptor
 .text.USBD_FS_LangIDStrDescriptor
                0x0800c374       0x24 ./USB_DEVICE/App/usbd_desc.o
                0x0800c374                USBD_FS_LangIDStrDescriptor
 .text.USBD_FS_ProductStrDescriptor
                0x0800c398       0x3c ./USB_DEVICE/App/usbd_desc.o
                0x0800c398                USBD_FS_ProductStrDescriptor
 .text.USBD_FS_ManufacturerStrDescriptor
                0x0800c3d4       0x28 ./USB_DEVICE/App/usbd_desc.o
                0x0800c3d4                USBD_FS_ManufacturerStrDescriptor
 .text.USBD_FS_SerialStrDescriptor
                0x0800c3fc       0x24 ./USB_DEVICE/App/usbd_desc.o
                0x0800c3fc                USBD_FS_SerialStrDescriptor
 .text.USBD_FS_ConfigStrDescriptor
                0x0800c420       0x3c ./USB_DEVICE/App/usbd_desc.o
                0x0800c420                USBD_FS_ConfigStrDescriptor
 .text.USBD_FS_InterfaceStrDescriptor
                0x0800c45c       0x3c ./USB_DEVICE/App/usbd_desc.o
                0x0800c45c                USBD_FS_InterfaceStrDescriptor
 .text.Get_SerialNum
                0x0800c498       0x58 ./USB_DEVICE/App/usbd_desc.o
 .text.IntToUnicode
                0x0800c4f0       0x7e ./USB_DEVICE/App/usbd_desc.o
 *fill*         0x0800c56e        0x2 
 .text.HAL_PCD_MspInit
                0x0800c570       0xe8 ./USB_DEVICE/Target/usbd_conf.o
                0x0800c570                HAL_PCD_MspInit
 .text.HAL_PCD_SetupStageCallback
                0x0800c658       0x24 ./USB_DEVICE/Target/usbd_conf.o
                0x0800c658                HAL_PCD_SetupStageCallback
 .text.HAL_PCD_DataOutStageCallback
                0x0800c67c       0x36 ./USB_DEVICE/Target/usbd_conf.o
                0x0800c67c                HAL_PCD_DataOutStageCallback
 .text.HAL_PCD_DataInStageCallback
                0x0800c6b2       0x34 ./USB_DEVICE/Target/usbd_conf.o
                0x0800c6b2                HAL_PCD_DataInStageCallback
 .text.HAL_PCD_SOFCallback
                0x0800c6e6       0x1c ./USB_DEVICE/Target/usbd_conf.o
                0x0800c6e6                HAL_PCD_SOFCallback
 .text.HAL_PCD_ResetCallback
                0x0800c702       0x50 ./USB_DEVICE/Target/usbd_conf.o
                0x0800c702                HAL_PCD_ResetCallback
 *fill*         0x0800c752        0x2 
 .text.HAL_PCD_SuspendCallback
                0x0800c754       0x4c ./USB_DEVICE/Target/usbd_conf.o
                0x0800c754                HAL_PCD_SuspendCallback
 .text.HAL_PCD_ResumeCallback
                0x0800c7a0       0x1c ./USB_DEVICE/Target/usbd_conf.o
                0x0800c7a0                HAL_PCD_ResumeCallback
 .text.HAL_PCD_ISOOUTIncompleteCallback
                0x0800c7bc       0x24 ./USB_DEVICE/Target/usbd_conf.o
                0x0800c7bc                HAL_PCD_ISOOUTIncompleteCallback
 .text.HAL_PCD_ISOINIncompleteCallback
                0x0800c7e0       0x24 ./USB_DEVICE/Target/usbd_conf.o
                0x0800c7e0                HAL_PCD_ISOINIncompleteCallback
 .text.HAL_PCD_ConnectCallback
                0x0800c804       0x1c ./USB_DEVICE/Target/usbd_conf.o
                0x0800c804                HAL_PCD_ConnectCallback
 .text.HAL_PCD_DisconnectCallback
                0x0800c820       0x1c ./USB_DEVICE/Target/usbd_conf.o
                0x0800c820                HAL_PCD_DisconnectCallback
 .text.USBD_LL_Init
                0x0800c83c       0xa0 ./USB_DEVICE/Target/usbd_conf.o
                0x0800c83c                USBD_LL_Init
 .text.USBD_LL_Start
                0x0800c8dc       0x36 ./USB_DEVICE/Target/usbd_conf.o
                0x0800c8dc                USBD_LL_Start
 .text.USBD_LL_OpenEP
                0x0800c912       0x4c ./USB_DEVICE/Target/usbd_conf.o
                0x0800c912                USBD_LL_OpenEP
 .text.USBD_LL_CloseEP
                0x0800c95e       0x3e ./USB_DEVICE/Target/usbd_conf.o
                0x0800c95e                USBD_LL_CloseEP
 .text.USBD_LL_StallEP
                0x0800c99c       0x3e ./USB_DEVICE/Target/usbd_conf.o
                0x0800c99c                USBD_LL_StallEP
 .text.USBD_LL_ClearStallEP
                0x0800c9da       0x3e ./USB_DEVICE/Target/usbd_conf.o
                0x0800c9da                USBD_LL_ClearStallEP
 .text.USBD_LL_IsStallEP
                0x0800ca18       0x58 ./USB_DEVICE/Target/usbd_conf.o
                0x0800ca18                USBD_LL_IsStallEP
 .text.USBD_LL_SetUSBAddress
                0x0800ca70       0x3e ./USB_DEVICE/Target/usbd_conf.o
                0x0800ca70                USBD_LL_SetUSBAddress
 .text.USBD_LL_Transmit
                0x0800caae       0x42 ./USB_DEVICE/Target/usbd_conf.o
                0x0800caae                USBD_LL_Transmit
 .text.USBD_LL_PrepareReceive
                0x0800caf0       0x42 ./USB_DEVICE/Target/usbd_conf.o
                0x0800caf0                USBD_LL_PrepareReceive
 .text.USBD_LL_GetRxDataSize
                0x0800cb32       0x26 ./USB_DEVICE/Target/usbd_conf.o
                0x0800cb32                USBD_LL_GetRxDataSize
 .text.USBD_static_malloc
                0x0800cb58       0x1c ./USB_DEVICE/Target/usbd_conf.o
                0x0800cb58                USBD_static_malloc
 .text.USBD_static_free
                0x0800cb74       0x14 ./USB_DEVICE/Target/usbd_conf.o
                0x0800cb74                USBD_static_free
 .text.USBD_Get_USB_Status
                0x0800cb88       0x58 ./USB_DEVICE/Target/usbd_conf.o
                0x0800cb88                USBD_Get_USB_Status
 .text.sbrk_aligned
                0x0800cbe0       0x44 C:/ST/STM32CubeIDE_1.17.0/STM32CubeIDE/plugins/com.st.stm32cube.ide.mcu.externaltools.gnu-tools-for-stm32.13.3.rel1.win32_1.0.100.202509120712/tools/bin/../lib/gcc/arm-none-eabi/13.3.1/../../../../arm-none-eabi/lib/thumb/v7e-m+dp/hard\libc_nano.a(libc_a-mallocr.o)
 .text._malloc_r
                0x0800cc24      0x100 C:/ST/STM32CubeIDE_1.17.0/STM32CubeIDE/plugins/com.st.stm32cube.ide.mcu.externaltools.gnu-tools-for-stm32.13.3.rel1.win32_1.0.100.202509120712/tools/bin/../lib/gcc/arm-none-eabi/13.3.1/../../../../arm-none-eabi/lib/thumb/v7e-m+dp/hard\libc_nano.a(libc_a-mallocr.o)
                0x0800cc24                _malloc_r
 .text.__malloc_lock
                0x0800cd24        0xc C:/ST/STM32CubeIDE_1.17.0/STM32CubeIDE/plugins/com.st.stm32cube.ide.mcu.externaltools.gnu-tools-for-stm32.13.3.rel1.win32_1.0.100.202509120712/tools/bin/../lib/gcc/arm-none-eabi/13.3.1/../../../../arm-none-eabi/lib/thumb/v7e-m+dp/hard\libc_nano.a(libc_a-mlock.o)
                0x0800cd24                __malloc_lock
 .text.__malloc_unlock
                0x0800cd30        0xc C:/ST/STM32CubeIDE_1.17.0/STM32CubeIDE/plugins/com.st.stm32cube.ide.mcu.externaltools.gnu-tools-for-stm32.13.3.rel1.win32_1.0.100.202509120712/tools/bin/../lib/gcc/arm-none-eabi/13.3.1/../../../../arm-none-eabi/lib/thumb/v7e-m+dp/hard\libc_nano.a(libc_a-mlock.o)
                0x0800cd30                __malloc_unlock
 .text.std      0x0800cd3c       0x6c C:/ST/STM32CubeIDE_1.17.0/STM32CubeIDE/plugins/com.st.stm32cube.ide.mcu.externaltools.gnu-tools-for-stm32.13.3.rel1.win32_1.0.100.202509120712/tools/bin/../lib/gcc/arm-none-eabi/13.3.1/../../../../arm-none-eabi/lib/thumb/v7e-m+dp/hard\libc_nano.a(libc_a-findfp.o)
 .text.stdio_exit_handler
                0x0800cda8       0x18 C:/ST/STM32CubeIDE_1.17.0/STM32CubeIDE/plugins/com.st.stm32cube.ide.mcu.externaltools.gnu-tools-for-stm32.13.3.rel1.win32_1.0.100.202509120712/tools/bin/../lib/gcc/arm-none-eabi/13.3.1/../../../../arm-none-eabi/lib/thumb/v7e-m+dp/hard\libc_nano.a(libc_a-findfp.o)
 .text.cleanup_stdio
                0x0800cdc0       0x40 C:/ST/STM32CubeIDE_1.17.0/STM32CubeIDE/plugins/com.st.stm32cube.ide.mcu.externaltools.gnu-tools-for-stm32.13.3.rel1.win32_1.0.100.202509120712/tools/bin/../lib/gcc/arm-none-eabi/13.3.1/../../../../arm-none-eabi/lib/thumb/v7e-m+dp/hard\libc_nano.a(libc_a-findfp.o)
 .text.global_stdio_init.part.0
                0x0800ce00       0x3c C:/ST/STM32CubeIDE_1.17.0/STM32CubeIDE/plugins/com.st.stm32cube.ide.mcu.externaltools.gnu-tools-for-stm32.13.3.rel1.win32_1.0.100.202509120712/tools/bin/../lib/gcc/arm-none-eabi/13.3.1/../../../../arm-none-eabi/lib/thumb/v7e-m+dp/hard\libc_nano.a(libc_a-findfp.o)
 .text.__sfp_lock_acquire
                0x0800ce3c        0xc C:/ST/STM32CubeIDE_1.17.0/STM32CubeIDE/plugins/com.st.stm32cube.ide.mcu.externaltools.gnu-tools-for-stm32.13.3.rel1.win32_1.0.100.202509120712/tools/bin/../lib/gcc/arm-none-eabi/13.3.1/../../../../arm-none-eabi/lib/thumb/v7e-m+dp/hard\libc_nano.a(libc_a-findfp.o)
                0x0800ce3c                __sfp_lock_acquire
 .text.__sfp_lock_release
                0x0800ce48        0xc C:/ST/STM32CubeIDE_1.17.0/STM32CubeIDE/plugins/com.st.stm32cube.ide.mcu.externaltools.gnu-tools-for-stm32.13.3.rel1.win32_1.0.100.202509120712/tools/bin/../lib/gcc/arm-none-eabi/13.3.1/../../../../arm-none-eabi/lib/thumb/v7e-m+dp/hard\libc_nano.a(libc_a-findfp.o)
                0x0800ce48                __sfp_lock_release
 .text.__sinit  0x0800ce54       0x30 C:/ST/STM32CubeIDE_1.17.0/STM32CubeIDE/plugins/com.st.stm32cube.ide.mcu.externaltools.gnu-tools-for-stm32.13.3.rel1.win32_1.0.100.202509120712/tools/bin/../lib/gcc/arm-none-eabi/13.3.1/../../../../arm-none-eabi/lib/thumb/v7e-m+dp/hard\libc_nano.a(libc_a-findfp.o)
                0x0800ce54                __sinit
 .text._fwalk_sglue
                0x0800ce84       0x3c C:/ST/STM32CubeIDE_1.17.0/STM32CubeIDE/plugins/com.st.stm32cube.ide.mcu.externaltools.gnu-tools-for-stm32.13.3.rel1.win32_1.0.100.202509120712/tools/bin/../lib/gcc/arm-none-eabi/13.3.1/../../../../arm-none-eabi/lib/thumb/v7e-m+dp/hard\libc_nano.a(libc_a-fwalk.o)
                0x0800ce84                _fwalk_sglue
 .text._puts_r  0x0800cec0       0xaa C:/ST/STM32CubeIDE_1.17.0/STM32CubeIDE/plugins/com.st.stm32cube.ide.mcu.externaltools.gnu-tools-for-stm32.13.3.rel1.win32_1.0.100.202509120712/tools/bin/../lib/gcc/arm-none-eabi/13.3.1/../../../../arm-none-eabi/lib/thumb/v7e-m+dp/hard\libc_nano.a(libc_a-puts.o)
                0x0800cec0                _puts_r
 *fill*         0x0800cf6a        0x2 
 .text.puts     0x0800cf6c       0x10 C:/ST/STM32CubeIDE_1.17.0/STM32CubeIDE/plugins/com.st.stm32cube.ide.mcu.externaltools.gnu-tools-for-stm32.13.3.rel1.win32_1.0.100.202509120712/tools/bin/../lib/gcc/arm-none-eabi/13.3.1/../../../../arm-none-eabi/lib/thumb/v7e-m+dp/hard\libc_nano.a(libc_a-puts.o)
                0x0800cf6c                puts
 .text.__sread  0x0800cf7c       0x22 C:/ST/STM32CubeIDE_1.17.0/STM32CubeIDE/plugins/com.st.stm32cube.ide.mcu.externaltools.gnu-tools-for-stm32.13.3.rel1.win32_1.0.100.202509120712/tools/bin/../lib/gcc/arm-none-eabi/13.3.1/../../../../arm-none-eabi/lib/thumb/v7e-m+dp/hard\libc_nano.a(libc_a-stdio.o)
                0x0800cf7c                __sread
 .text.__swrite
                0x0800cf9e       0x38 C:/ST/STM32CubeIDE_1.17.0/STM32CubeIDE/plugins/com.st.stm32cube.ide.mcu.externaltools.gnu-tools-for-stm32.13.3.rel1.win32_1.0.100.202509120712/tools/bin/../lib/gcc/arm-none-eabi/13.3.1/../../../../arm-none-eabi/lib/thumb/v7e-m+dp/hard\libc_nano.a(libc_a-stdio.o)
                0x0800cf9e                __swrite
 .text.__sseek  0x0800cfd6       0x24 C:/ST/STM32CubeIDE_1.17.0/STM32CubeIDE/plugins/com.st.stm32cube.ide.mcu.externaltools.gnu-tools-for-stm32.13.3.rel1.win32_1.0.100.202509120712/tools/bin/../lib/gcc/arm-none-eabi/13.3.1/../../../../arm-none-eabi/lib/thumb/v7e-m+dp/hard\libc_nano.a(libc_a-stdio.o)
                0x0800cfd6                __sseek
 .text.__sclose
                0x0800cffa        0x8 C:/ST/STM32CubeIDE_1.17.0/STM32CubeIDE/plugins/com.st.stm32cube.ide.mcu.externaltools.gnu-tools-for-stm32.13.3.rel1.win32_1.0.100.202509120712/tools/bin/../lib/gcc/arm-none-eabi/13.3.1/../../../../arm-none-eabi/lib/thumb/v7e-m+dp/hard\libc_nano.a(libc_a-stdio.o)
                0x0800cffa                __sclose
 .text.__swbuf_r
                0x0800d002       0x7c C:/ST/STM32CubeIDE_1.17.0/STM32CubeIDE/plugins/com.st.stm32cube.ide.mcu.externaltools.gnu-tools-for-stm32.13.3.rel1.win32_1.0.100.202509120712/tools/bin/../lib/gcc/arm-none-eabi/13.3.1/../../../../arm-none-eabi/lib/thumb/v7e-m+dp/hard\libc_nano.a(libc_a-wbuf.o)
                0x0800d002                __swbuf_r
 *fill*         0x0800d07e        0x2 
 .text.__swsetup_r
                0x0800d080       0xac C:/ST/STM32CubeIDE_1.17.0/STM32CubeIDE/plugins/com.st.stm32cube.ide.mcu.externaltools.gnu-tools-for-stm32.13.3.rel1.win32_1.0.100.202509120712/tools/bin/../lib/gcc/arm-none-eabi/13.3.1/../../../../arm-none-eabi/lib/thumb/v7e-m+dp/hard\libc_nano.a(libc_a-wsetup.o)
                0x0800d080                __swsetup_r
 .text.memset   0x0800d12c       0x10 C:/ST/STM32CubeIDE_1.17.0/STM32CubeIDE/plugins/com.st.stm32cube.ide.mcu.externaltools.gnu-tools-for-stm32.13.3.rel1.win32_1.0.100.202509120712/tools/bin/../lib/gcc/arm-none-eabi/13.3.1/../../../../arm-none-eabi/lib/thumb/v7e-m+dp/hard\libc_nano.a(libc_a-memset.o)
                0x0800d12c                memset
 .text._close_r
                0x0800d13c       0x20 C:/ST/STM32CubeIDE_1.17.0/STM32CubeIDE/plugins/com.st.stm32cube.ide.mcu.externaltools.gnu-tools-for-stm32.13.3.rel1.win32_1.0.100.202509120712/tools/bin/../lib/gcc/arm-none-eabi/13.3.1/../../../../arm-none-eabi/lib/thumb/v7e-m+dp/hard\libc_nano.a(libc_a-closer.o)
                0x0800d13c                _close_r
 .text._lseek_r
                0x0800d15c       0x24 C:/ST/STM32CubeIDE_1.17.0/STM32CubeIDE/plugins/com.st.stm32cube.ide.mcu.externaltools.gnu-tools-for-stm32.13.3.rel1.win32_1.0.100.202509120712/tools/bin/../lib/gcc/arm-none-eabi/13.3.1/../../../../arm-none-eabi/lib/thumb/v7e-m+dp/hard\libc_nano.a(libc_a-lseekr.o)
                0x0800d15c                _lseek_r
 .text._read_r  0x0800d180       0x24 C:/ST/STM32CubeIDE_1.17.0/STM32CubeIDE/plugins/com.st.stm32cube.ide.mcu.externaltools.gnu-tools-for-stm32.13.3.rel1.win32_1.0.100.202509120712/tools/bin/../lib/gcc/arm-none-eabi/13.3.1/../../../../arm-none-eabi/lib/thumb/v7e-m+dp/hard\libc_nano.a(libc_a-readr.o)
                0x0800d180                _read_r
 .text._sbrk_r  0x0800d1a4       0x20 C:/ST/STM32CubeIDE_1.17.0/STM32CubeIDE/plugins/com.st.stm32cube.ide.mcu.externaltools.gnu-tools-for-stm32.13.3.rel1.win32_1.0.100.202509120712/tools/bin/../lib/gcc/arm-none-eabi/13.3.1/../../../../arm-none-eabi/lib/thumb/v7e-m+dp/hard\libc_nano.a(libc_a-sbrkr.o)
                0x0800d1a4                _sbrk_r
 .text._write_r
                0x0800d1c4       0x24 C:/ST/STM32CubeIDE_1.17.0/STM32CubeIDE/plugins/com.st.stm32cube.ide.mcu.externaltools.gnu-tools-for-stm32.13.3.rel1.win32_1.0.100.202509120712/tools/bin/../lib/gcc/arm-none-eabi/13.3.1/../../../../arm-none-eabi/lib/thumb/v7e-m+dp/hard\libc_nano.a(libc_a-writer.o)
                0x0800d1c4                _write_r
 .text.__errno  0x0800d1e8        0xc C:/ST/STM32CubeIDE_1.17.0/STM32CubeIDE/plugins/com.st.stm32cube.ide.mcu.externaltools.gnu-tools-for-stm32.13.3.rel1.win32_1.0.100.202509120712/tools/bin/../lib/gcc/arm-none-eabi/13.3.1/../../../../arm-none-eabi/lib/thumb/v7e-m+dp/hard\libc_nano.a(libc_a-errno.o)
                0x0800d1e8                __errno
 .text.__libc_init_array
                0x0800d1f4       0x48 C:/ST/STM32CubeIDE_1.17.0/STM32CubeIDE/plugins/com.st.stm32cube.ide.mcu.externaltools.gnu-tools-for-stm32.13.3.rel1.win32_1.0.100.202509120712/tools/bin/../lib/gcc/arm-none-eabi/13.3.1/../../../../arm-none-eabi/lib/thumb/v7e-m+dp/hard\libc_nano.a(libc_a-init.o)
                0x0800d1f4                __libc_init_array
 .text.__retarget_lock_init_recursive
                0x0800d23c        0x2 C:/ST/STM32CubeIDE_1.17.0/STM32CubeIDE/plugins/com.st.stm32cube.ide.mcu.externaltools.gnu-tools-for-stm32.13.3.rel1.win32_1.0.100.202509120712/tools/bin/../lib/gcc/arm-none-eabi/13.3.1/../../../../arm-none-eabi/lib/thumb/v7e-m+dp/hard\libc_nano.a(libc_a-lock.o)
                0x0800d23c                __retarget_lock_init_recursive
 .text.__retarget_lock_acquire_recursive
                0x0800d23e        0x2 C:/ST/STM32CubeIDE_1.17.0/STM32CubeIDE/plugins/com.st.stm32cube.ide.mcu.externaltools.gnu-tools-for-stm32.13.3.rel1.win32_1.0.100.202509120712/tools/bin/../lib/gcc/arm-none-eabi/13.3.1/../../../../arm-none-eabi/lib/thumb/v7e-m+dp/hard\libc_nano.a(libc_a-lock.o)
                0x0800d23e                __retarget_lock_acquire_recursive
 .text.__retarget_lock_release_recursive
                0x0800d240        0x2 C:/ST/STM32CubeIDE_1.17.0/STM32CubeIDE/plugins/com.st.stm32cube.ide.mcu.externaltools.gnu-tools-for-stm32.13.3.rel1.win32_1.0.100.202509120712/tools/bin/../lib/gcc/arm-none-eabi/13.3.1/../../../../arm-none-eabi/lib/thumb/v7e-m+dp/hard\libc_nano.a(libc_a-lock.o)
                0x0800d240                __retarget_lock_release_recursive
 .text.memcpy   0x0800d242       0x1c C:/ST/STM32CubeIDE_1.17.0/STM32CubeIDE/plugins/com.st.stm32cube.ide.mcu.externaltools.gnu-tools-for-stm32.13.3.rel1.win32_1.0.100.202509120712/tools/bin/../lib/gcc/arm-none-eabi/13.3.1/../../../../arm-none-eabi/lib/thumb/v7e-m+dp/hard\libc_nano.a(libc_a-memcpy-stub.o)
                0x0800d242                memcpy
 *fill*         0x0800d25e        0x2 
 .text._free_r  0x0800d260       0x94 C:/ST/STM32CubeIDE_1.17.0/STM32CubeIDE/plugins/com.st.stm32cube.ide.mcu.externaltools.gnu-tools-for-stm32.13.3.rel1.win32_1.0.100.202509120712/tools/bin/../lib/gcc/arm-none-eabi/13.3.1/../../../../arm-none-eabi/lib/thumb/v7e-m+dp/hard\libc_nano.a(libc_a-freer.o)
                0x0800d260                _free_r
 .text.__sflush_r
                0x0800d2f4      0x108 C:/ST/STM32CubeIDE_1.17.0/STM32CubeIDE/plugins/com.st.stm32cube.ide.mcu.externaltools.gnu-tools-for-stm32.13.3.rel1.win32_1.0.100.202509120712/tools/bin/../lib/gcc/arm-none-eabi/13.3.1/../../../../arm-none-eabi/lib/thumb/v7e-m+dp/hard\libc_nano.a(libc_a-fflush.o)
                0x0800d2f4                __sflush_r
 .text._fflush_r
                0x0800d3fc       0x50 C:/ST/STM32CubeIDE_1.17.0/STM32CubeIDE/plugins/com.st.stm32cube.ide.mcu.externaltools.gnu-tools-for-stm32.13.3.rel1.win32_1.0.100.202509120712/tools/bin/../lib/gcc/arm-none-eabi/13.3.1/../../../../arm-none-eabi/lib/thumb/v7e-m+dp/hard\libc_nano.a(libc_a-fflush.o)
                0x0800d3fc                _fflush_r
 .text.__swhatbuf_r
                0x0800d44c       0x4c C:/ST/STM32CubeIDE_1.17.0/STM32CubeIDE/plugins/com.st.stm32cube.ide.mcu.externaltools.gnu-tools-for-stm32.13.3.rel1.win32_1.0.100.202509120712/tools/bin/../lib/gcc/arm-none-eabi/13.3.1/../../../../arm-none-eabi/lib/thumb/v7e-m+dp/hard\libc_nano.a(libc_a-makebuf.o)
                0x0800d44c                __swhatbuf_r
 .text.__smakebuf_r
                0x0800d498       0x78 C:/ST/STM32CubeIDE_1.17.0/STM32CubeIDE/plugins/com.st.stm32cube.ide.mcu.externaltools.gnu-tools-for-stm32.13.3.rel1.win32_1.0.100.202509120712/tools/bin/../lib/gcc/arm-none-eabi/13.3.1/../../../../arm-none-eabi/lib/thumb/v7e-m+dp/hard\libc_nano.a(libc_a-makebuf.o)
                0x0800d498                __smakebuf_r
 .text._fstat_r
                0x0800d510       0x24 C:/ST/STM32CubeIDE_1.17.0/STM32CubeIDE/plugins/com.st.stm32cube.ide.mcu.externaltools.gnu-tools-for-stm32.13.3.rel1.win32_1.0.100.202509120712/tools/bin/../lib/gcc/arm-none-eabi/13.3.1/../../../../arm-none-eabi/lib/thumb/v7e-m+dp/hard\libc_nano.a(libc_a-fstatr.o)
                0x0800d510                _fstat_r
 .text._isatty_r
                0x0800d534       0x20 C:/ST/STM32CubeIDE_1.17.0/STM32CubeIDE/plugins/com.st.stm32cube.ide.mcu.externaltools.gnu-tools-for-stm32.13.3.rel1.win32_1.0.100.202509120712/tools/bin/../lib/gcc/arm-none-eabi/13.3.1/../../../../arm-none-eabi/lib/thumb/v7e-m+dp/hard\libc_nano.a(libc_a-isattyr.o)
                0x0800d534                _isatty_r
 *(.glue_7)
 .glue_7        0x0800d554        0x0 linker stubs
 *(.glue_7t)
 .glue_7t       0x0800d554        0x0 linker stubs
 *(.eh_frame)
 .eh_frame      0x0800d554        0x0 C:/ST/STM32CubeIDE_1.17.0/STM32CubeIDE/plugins/com.st.stm32cube.ide.mcu.externaltools.gnu-tools-for-stm32.13.3.rel1.win32_1.0.100.202509120712/tools/bin/../lib/gcc/arm-none-eabi/13.3.1/thumb/v7e-m+dp/hard/crtbegin.o
 *(.init)
 .init          0x0800d554        0x4 C:/ST/STM32CubeIDE_1.17.0/STM32CubeIDE/plugins/com.st.stm32cube.ide.mcu.externaltools.gnu-tools-for-stm32.13.3.rel1.win32_1.0.100.202509120712/tools/bin/../lib/gcc/arm-none-eabi/13.3.1/thumb/v7e-m+dp/hard/crti.o
                0x0800d554                _init
 .init          0x0800d558        0x8 C:/ST/STM32CubeIDE_1.17.0/STM32CubeIDE/plugins/com.st.stm32cube.ide.mcu.externaltools.gnu-tools-for-stm32.13.3.rel1.win32_1.0.100.202509120712/tools/bin/../lib/gcc/arm-none-eabi/13.3.1/thumb/v7e-m+dp/hard/crtn.o
 *(.fini)
 .fini          0x0800d560        0x4 C:/ST/STM32CubeIDE_1.17.0/STM32CubeIDE/plugins/com.st.stm32cube.ide.mcu.externaltools.gnu-tools-for-stm32.13.3.rel1.win32_1.0.100.202509120712/tools/bin/../lib/gcc/arm-none-eabi/13.3.1/thumb/v7e-m+dp/hard/crti.o
                0x0800d560                _fini
 .fini          0x0800d564        0x8 C:/ST/STM32CubeIDE_1.17.0/STM32CubeIDE/plugins/com.st.stm32cube.ide.mcu.externaltools.gnu-tools-for-stm32.13.3.rel1.win32_1.0.100.202509120712/tools/bin/../lib/gcc/arm-none-eabi/13.3.1/thumb/v7e-m+dp/hard/crtn.o
                0x0800d56c                        . = ALIGN (0x4)
                0x0800d56c                        _etext = .

.vfp11_veneer   0x0800d56c        0x0
 .vfp11_veneer  0x0800d56c        0x0 linker stubs

.v4_bx          0x0800d56c        0x0
 .v4_bx         0x0800d56c        0x0 linker stubs

.iplt           0x0800d56c        0x0
 .iplt          0x0800d56c        0x0 C:/ST/STM32CubeIDE_1.17.0/STM32CubeIDE/plugins/com.st.stm32cube.ide.mcu.externaltools.gnu-tools-for-stm32.13.3.rel1.win32_1.0.100.202509120712/tools/bin/../lib/gcc/arm-none-eabi/13.3.1/thumb/v7e-m+dp/hard/crtbegin.o

.rodata         0x0800d56c       0xb0
                0x0800d56c                        . = ALIGN (0x4)
 *(.rodata)
 .rodata        0x0800d56c        0xb ./Core/Src/main.o
 *fill*         0x0800d577        0x1 
 .rodata        0x0800d578       0x4c ./Drivers/STM32H7xx_HAL_Driver/stm32h7xx_hal_fdcan.o
 .rodata        0x0800d5c4       0x46 ./USB_DEVICE/App/usbd_desc.o
 *(.rodata*)
 *fill*         0x0800d60a        0x2 
 .rodata.D1CorePrescTable
                0x0800d60c       0x10 ./Common/Src/system_stm32h7xx_dualcore_boot_cm4_cm7.o
                0x0800d60c                D1CorePrescTable
                0x0800d61c                        . = ALIGN (0x4)

.ARM.extab      0x0800d61c        0x0
                0x0800d61c                        . = ALIGN (0x4)
 *(.ARM.extab* .gnu.linkonce.armextab.*)
                0x0800d61c                        . = ALIGN (0x4)

.ARM            0x0800d61c        0x0
                0x0800d61c                        . = ALIGN (0x4)
                0x0800d61c                        __exidx_start = .
 *(.ARM.exidx*)
                0x0800d61c                        __exidx_end = .
                0x0800d61c                        . = ALIGN (0x4)

.preinit_array  0x0800d61c        0x0
                0x0800d61c                        . = ALIGN (0x4)
                0x0800d61c                        PROVIDE (__preinit_array_start = .)
 *(.preinit_array*)
                0x0800d61c                        PROVIDE (__preinit_array_end = .)
                0x0800d61c                        . = ALIGN (0x4)

.init_array     0x0800d61c        0x4
                0x0800d61c                        . = ALIGN (0x4)
                0x0800d61c                        PROVIDE (__init_array_start = .)
 *(SORT_BY_NAME(.init_array.*))
 *(.init_array*)
 .init_array    0x0800d61c        0x4 C:/ST/STM32CubeIDE_1.17.0/STM32CubeIDE/plugins/com.st.stm32cube.ide.mcu.externaltools.gnu-tools-for-stm32.13.3.rel1.win32_1.0.100.202509120712/tools/bin/../lib/gcc/arm-none-eabi/13.3.1/thumb/v7e-m+dp/hard/crtbegin.o
                0x0800d620                        PROVIDE (__init_array_end = .)
                0x0800d620                        . = ALIGN (0x4)

.fini_array     0x0800d620        0x4
                0x0800d620                        . = ALIGN (0x4)
                [!provide]                        PROVIDE (__fini_array_start = .)
 *(SORT_BY_NAME(.fini_array.*))
 *(.fini_array*)
 .fini_array    0x0800d620        0x4 C:/ST/STM32CubeIDE_1.17.0/STM32CubeIDE/plugins/com.st.stm32cube.ide.mcu.externaltools.gnu-tools-for-stm32.13.3.rel1.win32_1.0.100.202509120712/tools/bin/../lib/gcc/arm-none-eabi/13.3.1/thumb/v7e-m+dp/hard/crtbegin.o
                [!provide]                        PROVIDE (__fini_array_end = .)
                0x0800d624                        . = ALIGN (0x4)
                0x0800d624                        _sidata = LOADADDR (.data)

.rel.dyn        0x0800d624        0x0
 .rel.iplt      0x0800d624        0x0 C:/ST/STM32CubeIDE_1.17.0/STM32CubeIDE/plugins/com.st.stm32cube.ide.mcu.externaltools.gnu-tools-for-stm32.13.3.rel1.win32_1.0.100.202509120712/tools/bin/../lib/gcc/arm-none-eabi/13.3.1/thumb/v7e-m+dp/hard/crtbegin.o

.data           0x24000000      0x160 load address 0x0800d624
                0x24000000                        . = ALIGN (0x4)
                0x24000000                        _sdata = .
 *(.data)
 *(.data*)
 .data.SystemCoreClock
                0x24000000        0x4 ./Common/Src/system_stm32h7xx_dualcore_boot_cm4_cm7.o
                0x24000000                SystemCoreClock
 .data.SystemD2Clock
                0x24000004        0x4 ./Common/Src/system_stm32h7xx_dualcore_boot_cm4_cm7.o
                0x24000004                SystemD2Clock
 .data.uwTickPrio
                0x24000008        0x4 ./Drivers/STM32H7xx_HAL_Driver/stm32h7xx_hal.o
                0x24000008                uwTickPrio
 .data.uwTickFreq
                0x2400000c        0x1 ./Drivers/STM32H7xx_HAL_Driver/stm32h7xx_hal.o
                0x2400000c                uwTickFreq
 *fill*         0x2400000d        0x3 
 .data.USBD_CDC_DeviceQualifierDesc
                0x24000010        0xa ./Middlewares/ST/STM32_USB_Device_Library/usbd_cdc.o
 *fill*         0x2400001a        0x2 
 .data.USBD_CDC
                0x2400001c       0x38 ./Middlewares/ST/STM32_USB_Device_Library/usbd_cdc.o
                0x2400001c                USBD_CDC
 .data.USBD_CDC_CfgDesc
                0x24000054       0x43 ./Middlewares/ST/STM32_USB_Device_Library/usbd_cdc.o
 .data.CDCInEpAdd
                0x24000097        0x1 ./Middlewares/ST/STM32_USB_Device_Library/usbd_cdc.o
 .data.CDCOutEpAdd
                0x24000098        0x1 ./Middlewares/ST/STM32_USB_Device_Library/usbd_cdc.o
 .data.CDCCmdEpAdd
                0x24000099        0x1 ./Middlewares/ST/STM32_USB_Device_Library/usbd_cdc.o
 *fill*         0x2400009a        0x2 
 .data.USBD_Interface_fops_FS
                0x2400009c       0x14 ./USB_DEVICE/App/usbd_cdc_if.o
                0x2400009c                USBD_Interface_fops_FS
 .data.FS_Desc  0x240000b0       0x20 ./USB_DEVICE/App/usbd_desc.o
                0x240000b0                FS_Desc
 .data.USBD_FS_DeviceDesc
                0x240000d0       0x12 ./USB_DEVICE/App/usbd_desc.o
                0x240000d0                USBD_FS_DeviceDesc
 *fill*         0x240000e2        0x2 
 .data.USBD_LangIDDesc
                0x240000e4        0x4 ./USB_DEVICE/App/usbd_desc.o
                0x240000e4                USBD_LangIDDesc
 .data.USBD_StringSerial
                0x240000e8       0x1a ./USB_DEVICE/App/usbd_desc.o
                0x240000e8                USBD_StringSerial
 *fill*         0x24000102        0x2 
 .data.__sglue  0x24000104        0xc C:/ST/STM32CubeIDE_1.17.0/STM32CubeIDE/plugins/com.st.stm32cube.ide.mcu.externaltools.gnu-tools-for-stm32.13.3.rel1.win32_1.0.100.202509120712/tools/bin/../lib/gcc/arm-none-eabi/13.3.1/../../../../arm-none-eabi/lib/thumb/v7e-m+dp/hard\libc_nano.a(libc_a-findfp.o)
                0x24000104                __sglue
 .data._impure_ptr
                0x24000110        0x4 C:/ST/STM32CubeIDE_1.17.0/STM32CubeIDE/plugins/com.st.stm32cube.ide.mcu.externaltools.gnu-tools-for-stm32.13.3.rel1.win32_1.0.100.202509120712/tools/bin/../lib/gcc/arm-none-eabi/13.3.1/../../../../arm-none-eabi/lib/thumb/v7e-m+dp/hard\libc_nano.a(libc_a-impure.o)
                0x24000110                _impure_ptr
 .data._impure_data
                0x24000114       0x4c C:/ST/STM32CubeIDE_1.17.0/STM32CubeIDE/plugins/com.st.stm32cube.ide.mcu.externaltools.gnu-tools-for-stm32.13.3.rel1.win32_1.0.100.202509120712/tools/bin/../lib/gcc/arm-none-eabi/13.3.1/../../../../arm-none-eabi/lib/thumb/v7e-m+dp/hard\libc_nano.a(libc_a-impure.o)
                0x24000114                _impure_data
 *(.RamFunc)
 *(.RamFunc*)
                0x24000160                        . = ALIGN (0x4)
                0x24000160                        _edata = .

.igot.plt       0x24000160        0x0 load address 0x0800d784
 .igot.plt      0x24000160        0x0 C:/ST/STM32CubeIDE_1.17.0/STM32CubeIDE/plugins/com.st.stm32cube.ide.mcu.externaltools.gnu-tools-for-stm32.13.3.rel1.win32_1.0.100.202509120712/tools/bin/../lib/gcc/arm-none-eabi/13.3.1/thumb/v7e-m+dp/hard/crtbegin.o
                0x24000160                        . = ALIGN (0x4)

.bss            0x24000160     0x1ef8 load address 0x0800d784
                0x24000160                        _sbss = .
                0x24000160                        __bss_start__ = _sbss
 *(.bss)
 .bss           0x24000160       0x1c C:/ST/STM32CubeIDE_1.17.0/STM32CubeIDE/plugins/com.st.stm32cube.ide.mcu.externaltools.gnu-tools-for-stm32.13.3.rel1.win32_1.0.100.202509120712/tools/bin/../lib/gcc/arm-none-eabi/13.3.1/thumb/v7e-m+dp/hard/crtbegin.o
 *(.bss*)
 .bss.hfdcan1   0x2400017c       0xa0 ./Core/Src/main.o
                0x2400017c                hfdcan1
 .bss.hsd1      0x2400021c       0x7c ./Core/Src/main.o
                0x2400021c                hsd1
 .bss.hspi1     0x24000298       0x88 ./Core/Src/main.o
                0x24000298                hspi1
 .bss.__sbrk_heap_end
                0x24000320        0x4 ./Core/Src/sysmem.o
 .bss.uwTick    0x24000324        0x4 ./Drivers/STM32H7xx_HAL_Driver/stm32h7xx_hal.o
                0x24000324                uwTick
 .bss.cfgidx.0  0x24000328        0x1 ./Middlewares/ST/STM32_USB_Device_Library/usbd_ctlreq.o
 *fill*         0x24000329        0x3 
 .bss.hUsbDeviceFS
                0x2400032c      0x2dc ./USB_DEVICE/App/usb_device.o
                0x2400032c                hUsbDeviceFS
 .bss.UserRxBufferFS
                0x24000608      0x800 ./USB_DEVICE/App/usbd_cdc_if.o
                0x24000608                UserRxBufferFS
 .bss.UserTxBufferFS
                0x24000e08      0x800 ./USB_DEVICE/App/usbd_cdc_if.o
                0x24000e08                UserTxBufferFS
 .bss.USBD_StrDesc
                0x24001608      0x200 ./USB_DEVICE/App/usbd_desc.o
                0x24001608                USBD_StrDesc
 .bss.hpcd_USB_OTG_FS
                0x24001808      0x4e4 ./USB_DEVICE/Target/usbd_conf.o
                0x24001808                hpcd_USB_OTG_FS
 .bss.mem.0     0x24001cec      0x220 ./USB_DEVICE/Target/usbd_conf.o
 .bss.__malloc_sbrk_start
                0x24001f0c        0x4 C:/ST/STM32CubeIDE_1.17.0/STM32CubeIDE/plugins/com.st.stm32cube.ide.mcu.externaltools.gnu-tools-for-stm32.13.3.rel1.win32_1.0.100.202509120712/tools/bin/../lib/gcc/arm-none-eabi/13.3.1/../../../../arm-none-eabi/lib/thumb/v7e-m+dp/hard\libc_nano.a(libc_a-mallocr.o)
                0x24001f0c                __malloc_sbrk_start
 .bss.__malloc_free_list
                0x24001f10        0x4 C:/ST/STM32CubeIDE_1.17.0/STM32CubeIDE/plugins/com.st.stm32cube.ide.mcu.externaltools.gnu-tools-for-stm32.13.3.rel1.win32_1.0.100.202509120712/tools/bin/../lib/gcc/arm-none-eabi/13.3.1/../../../../arm-none-eabi/lib/thumb/v7e-m+dp/hard\libc_nano.a(libc_a-mallocr.o)
                0x24001f10                __malloc_free_list
 .bss.__sf      0x24001f14      0x138 C:/ST/STM32CubeIDE_1.17.0/STM32CubeIDE/plugins/com.st.stm32cube.ide.mcu.externaltools.gnu-tools-for-stm32.13.3.rel1.win32_1.0.100.202509120712/tools/bin/../lib/gcc/arm-none-eabi/13.3.1/../../../../arm-none-eabi/lib/thumb/v7e-m+dp/hard\libc_nano.a(libc_a-findfp.o)
                0x24001f14                __sf
 .bss.__stdio_exit_handler
                0x2400204c        0x4 C:/ST/STM32CubeIDE_1.17.0/STM32CubeIDE/plugins/com.st.stm32cube.ide.mcu.externaltools.gnu-tools-for-stm32.13.3.rel1.win32_1.0.100.202509120712/tools/bin/../lib/gcc/arm-none-eabi/13.3.1/../../../../arm-none-eabi/lib/thumb/v7e-m+dp/hard\libc_nano.a(libc_a-findfp.o)
                0x2400204c                __stdio_exit_handler
 .bss.errno     0x24002050        0x4 C:/ST/STM32CubeIDE_1.17.0/STM32CubeIDE/plugins/com.st.stm32cube.ide.mcu.externaltools.gnu-tools-for-stm32.13.3.rel1.win32_1.0.100.202509120712/tools/bin/../lib/gcc/arm-none-eabi/13.3.1/../../../../arm-none-eabi/lib/thumb/v7e-m+dp/hard\libc_nano.a(libc_a-reent.o)
                0x24002050                errno
 .bss.__lock___malloc_recursive_mutex
                0x24002054        0x1 C:/ST/STM32CubeIDE_1.17.0/STM32CubeIDE/plugins/com.st.stm32cube.ide.mcu.externaltools.gnu-tools-for-stm32.13.3.rel1.win32_1.0.100.202509120712/tools/bin/../lib/gcc/arm-none-eabi/13.3.1/../../../../arm-none-eabi/lib/thumb/v7e-m+dp/hard\libc_nano.a(libc_a-lock.o)
                0x24002054                __lock___malloc_recursive_mutex
 .bss.__lock___sfp_recursive_mutex
                0x24002055        0x1 C:/ST/STM32CubeIDE_1.17.0/STM32CubeIDE/plugins/com.st.stm32cube.ide.mcu.externaltools.gnu-tools-for-stm32.13.3.rel1.win32_1.0.100.202509120712/tools/bin/../lib/gcc/arm-none-eabi/13.3.1/../../../../arm-none-eabi/lib/thumb/v7e-m+dp/hard\libc_nano.a(libc_a-lock.o)
                0x24002055                __lock___sfp_recursive_mutex
 *(COMMON)
                0x24002058                        . = ALIGN (0x4)
 *fill*         0x24002056        0x2 
                0x24002058                        _ebss = .
                0x24002058                        __bss_end__ = _ebss

._user_heap_stack
                0x24002058      0x600 load address 0x0800d784
                0x24002058                        . = ALIGN (0x8)
                [!provide]                        PROVIDE (end = .)
                0x24002058                        PROVIDE (_end = .)
                0x24002258                        . = (. + _Min_Heap_Size)
 *fill*         0x24002058      0x200 
                0x24002658                        . = (. + _Min_Stack_Size)
 *fill*         0x24002258      0x400 
                0x24002658                        . = ALIGN (0x8)

/DISCARD/
 libc.a(*)
 libm.a(*)
 libgcc.a(*)

.ARM.attributes
                0x00000000       0x2e
 *(.ARM.attributes)
 .ARM.attributes
                0x00000000       0x20 C:/ST/STM32CubeIDE_1.17.0/STM32CubeIDE/plugins/com.st.stm32cube.ide.mcu.externaltools.gnu-tools-for-stm32.13.3.rel1.win32_1.0.100.202509120712/tools/bin/../lib/gcc/arm-none-eabi/13.3.1/thumb/v7e-m+dp/hard/crti.o
 .ARM.attributes
                0x00000020       0x32 C:/ST/STM32CubeIDE_1.17.0/STM32CubeIDE/plugins/com.st.stm32cube.ide.mcu.externaltools.gnu-tools-for-stm32.13.3.rel1.win32_1.0.100.202509120712/tools/bin/../lib/gcc/arm-none-eabi/13.3.1/thumb/v7e-m+dp/hard/crtbegin.o
 .ARM.attributes
                0x00000052       0x32 ./Common/Src/system_stm32h7xx_dualcore_boot_cm4_cm7.o
 .ARM.attributes
                0x00000084       0x32 ./Core/Src/main.o
 .ARM.attributes
                0x000000b6       0x32 ./Core/Src/stm32h7xx_hal_msp.o
 .ARM.attributes
                0x000000e8       0x32 ./Core/Src/stm32h7xx_it.o
 .ARM.attributes
                0x0000011a       0x32 ./Core/Src/syscalls.o
 .ARM.attributes
                0x0000014c       0x32 ./Core/Src/sysmem.o
 .ARM.attributes
                0x0000017e       0x21 ./Core/Startup/startup_stm32h745zitx.o
 .ARM.attributes
                0x0000019f       0x32 ./Drivers/STM32H7xx_HAL_Driver/stm32h7xx_hal.o
 .ARM.attributes
                0x000001d1       0x32 ./Drivers/STM32H7xx_HAL_Driver/stm32h7xx_hal_cortex.o
 .ARM.attributes
                0x00000203       0x32 ./Drivers/STM32H7xx_HAL_Driver/stm32h7xx_hal_fdcan.o
 .ARM.attributes
                0x00000235       0x32 ./Drivers/STM32H7xx_HAL_Driver/stm32h7xx_hal_gpio.o
 .ARM.attributes
                0x00000267       0x32 ./Drivers/STM32H7xx_HAL_Driver/stm32h7xx_hal_pcd.o
 .ARM.attributes
                0x00000299       0x32 ./Drivers/STM32H7xx_HAL_Driver/stm32h7xx_hal_pcd_ex.o
 .ARM.attributes
                0x000002cb       0x32 ./Drivers/STM32H7xx_HAL_Driver/stm32h7xx_hal_pwr_ex.o
 .ARM.attributes
                0x000002fd       0x32 ./Drivers/STM32H7xx_HAL_Driver/stm32h7xx_hal_rcc.o
 .ARM.attributes
                0x0000032f       0x32 ./Drivers/STM32H7xx_HAL_Driver/stm32h7xx_hal_rcc_ex.o
 .ARM.attributes
                0x00000361       0x32 ./Drivers/STM32H7xx_HAL_Driver/stm32h7xx_hal_sd.o
 .ARM.attributes
                0x00000393       0x32 ./Drivers/STM32H7xx_HAL_Driver/stm32h7xx_hal_spi.o
 .ARM.attributes
                0x000003c5       0x32 ./Drivers/STM32H7xx_HAL_Driver/stm32h7xx_ll_sdmmc.o
 .ARM.attributes
                0x000003f7       0x32 ./Drivers/STM32H7xx_HAL_Driver/stm32h7xx_ll_usb.o
 .ARM.attributes
                0x00000429       0x32 ./Middlewares/ST/STM32_USB_Device_Library/usbd_cdc.o
 .ARM.attributes
                0x0000045b       0x32 ./Middlewares/ST/STM32_USB_Device_Library/usbd_core.o
 .ARM.attributes
                0x0000048d       0x32 ./Middlewares/ST/STM32_USB_Device_Library/usbd_ctlreq.o
 .ARM.attributes
                0x000004bf       0x32 ./Middlewares/ST/STM32_USB_Device_Library/usbd_ioreq.o
 .ARM.attributes
                0x000004f1       0x32 ./USB_DEVICE/App/usb_device.o
 .ARM.attributes
                0x00000523       0x32 ./USB_DEVICE/App/usbd_cdc_if.o
 .ARM.attributes
                0x00000555       0x32 ./USB_DEVICE/App/usbd_desc.o
 .ARM.attributes
                0x00000587       0x32 ./USB_DEVICE/Target/usbd_conf.o
 .ARM.attributes
                0x000005b9       0x32 C:/ST/STM32CubeIDE_1.17.0/STM32CubeIDE/plugins/com.st.stm32cube.ide.mcu.externaltools.gnu-tools-for-stm32.13.3.rel1.win32_1.0.100.202509120712/tools/bin/../lib/gcc/arm-none-eabi/13.3.1/../../../../arm-none-eabi/lib/thumb/v7e-m+dp/hard\libc_nano.a(libc_a-mallocr.o)
 .ARM.attributes
                0x000005eb       0x32 C:/ST/STM32CubeIDE_1.17.0/STM32CubeIDE/plugins/com.st.stm32cube.ide.mcu.externaltools.gnu-tools-for-stm32.13.3.rel1.win32_1.0.100.202509120712/tools/bin/../lib/gcc/arm-none-eabi/13.3.1/../../../../arm-none-eabi/lib/thumb/v7e-m+dp/hard\libc_nano.a(libc_a-mlock.o)
 .ARM.attributes
                0x0000061d       0x32 C:/ST/STM32CubeIDE_1.17.0/STM32CubeIDE/plugins/com.st.stm32cube.ide.mcu.externaltools.gnu-tools-for-stm32.13.3.rel1.win32_1.0.100.202509120712/tools/bin/../lib/gcc/arm-none-eabi/13.3.1/../../../../arm-none-eabi/lib/thumb/v7e-m+dp/hard\libc_nano.a(libc_a-findfp.o)
 .ARM.attributes
                0x0000064f       0x32 C:/ST/STM32CubeIDE_1.17.0/STM32CubeIDE/plugins/com.st.stm32cube.ide.mcu.externaltools.gnu-tools-for-stm32.13.3.rel1.win32_1.0.100.202509120712/tools/bin/../lib/gcc/arm-none-eabi/13.3.1/../../../../arm-none-eabi/lib/thumb/v7e-m+dp/hard\libc_nano.a(libc_a-fwalk.o)
 .ARM.attributes
                0x00000681       0x32 C:/ST/STM32CubeIDE_1.17.0/STM32CubeIDE/plugins/com.st.stm32cube.ide.mcu.externaltools.gnu-tools-for-stm32.13.3.rel1.win32_1.0.100.202509120712/tools/bin/../lib/gcc/arm-none-eabi/13.3.1/../../../../arm-none-eabi/lib/thumb/v7e-m+dp/hard\libc_nano.a(libc_a-puts.o)
 .ARM.attributes
                0x000006b3       0x32 C:/ST/STM32CubeIDE_1.17.0/STM32CubeIDE/plugins/com.st.stm32cube.ide.mcu.externaltools.gnu-tools-for-stm32.13.3.rel1.win32_1.0.100.202509120712/tools/bin/../lib/gcc/arm-none-eabi/13.3.1/../../../../arm-none-eabi/lib/thumb/v7e-m+dp/hard\libc_nano.a(libc_a-stdio.o)
 .ARM.attributes
                0x000006e5       0x32 C:/ST/STM32CubeIDE_1.17.0/STM32CubeIDE/plugins/com.st.stm32cube.ide.mcu.externaltools.gnu-tools-for-stm32.13.3.rel1.win32_1.0.100.202509120712/tools/bin/../lib/gcc/arm-none-eabi/13.3.1/../../../../arm-none-eabi/lib/thumb/v7e-m+dp/hard\libc_nano.a(libc_a-wbuf.o)
 .ARM.attributes
                0x00000717       0x32 C:/ST/STM32CubeIDE_1.17.0/STM32CubeIDE/plugins/com.st.stm32cube.ide.mcu.externaltools.gnu-tools-for-stm32.13.3.rel1.win32_1.0.100.202509120712/tools/bin/../lib/gcc/arm-none-eabi/13.3.1/../../../../arm-none-eabi/lib/thumb/v7e-m+dp/hard\libc_nano.a(libc_a-wsetup.o)
 .ARM.attributes
                0x00000749       0x32 C:/ST/STM32CubeIDE_1.17.0/STM32CubeIDE/plugins/com.st.stm32cube.ide.mcu.externaltools.gnu-tools-for-stm32.13.3.rel1.win32_1.0.100.202509120712/tools/bin/../lib/gcc/arm-none-eabi/13.3.1/../../../../arm-none-eabi/lib/thumb/v7e-m+dp/hard\libc_nano.a(libc_a-memset.o)
 .ARM.attributes
                0x0000077b       0x32 C:/ST/STM32CubeIDE_1.17.0/STM32CubeIDE/plugins/com.st.stm32cube.ide.mcu.externaltools.gnu-tools-for-stm32.13.3.rel1.win32_1.0.100.202509120712/tools/bin/../lib/gcc/arm-none-eabi/13.3.1/../../../../arm-none-eabi/lib/thumb/v7e-m+dp/hard\libc_nano.a(libc_a-closer.o)
 .ARM.attributes
                0x000007ad       0x32 C:/ST/STM32CubeIDE_1.17.0/STM32CubeIDE/plugins/com.st.stm32cube.ide.mcu.externaltools.gnu-tools-for-stm32.13.3.rel1.win32_1.0.100.202509120712/tools/bin/../lib/gcc/arm-none-eabi/13.3.1/../../../../arm-none-eabi/lib/thumb/v7e-m+dp/hard\libc_nano.a(libc_a-reent.o)
 .ARM.attributes
                0x000007df       0x32 C:/ST/STM32CubeIDE_1.17.0/STM32CubeIDE/plugins/com.st.stm32cube.ide.mcu.externaltools.gnu-tools-for-stm32.13.3.rel1.win32_1.0.100.202509120712/tools/bin/../lib/gcc/arm-none-eabi/13.3.1/../../../../arm-none-eabi/lib/thumb/v7e-m+dp/hard\libc_nano.a(libc_a-impure.o)
 .ARM.attributes
                0x00000811       0x32 C:/ST/STM32CubeIDE_1.17.0/STM32CubeIDE/plugins/com.st.stm32cube.ide.mcu.externaltools.gnu-tools-for-stm32.13.3.rel1.win32_1.0.100.202509120712/tools/bin/../lib/gcc/arm-none-eabi/13.3.1/../../../../arm-none-eabi/lib/thumb/v7e-m+dp/hard\libc_nano.a(libc_a-lseekr.o)
 .ARM.attributes