2025-11-21 14:39:03,176 [INFO] Activator:176 - 


2025-11-21 14:39:03,178 [INFO] Activator:177 - !SESSION log4j initialized
2025-11-21 14:39:04,209 [ERROR] LogOutputStream:75 - [STDERR_REDIRECT] 
2025-11-21 14:39:05,842 [INFO] LogOutputStream:77 - [STDOUT_REDIRECT] 
2025-11-21 14:39:07,227 [INFO] ApplicationProperties:184 - Using Application install path: /Applications/STM32CubeIDE.app/Contents/Eclipse/plugins/com.st.stm32cube.common.mx_6.15.0.202507011659
2025-11-21 14:39:07,238 [INFO] DbMcusXml:78 - Set database path to: /Applications/STM32CubeIDE.app/Contents/Eclipse/plugins/com.st.stm32cube.common.mx_6.15.0.202507011659//db//mcu/
2025-11-21 14:39:07,238 [INFO] ApiDb:274 - Set plugin database path to: /Applications/STM32CubeIDE.app/Contents/Eclipse/plugins/com.st.stm32cube.common.mx_6.15.0.202507011659//db//plugins/boardmanager/
2025-11-21 14:39:07,239 [WARN] ApiDb:259 - Overriding images path with different value:  => /Applications/STM32CubeIDE.app/Contents/Eclipse/plugins/com.st.stm32cube.common.mx_6.15.0.202507011659//db//plugins/mcufinder/images/
2025-11-21 14:39:07,243 [INFO] ApiDb:250 - Set database path to: /Users/jasperweng/.stmcufinder/plugins/mcufinder//mcu/
2025-11-21 14:39:07,243 [INFO] DbMcusAds:125 - Set database path to: /Users/jasperweng/.stmcufinder/plugins/mcufinder//mcu/
2025-11-21 14:39:07,244 [INFO] CrossReferenceDbSqlite:203 - Set database path to: /Users/jasperweng/.stmcufinder/plugins/mcufinder//mcu/cs/
2025-11-21 14:39:07,372 [INFO] RulesReader:64 - Compatibility file has been processed (317 Rules)
2025-11-21 14:39:07,413 [INFO] DbMcusXml:78 - Set database path to: /Applications/STM32CubeIDE.app/Contents/Eclipse/plugins/com.st.stm32cube.common.mx_6.15.0.202507011659//db//mcu/
2025-11-21 14:39:07,413 [INFO] ApiDb:274 - Set plugin database path to: /Applications/STM32CubeIDE.app/Contents/Eclipse/plugins/com.st.stm32cube.common.mx_6.15.0.202507011659//db//plugins/boardmanager/
2025-11-21 14:39:07,414 [INFO] ApiDb:261 - Set plugin images path to: /Applications/STM32CubeIDE.app/Contents/Eclipse/plugins/com.st.stm32cube.common.mx_6.15.0.202507011659//db//plugins/mcufinder/images/
2025-11-21 14:39:07,414 [WARN] DbFile:41 - Overriding database path with different value: /Users/jasperweng/.stmcufinder/plugins/mcufinder/ => /Users/jasperweng/.stmcufinder/plugins/mcufinder
2025-11-21 14:39:07,414 [INFO] ApiDb:250 - Set database path to: /Users/jasperweng/.stmcufinder/plugins/mcufinder//mcu/
2025-11-21 14:39:07,414 [WARN] DbFile:41 - Overriding database path with different value: /Users/jasperweng/.stmcufinder/plugins/mcufinder/ => /Users/jasperweng/.stmcufinder/plugins/mcufinder
2025-11-21 14:39:07,414 [INFO] DbMcusAds:125 - Set database path to: /Users/jasperweng/.stmcufinder/plugins/mcufinder//mcu/
2025-11-21 14:39:07,414 [WARN] DbFile:41 - Overriding database path with different value: /Users/jasperweng/.stmcufinder/plugins/mcufinder/ => /Users/jasperweng/.stmcufinder/plugins/mcufinder
2025-11-21 14:39:07,414 [WARN] DbFile:41 - Overriding database path with different value: /Users/jasperweng/.stmcufinder/plugins/mcufinder/ => /Users/jasperweng/.stmcufinder/plugins/mcufinder
2025-11-21 14:39:07,414 [INFO] CrossReferenceDbSqlite:203 - Set database path to: /Users/jasperweng/.stmcufinder/plugins/mcufinder//mcu/cs/
2025-11-21 14:39:07,470 [INFO] MainPanel:274 - HeapMemory: 268435456
2025-11-21 14:39:07,722 [INFO] DbMcusXml:78 - Set database path to: /Applications/STM32CubeIDE.app/Contents/Eclipse/plugins/com.st.stm32cube.common.mx_6.15.0.202507011659//db//mcu/
2025-11-21 14:39:07,722 [INFO] ApiDb:274 - Set plugin database path to: /Applications/STM32CubeIDE.app/Contents/Eclipse/plugins/com.st.stm32cube.common.mx_6.15.0.202507011659//db//plugins/boardmanager/
2025-11-21 14:39:07,722 [INFO] ApiDb:261 - Set plugin images path to: /Applications/STM32CubeIDE.app/Contents/Eclipse/plugins/com.st.stm32cube.common.mx_6.15.0.202507011659//db//plugins/mcufinder/images/
2025-11-21 14:39:07,722 [WARN] DbFile:41 - Overriding database path with different value: /Users/jasperweng/.stmcufinder/plugins/mcufinder/ => /Users/jasperweng/.stmcufinder/plugins/mcufinder
2025-11-21 14:39:07,722 [INFO] ApiDb:250 - Set database path to: /Users/jasperweng/.stmcufinder/plugins/mcufinder//mcu/
2025-11-21 14:39:07,722 [WARN] DbFile:41 - Overriding database path with different value: /Users/jasperweng/.stmcufinder/plugins/mcufinder/ => /Users/jasperweng/.stmcufinder/plugins/mcufinder
2025-11-21 14:39:07,722 [INFO] DbMcusAds:125 - Set database path to: /Users/jasperweng/.stmcufinder/plugins/mcufinder//mcu/
2025-11-21 14:39:07,722 [WARN] DbFile:41 - Overriding database path with different value: /Users/jasperweng/.stmcufinder/plugins/mcufinder/ => /Users/jasperweng/.stmcufinder/plugins/mcufinder
2025-11-21 14:39:07,722 [WARN] DbFile:41 - Overriding database path with different value: /Users/jasperweng/.stmcufinder/plugins/mcufinder/ => /Users/jasperweng/.stmcufinder/plugins/mcufinder
2025-11-21 14:39:07,722 [INFO] CrossReferenceDbSqlite:203 - Set database path to: /Users/jasperweng/.stmcufinder/plugins/mcufinder//mcu/cs/
2025-11-21 14:39:07,735 [INFO] ApplicationProperties:184 - Using Application install path: /Applications/STM32CubeIDE.app/Contents/Eclipse/plugins/com.st.stm32cube.common.mx_6.15.0.202507011659
2025-11-21 14:39:07,736 [INFO] PluginManage:196 - Search for loadable plugins [exclusion list=, ]
2025-11-21 14:39:07,738 [INFO] PluginManage:310 - Check plugin analytics
2025-11-21 14:39:08,147 [INFO] AnalyticsPlugin:253 - Accepted Software Licenses: 
2025-11-21 14:39:08,155 [INFO] AnalyticsPlugin:255 - Accepted CMSIS Pack Licenses: 
2025-11-21 14:39:08,156 [INFO] AnalyticsPlugin:257 - Accepted Firmware Licenses: 
2025-11-21 14:39:08,213 [INFO] PluginManage:359 - Loaded plugin analytics (category:tool,tabindex:-1)
2025-11-21 14:39:08,216 [INFO] PluginManage:310 - Check plugin cadmodel
2025-11-21 14:39:08,253 [INFO] CADModel:105 - Init CAD model plugin
2025-11-21 14:39:08,253 [INFO] PluginManage:359 - Loaded plugin cadmodel (category:power,tabindex:5)
2025-11-21 14:39:08,254 [INFO] PluginManage:310 - Check plugin clock
2025-11-21 14:39:08,264 [INFO] PluginManage:359 - Loaded plugin clock (category:base,tabindex:2)
2025-11-21 14:39:08,264 [INFO] PluginManage:310 - Check plugin ddr
2025-11-21 14:39:08,266 [INFO] PluginManage:359 - Loaded plugin ddr (category:tool,tabindex:6)
2025-11-21 14:39:08,267 [INFO] PluginManage:310 - Check plugin filemanager
2025-11-21 14:39:08,425 [INFO] PluginManage:359 - Loaded plugin filemanager (category:base,tabindex:10)
2025-11-21 14:39:08,426 [INFO] PluginManage:310 - Check plugin ipmanager
2025-11-21 14:39:08,432 [INFO] PluginManage:359 - Loaded plugin ipmanager (category:base,tabindex:5)
2025-11-21 14:39:08,432 [INFO] PluginManage:310 - Check plugin lpbam
2025-11-21 14:39:08,439 [INFO] PluginManage:359 - Loaded plugin lpbam (category:base,tabindex:0)
2025-11-21 14:39:08,439 [INFO] PluginManage:310 - Check plugin memorymap
2025-11-21 14:39:08,450 [INFO] PluginManage:359 - Loaded plugin memorymap (category:base,tabindex:4)
2025-11-21 14:39:08,450 [INFO] PluginManage:310 - Check plugin pinoutandconfiguration
2025-11-21 14:39:08,456 [INFO] PluginManage:359 - Loaded plugin pinoutandconfiguration (category:base,tabindex:1)
2025-11-21 14:39:08,456 [INFO] PluginManage:310 - Check plugin pinoutconfig
2025-11-21 14:39:08,530 [WARN] SupportedApi:132 - Cannot load RTOS API schema: s4s-elt-must-match.1: The content of 'definitions' must match (annotation?, (simpleType | complexType)?, (unique | key | keyref)*)). A problem was found starting at: attribute.
2025-11-21 14:39:08,665 [INFO] PluginManage:359 - Loaded plugin pinoutconfig (category:base,tabindex:0)
2025-11-21 14:39:08,665 [INFO] PluginManage:310 - Check plugin power
2025-11-21 14:39:08,675 [INFO] PluginManage:359 - Loaded plugin power (category:power,tabindex:4)
2025-11-21 14:39:08,675 [INFO] PluginManage:310 - Check plugin projectmanager
2025-11-21 14:39:08,703 [INFO] PluginManage:359 - Loaded plugin projectmanager (category:projectmanager,tabindex:4)
2025-11-21 14:39:08,704 [INFO] PluginManage:310 - Check plugin rif
2025-11-21 14:39:08,709 [INFO] PluginManage:359 - Loaded plugin rif (category:base,tabindex:3)
2025-11-21 14:39:08,709 [INFO] PluginManage:310 - Check plugin thirdparty
2025-11-21 14:39:08,891 [INFO] PluginManage:359 - Loaded plugin thirdparty (category:base,tabindex:-1)
2025-11-21 14:39:08,892 [INFO] PluginManage:310 - Check plugin tools
2025-11-21 14:39:08,891 [WARN] IntegrityCheckThread:84 - waiting for thirdparty lock release [integrity check]
2025-11-21 14:39:08,892 [INFO] IntegrityCheckThread:86 - entering critical section [integrity check]
2025-11-21 14:39:08,895 [INFO] ThirdPartyUpdaterWithRetryManager:70 - Updater plugin not ready yet. [1/15]
2025-11-21 14:39:08,895 [INFO] PluginManage:359 - Loaded plugin tools (category:base,tabindex:7)
2025-11-21 14:39:08,895 [INFO] PluginManage:310 - Check plugin tutovideos
2025-11-21 14:39:09,034 [INFO] PluginManage:359 - Loaded plugin tutovideos (category:base,tabindex:-1)
2025-11-21 14:39:09,035 [INFO] PluginManage:310 - Check plugin updater
2025-11-21 14:39:09,055 [INFO] PluginManage:359 - Loaded plugin updater (category:base,tabindex:12)
2025-11-21 14:39:09,055 [INFO] PluginManage:310 - Check plugin userauth
2025-11-21 14:39:09,059 [INFO] UserAuth:118 - Init User Auth plugin
2025-11-21 14:39:09,059 [INFO] PluginManage:359 - Loaded plugin userauth (category:base,tabindex:14)
2025-11-21 14:39:09,061 [INFO] PluginManage:283 - PluginManage : Loaded plugins [18]
2025-11-21 14:39:09,251 [INFO] PinOutPanel:1589 - setPackage(No Configuration,No Configuration)
2025-11-21 14:39:09,316 [INFO] CADModel:165 - CPN selected for project level
2025-11-21 14:39:09,317 [INFO] CADModel:114 - Register for checkConnection events
2025-11-21 14:39:09,325 [INFO] IPUIPlugin:80 - create IPUIPlugin
2025-11-21 14:39:09,325 [INFO] PluginManager:220 - loadIPPluginJar : add mdma
2025-11-21 14:39:09,329 [INFO] IPUIPlugin:80 - create IPUIPlugin
2025-11-21 14:39:09,329 [INFO] PluginManager:220 - loadIPPluginJar : add freertos
2025-11-21 14:39:09,332 [INFO] IPUIPlugin:80 - create IPUIPlugin
2025-11-21 14:39:09,332 [INFO] PluginManager:220 - loadIPPluginJar : add gic
2025-11-21 14:39:09,337 [INFO] IPUIPlugin:80 - create IPUIPlugin
2025-11-21 14:39:09,337 [INFO] PluginManager:220 - loadIPPluginJar : add adc
2025-11-21 14:39:09,338 [INFO] IPUIPlugin:80 - create IPUIPlugin
2025-11-21 14:39:09,338 [INFO] PluginManager:220 - loadIPPluginJar : add gtzc
2025-11-21 14:39:09,338 [INFO] IPUIPlugin:80 - create IPUIPlugin
2025-11-21 14:39:09,339 [INFO] PluginManager:220 - loadIPPluginJar : add quadspi
2025-11-21 14:39:09,339 [INFO] IPUIPlugin:80 - create IPUIPlugin
2025-11-21 14:39:09,339 [INFO] PluginManager:220 - loadIPPluginJar : add aes
2025-11-21 14:39:09,340 [INFO] IPUIPlugin:80 - create IPUIPlugin
2025-11-21 14:39:09,340 [INFO] PluginManager:220 - loadIPPluginJar : add pdm2pcm
2025-11-21 14:39:09,341 [INFO] IPUIPlugin:80 - create IPUIPlugin
2025-11-21 14:39:09,341 [INFO] PluginManager:220 - loadIPPluginJar : add hash
2025-11-21 14:39:09,341 [INFO] IPUIPlugin:80 - create IPUIPlugin
2025-11-21 14:39:09,341 [INFO] PluginManager:220 - loadIPPluginJar : add tim
2025-11-21 14:39:09,342 [INFO] IPUIPlugin:80 - create IPUIPlugin
2025-11-21 14:39:09,342 [INFO] PluginManager:220 - loadIPPluginJar : add tsc
2025-11-21 14:39:09,343 [INFO] IPUIPlugin:80 - create IPUIPlugin
2025-11-21 14:39:09,344 [INFO] PluginManager:220 - loadIPPluginJar : add extmemmanager
2025-11-21 14:39:09,345 [INFO] IPUIPlugin:80 - create IPUIPlugin
2025-11-21 14:39:09,345 [INFO] PluginManager:220 - loadIPPluginJar : add ts
2025-11-21 14:39:09,345 [INFO] IPUIPlugin:80 - create IPUIPlugin
2025-11-21 14:39:09,346 [INFO] PluginManager:220 - loadIPPluginJar : add radio
2025-11-21 14:39:09,346 [INFO] IPUIPlugin:80 - create IPUIPlugin
2025-11-21 14:39:09,346 [INFO] PluginManager:220 - loadIPPluginJar : add can
2025-11-21 14:39:09,347 [INFO] IPUIPlugin:80 - create IPUIPlugin
2025-11-21 14:39:09,347 [INFO] PluginManager:220 - loadIPPluginJar : add dma3
2025-11-21 14:39:09,348 [INFO] IPUIPlugin:80 - create IPUIPlugin
2025-11-21 14:39:09,348 [INFO] PluginManager:220 - loadIPPluginJar : add dfsdm
2025-11-21 14:39:09,349 [INFO] IPUIPlugin:80 - create IPUIPlugin
2025-11-21 14:39:09,349 [INFO] PluginManager:220 - loadIPPluginJar : add spi
2025-11-21 14:39:09,350 [INFO] IPUIPlugin:80 - create IPUIPlugin
2025-11-21 14:39:09,350 [INFO] PluginManager:220 - loadIPPluginJar : add gfxmmu
2025-11-21 14:39:09,351 [INFO] IPUIPlugin:80 - create IPUIPlugin
2025-11-21 14:39:09,351 [INFO] PluginManager:220 - loadIPPluginJar : add genericplugin
2025-11-21 14:39:09,352 [INFO] IPUIPlugin:80 - create IPUIPlugin
2025-11-21 14:39:09,352 [INFO] PluginManager:220 - loadIPPluginJar : add cryp
2025-11-21 14:39:09,354 [INFO] IPUIPlugin:80 - create IPUIPlugin
2025-11-21 14:39:09,354 [INFO] PluginManager:220 - loadIPPluginJar : add gpio
2025-11-21 14:39:09,356 [INFO] IPUIPlugin:80 - create IPUIPlugin
2025-11-21 14:39:09,356 [INFO] PluginManager:220 - loadIPPluginJar : add ddr_ctrl_phy
2025-11-21 14:39:09,357 [INFO] IPUIPlugin:80 - create IPUIPlugin
2025-11-21 14:39:09,357 [INFO] PluginManager:220 - loadIPPluginJar : add comp
2025-11-21 14:39:09,358 [INFO] IPUIPlugin:80 - create IPUIPlugin
2025-11-21 14:39:09,359 [INFO] PluginManager:220 - loadIPPluginJar : add tracer_emb
2025-11-21 14:39:09,359 [INFO] IPUIPlugin:80 - create IPUIPlugin
2025-11-21 14:39:09,359 [INFO] PluginManager:220 - loadIPPluginJar : add openamp
2025-11-21 14:39:09,362 [INFO] IPUIPlugin:80 - create IPUIPlugin
2025-11-21 14:39:09,362 [INFO] PluginManager:220 - loadIPPluginJar : add stm32_wpan
2025-11-21 14:39:09,366 [INFO] IPUIPlugin:80 - create IPUIPlugin
2025-11-21 14:39:09,368 [INFO] PluginManager:220 - loadIPPluginJar : add plateformsettings
2025-11-21 14:39:09,370 [INFO] IPUIPlugin:80 - create IPUIPlugin
2025-11-21 14:39:09,370 [INFO] PluginManager:220 - loadIPPluginJar : add ipddr
2025-11-21 14:39:09,372 [INFO] IPUIPlugin:80 - create IPUIPlugin
2025-11-21 14:39:09,372 [INFO] PluginManager:220 - loadIPPluginJar : add usart
2025-11-21 14:39:09,372 [INFO] IPUIPlugin:80 - create IPUIPlugin
2025-11-21 14:39:09,372 [INFO] PluginManager:220 - loadIPPluginJar : add ltdc
2025-11-21 14:39:09,374 [INFO] IPUIPlugin:80 - create IPUIPlugin
2025-11-21 14:39:09,374 [INFO] PluginManager:220 - loadIPPluginJar : add nvic
2025-11-21 14:39:09,375 [INFO] IPUIPlugin:80 - create IPUIPlugin
2025-11-21 14:39:09,375 [INFO] PluginManager:220 - loadIPPluginJar : add fatfs
2025-11-21 14:39:09,378 [INFO] IPUIPlugin:80 - create IPUIPlugin
2025-11-21 14:39:09,378 [INFO] PluginManager:220 - loadIPPluginJar : add linkedlist
2025-11-21 14:39:09,380 [INFO] IPUIPlugin:80 - create IPUIPlugin
2025-11-21 14:39:09,381 [INFO] PluginManager:220 - loadIPPluginJar : add dma
2025-11-21 14:39:09,382 [INFO] IPUIPlugin:80 - create IPUIPlugin
2025-11-21 14:39:09,382 [INFO] PluginManager:220 - loadIPPluginJar : add fmc
2025-11-21 14:39:09,383 [INFO] IPUIPlugin:80 - create IPUIPlugin
2025-11-21 14:39:09,383 [INFO] PluginManager:220 - loadIPPluginJar : add i2s
2025-11-21 14:39:09,384 [INFO] IPUIPlugin:80 - create IPUIPlugin
2025-11-21 14:39:09,384 [INFO] PluginManager:220 - loadIPPluginJar : add ucpd
2025-11-21 14:39:09,385 [INFO] IPUIPlugin:80 - create IPUIPlugin
2025-11-21 14:39:09,385 [INFO] PluginManager:220 - loadIPPluginJar : add lorawan
2025-11-21 14:39:09,386 [INFO] IPUIPlugin:80 - create IPUIPlugin
2025-11-21 14:39:09,386 [INFO] PluginManager:220 - loadIPPluginJar : add opamp
2025-11-21 14:39:09,387 [INFO] IPUIPlugin:80 - create IPUIPlugin
2025-11-21 14:39:09,388 [INFO] PluginManager:220 - loadIPPluginJar : add i3c
2025-11-21 14:39:09,389 [INFO] IPUIPlugin:80 - create IPUIPlugin
2025-11-21 14:39:09,390 [INFO] PluginManager:220 - loadIPPluginJar : add touchsensing
2025-11-21 14:39:09,391 [INFO] IPUIPlugin:80 - create IPUIPlugin
2025-11-21 14:39:09,391 [INFO] PluginManager:220 - loadIPPluginJar : add i2c
2025-11-21 14:39:09,393 [INFO] IPUIPlugin:80 - create IPUIPlugin
2025-11-21 14:39:09,393 [INFO] PluginManager:220 - loadIPPluginJar : add resmgrutility
2025-11-21 14:39:09,395 [INFO] IPUIPlugin:80 - create IPUIPlugin
2025-11-21 14:39:09,395 [INFO] PluginManager:220 - loadIPPluginJar : add sai
2025-11-21 14:39:09,396 [INFO] IPUIPlugin:80 - create IPUIPlugin
2025-11-21 14:39:09,396 [INFO] PluginManager:220 - loadIPPluginJar : add usbx
2025-11-21 14:39:09,505 [FATAL] Updater:351 - Updater called before beeing initialized
2025-11-21 14:39:09,552 [INFO] RulesReader:64 - Compatibility file has been processed (317 Rules)
2025-11-21 14:39:09,563 [INFO] RulesReader:64 - Compatibility file has been processed (317 Rules)
2025-11-21 14:39:09,571 [INFO] CADModel:165 - CPN selected for project level
2025-11-21 14:39:09,571 [INFO] CADModel:114 - Register for checkConnection events
2025-11-21 14:39:09,571 [FATAL] Updater:351 - Updater called before beeing initialized
2025-11-21 14:39:09,571 [ERROR] CADModel:125 - Updater not yet initialized, retry later 
2025-11-21 14:39:09,744 [FATAL] Updater:351 - Updater called before beeing initialized
2025-11-21 14:39:09,745 [INFO] CADModel:165 - CPN selected for project level
2025-11-21 14:39:09,745 [INFO] CADModel:114 - Register for checkConnection events
2025-11-21 14:39:09,745 [FATAL] Updater:351 - Updater called before beeing initialized
2025-11-21 14:39:09,745 [ERROR] CADModel:125 - Updater not yet initialized, retry later 
2025-11-21 14:39:09,747 [FATAL] Updater:351 - Updater called before beeing initialized
2025-11-21 14:39:09,866 [FATAL] Updater:351 - Updater called before beeing initialized
2025-11-21 14:39:09,870 [INFO] DbMcusAds:53 - JSON generation date=Mon Nov 10 04:43:01 CST 2025 (1762771381096)
2025-11-21 14:39:09,870 [FATAL] Updater:351 - Updater called before beeing initialized
2025-11-21 14:39:09,908 [WARN] DetailPanel:346 - Failed to get advertising image, set to default
2025-11-21 14:39:09,960 [FATAL] Updater:351 - Updater called before beeing initialized
2025-11-21 14:39:09,963 [FATAL] Updater:351 - Updater called before beeing initialized
2025-11-21 14:39:09,963 [FATAL] Updater:351 - Updater called before beeing initialized
2025-11-21 14:39:09,963 [WARN] DetailPanel:346 - Failed to get advertising image, set to default
2025-11-21 14:39:09,966 [FATAL] Updater:351 - Updater called before beeing initialized
2025-11-21 14:39:10,012 [ERROR] Updater:1198 - MainUpdater not yet initialized. External WinMGr cannot be set.
2025-11-21 14:39:10,019 [INFO] Updater:1134 - Updater Version found : 6.15.0
2025-11-21 14:39:10,029 [INFO] ApplicationProperties:184 - Using Application install path: /Applications/STM32CubeIDE.app/Contents/Eclipse/plugins/com.st.stm32cube.common.mx_6.15.0.202507011659
2025-11-21 14:39:10,263 [INFO] MainUpdater:2872 - connection check result : 10
2025-11-21 14:39:10,263 [INFO] MainUpdater:3604 - Updater definition file requires update
2025-11-21 14:39:10,263 [INFO] MainUpdater:289 - Updater Check For Update Now.
2025-11-21 14:39:10,264 [INFO] MicroXplorer:498 - Change Database Version : DB.6.0.150
2025-11-21 14:39:10,269 [INFO] McuFinderGlobals:63 - Set McuFinder mode to 2 (CubeIDE integrated)
2025-11-21 14:39:10,269 [INFO] UserAuth:171 - activating auth plugin
2025-11-21 14:39:10,275 [INFO] UserAuth:487 - Internet connection configuration mode: 1
2025-11-21 14:39:10,285 [INFO] JxBrowserEngine:152 - Initiate JxBrowser Engine with user profile folder
2025-11-21 14:39:10,323 [INFO] ServerAccessManage:452 - Complete download http(s) 200
2025-11-21 14:39:10,325 [INFO] ServerAccessManage:509 - Download File updaters.zip
2025-11-21 14:39:10,430 [INFO] FileExtend:248 - Unzip File : updaters.zip
2025-11-21 14:39:10,431 [INFO] FileExtend:263 - Standard Zip Deflate
2025-11-21 14:39:10,781 [INFO] ServerAccessManage:452 - Complete download http(s) 200
2025-11-21 14:39:10,787 [INFO] ServerAccessManage:509 - Download File PacksControlFlags.xml
2025-11-21 14:39:10,980 [INFO] ServerAccessManage:452 - Complete download http(s) 200
2025-11-21 14:39:10,980 [INFO] ServerAccessManage:509 - Download File cubemx.pidx
2025-11-21 14:39:11,696 [INFO] ServerAccessManage:452 - Complete download http(s) 200
2025-11-21 14:39:11,696 [INFO] ServerAccessManage:509 - Download File STMicroelectronics.X-CUBE-FREERTOS.pdsc
2025-11-21 14:39:11,900 [WARN] MainUpdater:1193 - Updater busy. Cannot search thirdparties
2025-11-21 14:39:11,900 [INFO] ThirdPartyUpdaterWithRetryManager:96 - Updater plugin is busy. [1/15]
2025-11-21 14:39:12,207 [INFO] ServerAccessManage:452 - Complete download http(s) 200
2025-11-21 14:39:12,208 [INFO] ServerAccessManage:509 - Download File STMicroelectronics.X-CUBE-MEMS1.pdsc
2025-11-21 14:39:13,677 [INFO] ServerAccessManage:452 - Complete download http(s) 200
2025-11-21 14:39:13,678 [INFO] ServerAccessManage:509 - Download File STMicroelectronics.X-CUBE-AZRTOS-H7RS.pdsc
2025-11-21 14:39:14,275 [INFO] WebApp:169 - Instantiating new browser for Auth
2025-11-21 14:39:14,432 [WARN] PackLoader:240 - Cannot read IP mode file for STMicroelectronics.X-CUBE-FREERTOS.1.4.0
2025-11-21 14:39:14,564 [INFO] CheckServerUpdateThread:120 - End of CheckServer Thread
2025-11-21 14:39:14,634 [WARN] PackLoader:240 - Cannot read IP mode file for STMicroelectronics.X-CUBE-MEMS1.12.0.0
2025-11-21 14:39:14,799 [WARN] PackLoader:240 - Cannot read IP mode file for STMicroelectronics.X-CUBE-AZRTOS-H7RS.1.2.0
2025-11-21 14:39:14,821 [INFO] PopulateThirdPartyThread:66 - Ending populate Thread
2025-11-21 14:39:14,823 [INFO] ThirdParty:1030 - CMSIS Pack Vendor :STMicroelectronics X-CUBE-FREERTOS 1.4.0
2025-11-21 14:39:14,823 [INFO] ThirdParty:1030 - CMSIS Pack Vendor :STMicroelectronics X-CUBE-MEMS1 12.0.0
2025-11-21 14:39:14,823 [INFO] ThirdParty:1030 - CMSIS Pack Vendor :STMicroelectronics X-CUBE-AZRTOS-H7RS 1.2.0
2025-11-21 14:39:14,823 [INFO] LoadServerUpdatesThread:375 - End of LoadServerUpdate Thread
2025-11-21 14:39:15,033 [WARN] PackLoader:240 - Cannot read IP mode file for STMicroelectronics.FP-SNS-MOTENVWB1.1.4.0
2025-11-21 14:39:15,045 [WARN] PackLoader:240 - Cannot read IP mode file for STMicroelectronics.FP-ATR-ASTRA1.2.0.2
2025-11-21 14:39:15,052 [WARN] PackLoader:240 - Cannot read IP mode file for STMicroelectronics.X-CUBE-SMBUS.2.1.0
2025-11-21 14:39:15,087 [WARN] PackLoader:240 - Cannot read IP mode file for STMicroelectronics.X-CUBE-AZRTOS-F7.1.1.0
2025-11-21 14:39:15,114 [WARN] PackLoader:240 - Cannot read IP mode file for Cesanta.I-CUBE-Mongoose.7.19.0
2025-11-21 14:39:15,128 [WARN] PackLoader:240 - Cannot read IP mode file for STMicroelectronics.FP-SNS-MOTENV1.5.1.0
2025-11-21 14:39:15,165 [WARN] PackLoader:240 - Cannot read IP mode file for WES.I-CUBE-Cesium.1.4.0
2025-11-21 14:39:15,214 [WARN] PackLoader:240 - Cannot read IP mode file for Infineon.AIROC-Wi-Fi-Bluetooth-STM32.1.7.1
2025-11-21 14:39:15,271 [WARN] PackLoader:240 - Cannot read IP mode file for STMicroelectronics.X-CUBE-AZRTOS-H7.3.4.0
2025-11-21 14:39:15,299 [WARN] PackLoader:240 - Cannot read IP mode file for STMicroelectronics.X-CUBE-DISPLAY.3.0.0
2025-11-21 14:39:15,312 [WARN] PackLoader:240 - Cannot read IP mode file for STMicroelectronics.X-CUBE-NFC10.1.0.0
2025-11-21 14:39:15,322 [WARN] PackLoader:240 - Cannot read IP mode file for STMicroelectronics.X-CUBE-ST60.1.1.0
2025-11-21 14:39:15,330 [WARN] PackLoader:240 - Cannot read IP mode file for emotas.I-CUBE-CANOPEN.1.3.0
2025-11-21 14:39:15,335 [WARN] PackLoader:240 - Cannot read IP mode file for STMicroelectronics.X-CUBE-GNSS1.7.1.0
2025-11-21 14:39:15,342 [WARN] PackLoader:240 - Cannot read IP mode file for STMicroelectronics.FP-SNS-STBOX1.2.1.0
2025-11-21 14:39:15,350 [WARN] PackLoader:240 - Cannot read IP mode file for STMicroelectronics.FP-SNS-SMARTAG2.1.2.0
2025-11-21 14:39:15,353 [WARN] PackLoader:240 - Cannot read IP mode file for STMicroelectronics.FP-SNS-FLIGHT1.5.1.0
2025-11-21 14:39:15,360 [INFO] LogOutputStream:77 - [STDOUT_REDIRECT] 1 : Invalid condition id : UX_CORESTACK_Condition cause : null
2025-11-21 14:39:15,363 [INFO] WebApp:463 - Apply proxy settings
2025-11-21 14:39:15,365 [INFO] LogOutputStream:77 - [STDOUT_REDIRECT] 1 : Invalid condition id : UX_CORESTACK_Condition cause : null
2025-11-21 14:39:15,366 [INFO] LogOutputStream:77 - [STDOUT_REDIRECT] 1 : Invalid condition id : UX_CORESTACK_Condition cause : null
2025-11-21 14:39:15,367 [INFO] LogOutputStream:77 - [STDOUT_REDIRECT] 1 : Invalid condition id : UX_CORESTACK_Condition cause : null
2025-11-21 14:39:15,367 [INFO] LogOutputStream:77 - [STDOUT_REDIRECT] 1 : Invalid condition id : UX_CORESTACK_Condition cause : null
2025-11-21 14:39:15,374 [WARN] PackLoader:240 - Cannot read IP mode file for STMicroelectronics.X-CUBE-AZRTOS-WL.2.0.0
2025-11-21 14:39:15,374 [INFO] WebApp:508 - Chromium authenticates against Manually configured proxy
2025-11-21 14:39:15,390 [INFO] WebApp:516 - Username used for proxy authentication: 
2025-11-21 14:39:15,395 [WARN] PackLoader:240 - Cannot read IP mode file for STMicroelectronics.X-CUBE-AZRTOS-H7RS.1.2.0
2025-11-21 14:39:15,408 [WARN] PackLoader:240 - Cannot read IP mode file for STMicroelectronics.X-CUBE-BLE2.3.3.0
2025-11-21 14:39:15,426 [INFO] WebApp:900 - Register for checkConnection events
2025-11-21 14:39:15,427 [INFO] WebApp:463 - Apply proxy settings
2025-11-21 14:39:15,433 [INFO] WebApp:508 - Chromium authenticates against Manually configured proxy
2025-11-21 14:39:15,435 [INFO] WebApp:516 - Username used for proxy authentication: 
2025-11-21 14:39:15,441 [WARN] PackLoader:240 - Cannot read IP mode file for STMicroelectronics.X-CUBE-NFC9.1.0.0
2025-11-21 14:39:15,451 [WARN] PackLoader:240 - Cannot read IP mode file for wolfSSL.I-CUBE-wolfSSL.5.8.2
2025-11-21 14:39:15,455 [WARN] PackLoader:240 - Cannot read IP mode file for STMicroelectronics.X-CUBE-BLE1.7.1.0
2025-11-21 14:39:15,458 [WARN] PackLoader:240 - Cannot read IP mode file for wolfSSL.I-CUBE-wolfMQTT.1.19.2
2025-11-21 14:39:15,471 [WARN] PackLoader:240 - Cannot read IP mode file for STMicroelectronics.X-CUBE-FREERTOS.1.4.0
2025-11-21 14:39:15,482 [WARN] PackLoader:240 - Cannot read IP mode file for STMicroelectronics.X-CUBE-EEPRMA1.5.2.0
2025-11-21 14:39:15,491 [WARN] PackLoader:240 - Cannot read IP mode file for STMicroelectronics.X-CUBE-ST67W61.1.1.0
2025-11-21 14:39:15,551 [WARN] PackLoader:240 - Cannot read IP mode file for STMicroelectronics.X-CUBE-MEMS1.12.0.0
2025-11-21 14:39:15,573 [INFO] WebApp:225 - Starting web application
2025-11-21 14:39:15,573 [INFO] WebApp:593 - Web application path used /Applications/STM32CubeIDE.app/Contents/Eclipse/plugins/com.st.stm32cube.common.mx_6.15.0.202507011659/db/plugins/mcufinder/reactClient1/index.html
2025-11-21 14:39:15,607 [WARN] PackLoader:240 - Cannot read IP mode file for STMicroelectronics.X-CUBE-AZRTOS-G0.1.1.0
2025-11-21 14:39:15,615 [WARN] PackLoader:240 - Cannot read IP mode file for STMicroelectronics.X-CUBE-NFC4.3.0.0
2025-11-21 14:39:15,632 [WARN] PackLoader:240 - Cannot read IP mode file for EmbeddedOffice.I-CUBE-FS-RTOS.1.0.1
2025-11-21 14:39:15,639 [WARN] PackLoader:240 - Cannot read IP mode file for STMicroelectronics.X-CUBE-WB05N.2.0.0
2025-11-21 14:39:15,647 [WARN] PackLoader:240 - Cannot read IP mode file for wolfSSL.I-CUBE-wolfTPM.3.8.0
2025-11-21 14:39:15,652 [WARN] PackLoader:240 - Cannot read IP mode file for STMicroelectronics.X-CUBE-TCPP.4.2.0
2025-11-21 14:39:15,664 [WARN] PackLoader:240 - Cannot read IP mode file for RealThread.X-CUBE-RT-Thread_Nano.4.1.1
2025-11-21 14:39:15,667 [WARN] PackLoader:240 - Cannot read IP mode file for STMicroelectronics.FP-ATR-SIGFOX1.3.2.0
2025-11-21 14:39:15,675 [WARN] PackLoader:240 - Cannot read IP mode file for ITTIA_DB.I-CUBE-ITTIADB.8.9.0
2025-11-21 14:39:15,680 [WARN] PackLoader:240 - Cannot read IP mode file for STMicroelectronics.X-CUBE-AI.10.2.0
2025-11-21 14:39:15,722 [WARN] PackLoader:240 - Cannot read IP mode file for SEGGER.I-CUBE-embOS.1.3.1
2025-11-21 14:39:15,750 [WARN] PackLoader:240 - Cannot read IP mode file for STMicroelectronics.X-CUBE-ALGOBUILD.1.4.0
2025-11-21 14:39:15,805 [WARN] PackLoader:240 - Cannot read IP mode file for STMicroelectronics.X-CUBE-MEMS1.11.3.0
2025-11-21 14:39:15,876 [WARN] PackLoader:240 - Cannot read IP mode file for STMicroelectronics.X-CUBE-PM33A1.1.0.0
2025-11-21 14:39:15,893 [WARN] PackLoader:240 - Cannot read IP mode file for STMicroelectronics.X-CUBE-AZRTOS-F4.1.1.0
2025-11-21 14:39:15,904 [WARN] PackLoader:240 - Cannot read IP mode file for STMicroelectronics.X-CUBE-ISPU.2.1.0
2025-11-21 14:39:15,915 [WARN] PackLoader:240 - Cannot read IP mode file for STMicroelectronics.X-CUBE-IPS.3.2.0
2025-11-21 14:39:15,928 [WARN] PackLoader:240 - Cannot read IP mode file for STMicroelectronics.X-CUBE-NFC12.1.0.0
2025-11-21 14:39:15,947 [WARN] PackLoader:240 - Cannot read IP mode file for STMicroelectronics.X-CUBE-AZRTOS-L5.2.0.0
2025-11-21 14:39:15,952 [INFO] WebApp:191 - Connection restablished
2025-11-21 14:39:15,965 [WARN] PackLoader:240 - Cannot read IP mode file for STMicroelectronics.X-CUBE-NFC6.3.1.0
2025-11-21 14:39:15,973 [WARN] PackLoader:240 - Cannot read IP mode file for STMicroelectronics.X-CUBE-FREERTOS.1.3.1
2025-11-21 14:39:15,978 [WARN] PackLoader:240 - Cannot read IP mode file for STMicroelectronics.X-CUBE-TOUCHGFX.4.26.0
2025-11-21 14:39:15,983 [WARN] PackLoader:240 - Cannot read IP mode file for STMicroelectronics.FP-SNS-STAIOTCFT.1.0.0
2025-11-21 14:39:15,988 [WARN] PackLoader:240 - Cannot read IP mode file for STMicroelectronics.X-CUBE-DPower.1.3.0
2025-11-21 14:39:16,004 [WARN] ConditionMgr:438 - getConditionDescription Invalid condition id : LAN8742 Phy interface Condition cause : null
2025-11-21 14:39:16,005 [WARN] PackLoader:240 - Cannot read IP mode file for STMicroelectronics.X-CUBE-AZRTOS-L4.2.0.0
2025-11-21 14:39:16,008 [WARN] ConditionMgr:1044 - genDependencies : Invalid condition id : LAN8742 Phy interface Condition cause : null
2025-11-21 14:39:16,008 [WARN] ConditionMgr:1044 - genDependencies : Invalid condition id : LAN8742 Phy interface Condition cause : null
2025-11-21 14:39:16,009 [WARN] ConditionMgr:1044 - genDependencies : Invalid condition id : LAN8742 Phy interface Condition cause : null
2025-11-21 14:39:16,015 [WARN] PackLoader:240 - Cannot read IP mode file for STMicroelectronics.X-CUBE-SFXS2LP1.4.0.0
2025-11-21 14:39:16,029 [WARN] PackLoader:240 - Cannot read IP mode file for STMicroelectronics.X-CUBE-BLEMGR.4.1.0
2025-11-21 14:39:16,043 [WARN] ConditionMgr:438 - getConditionDescription Invalid condition id : UX DEVICE CLASS RTOS Condition cause : null
2025-11-21 14:39:16,044 [WARN] ConditionMgr:438 - getConditionDescription Invalid condition id : UX DEVICE CLASS RTOS Condition cause : null
2025-11-21 14:39:16,047 [WARN] PackLoader:240 - Cannot read IP mode file for STMicroelectronics.X-CUBE-AZRTOS-WB.2.0.0
2025-11-21 14:39:16,048 [WARN] ConditionMgr:1044 - genDependencies : Invalid condition id : UX DEVICE CLASS RTOS Condition cause : null
2025-11-21 14:39:16,048 [WARN] ConditionMgr:1044 - genDependencies : Invalid condition id : UX DEVICE CLASS RTOS Condition cause : null
2025-11-21 14:39:16,048 [WARN] ConditionMgr:1044 - genDependencies : Invalid condition id : UX DEVICE CLASS RTOS Condition cause : null
2025-11-21 14:39:16,049 [WARN] ConditionMgr:1044 - genDependencies : Invalid condition id : UX DEVICE CLASS RTOS Condition cause : null
2025-11-21 14:39:16,049 [WARN] ConditionMgr:1044 - genDependencies : Invalid condition id : UX DEVICE CLASS RTOS Condition cause : null
2025-11-21 14:39:16,056 [WARN] ConditionMgr:438 - getConditionDescription Invalid condition id : Cortex-A Device cause : null
2025-11-21 14:39:16,066 [WARN] ConditionMgr:1044 - genDependencies : Invalid condition id : Cortex-A Device cause : null
2025-11-21 14:39:16,066 [WARN] ConditionMgr:1044 - genDependencies : Invalid condition id : Cortex-A Device cause : null
2025-11-21 14:39:16,066 [WARN] ConditionMgr:1044 - genDependencies : Invalid condition id : Cortex-A Device cause : null
2025-11-21 14:39:16,079 [WARN] PackLoader:240 - Cannot read IP mode file for STMicroelectronics.X-CUBE-SUBG2.5.0.0
2025-11-21 14:39:16,471 [WARN] PackLoader:240 - Cannot read IP mode file for STMicroelectronics.X-CUBE-AZRTOS-H7RS.1.1.0
2025-11-21 14:39:16,679 [WARN] PackLoader:240 - Cannot read IP mode file for STMicroelectronics.X-CUBE-AZRTOS-G4.2.0.0
2025-11-21 14:39:16,729 [WARN] PackLoader:240 - Cannot read IP mode file for wolfSSL.I-CUBE-wolfSSH.1.4.20
2025-11-21 14:39:16,750 [WARN] PackLoader:240 - Cannot read IP mode file for STMicroelectronics.X-CUBE-NFC7.2.0.0
2025-11-21 14:39:16,764 [WARN] PackLoader:240 - Cannot read IP mode file for STMicroelectronics.X-CUBE-ALS.1.0.2
2025-11-21 14:39:16,799 [WARN] PackLoader:240 - Cannot read IP mode file for STMicroelectronics.X-CUBE-STSE01.1.0.0
2025-11-21 14:39:16,820 [WARN] PackLoader:240 - Cannot read IP mode file for STMicroelectronics.X-CUBE-TOF1.3.4.3
2025-11-21 14:39:16,837 [INFO] ThirdParty:978 - Integrity check success = true
2025-11-21 14:39:16,837 [INFO] IntegrityCheckThread:100 - exiting critical section [integrity check]
2025-11-21 14:39:16,837 [INFO] IntegrityCheckThread:103 - End integrity checks thread
