../Core/Src/adbms_interface.c:3:6:ADBMS_Initialize	24	static
../Core/Src/adbms_interface.c:58:6:ADBMS_UpdateVoltages	24	static
../Core/Src/adbms_interface.c:88:6:ADBMS_2950_Calculate_Values	16	static
../Core/Src/adbms_interface.c:97:6:ADBMS2950_Calculate_Vbat	32	static
../Core/Src/adbms_interface.c:114:7:ADBMS_2950_Transfer_Vbat	32	static
../Core/Src/adbms_interface.c:128:6:ADBMS2950_Calculate_Current	32	static
../Core/Src/adbms_interface.c:156:7:ADBMS2950_Transfer_Current	24	static
../Core/Src/adbms_interface.c:164:7:ADBMS2950_Calculate_Post_Voltage	32	static
../Core/Src/adbms_interface.c:181:7:ADBMS_Calculate_Post_Voltage	32	static
../Core/Src/adbms_interface.c:194:7:ADBMS2950_Calculate_Shunt_Temp	24	static
../Core/Src/adbms_interface.c:211:7:ADBMS2950_Transfer_Shunt_Temp	16	static
../Core/Src/adbms_interface.c:219:6:ADBMS_UpdateTemps	24	static
../Core/Src/adbms_interface.c:237:6:ADBMS_CalculateValues_Voltages	24	static
../Core/Src/adbms_interface.c:289:6:ADBMS_CalculateValues_Temps	48	static
../Core/Src/adbms_interface.c:349:6:UpdateADInternalFault	16	static
../Core/Src/adbms_interface.c:366:6:cellBalanceOn	32	static
../Core/Src/adbms_interface.c:389:6:cellBalanceOff	24	static
../Core/Src/adbms_interface.c:402:6:UpdateOWCFault	24	static
../Core/Src/adbms_interface.c:499:6:ADBMS_Print_Vals	40	static
../Core/Src/adbms_interface.c:549:6:ADBMS_USB_Serial_Print_Vals	3560	static
