../Core/Src/adbms_interface.c:4:6:ADBMS_Initialize	24	static
../Core/Src/adbms_interface.c:59:6:ADBMS_UpdateVoltages	24	static
../Core/Src/adbms_interface.c:84:6:ADBMS_2950_Calculate_Values	16	static
../Core/Src/adbms_interface.c:91:6:ADBMS2950_Calculate_Vbat	32	static
../Core/Src/adbms_interface.c:111:7:ADBMS2950_Transfer_Vbat	24	static
../Core/Src/adbms_interface.c:118:6:ADBMS2950_Calculate_Current	32	static
../Core/Src/adbms_interface.c:137:7:ADBMS2950_Transfer_Current	24	static
../Core/Src/adbms_interface.c:146:6:ADBMS_UpdateTemps	24	static
../Core/Src/adbms_interface.c:164:6:ADBMS_CalculateValues_Voltages	24	static
../Core/Src/adbms_interface.c:220:6:ADBMS_CalculateValues_Temps	48	static
../Core/Src/adbms_interface.c:283:6:UpdateADInternalFault	16	static
../Core/Src/adbms_interface.c:300:6:cellBalanceOn	32	static
../Core/Src/adbms_interface.c:323:6:cellBalanceOff	24	static
../Core/Src/adbms_interface.c:336:6:UpdateOWCFault	32	static
../Core/Src/adbms_interface.c:433:6:ADBMS_Print_Vals	40	static
../Core/Src/adbms_interface.c:483:6:ADBMS_USB_Serial_Print_Vals	4056	static
