../Core/Src/adbms_interface.c:4:6:ADBMS_Initialize	24	static
../Core/Src/adbms_interface.c:70:6:ADBMS_UpdateVoltages	24	static
../Core/Src/adbms_interface.c:91:6:ADBMS_2950_Calculate_Values	16	static
../Core/Src/adbms_interface.c:98:6:ADBMS2950_Calculate_Vbat	32	static
../Core/Src/adbms_interface.c:118:7:ADBMS2950_Transfer_Vbat	24	static
../Core/Src/adbms_interface.c:125:6:ADBMS2950_Calculate_Current	32	static
../Core/Src/adbms_interface.c:153:7:ADBMS2950_Transfer_Current	24	static
../Core/Src/adbms_interface.c:161:6:ADBMS_UpdateTemps	24	static
../Core/Src/adbms_interface.c:179:6:ADBMS_CalculateValues_Voltages	24	static
../Core/Src/adbms_interface.c:235:6:ADBMS_CalculateValues_Temps	48	static
../Core/Src/adbms_interface.c:298:6:UpdateADInternalFault	16	static
../Core/Src/adbms_interface.c:315:6:cellBalanceOn	32	static
../Core/Src/adbms_interface.c:338:6:cellBalanceOff	24	static
../Core/Src/adbms_interface.c:351:6:UpdateOWCFault	32	static
../Core/Src/adbms_interface.c:448:6:ADBMS_Print_Vals	40	static
../Core/Src/adbms_interface.c:498:6:ADBMS_USB_Serial_Print_Vals	4056	static
