../Core/Src/bms_can.c:6:6:BMS_Initialize_Can	16	static
../Core/Src/bms_can.c:54:6:HAL_CAN_RxFifo0MsgPendingCallback	32	static
../Core/Src/bms_can.c:113:9:send_can_messages	32	static
../Core/Src/bms_can.c:128:6:drive_can_loop	8	static
../Core/Src/bms_can.c:145:6:data_can_loop	16	static
../Core/Src/bms_can.c:164:6:populateBMS_SOC	176	static
../Core/Src/bms_can.c:175:6:populateBMS_Faults	272	static
../Core/Src/bms_can.c:189:6:populateBMS_Status	240	static
../Core/Src/bms_can.c:204:6:populateBMS_VoltageMessages	280	static
../Core/Src/bms_can.c:215:6:populateBMS_TemperatureMessages	280	static
