../Core/Src/adbms_driver.c:47:10:Pec15_Calc	24	static
../Core/Src/adbms_driver.c:78:10:Pec10_Calc	32	static
../Core/Src/adbms_driver.c:145:10:Set_UnderOver_Voltage_Threshold	24	static
../Core/Src/adbms_driver.c:160:6:ADBMS_Set_Config_A_6830	32	static
../Core/Src/adbms_driver.c:176:6:ADBMS_Set_Config_B_6830	32	static
../Core/Src/adbms_driver.c:196:6:ADBMS_Set_Config_A_2950	32	static
../Core/Src/adbms_driver.c:214:6:ADBMS_Set_Config_B_2950	32	static
../Core/Src/adbms_driver.c:233:6:ADBMS_Set_ADCV	16	static
../Core/Src/adbms_driver.c:244:6:ADBMS_Set_ADSV	16	static
../Core/Src/adbms_driver.c:254:6:ADBMS_Set_ADAX	16	static
../Core/Src/adbms_driver.c:264:6:ADBMS_Set_ADAX2	16	static
../Core/Src/adbms_driver.c:270:6:ADBMS_Set_ADV	16	static
../Core/Src/adbms_driver.c:283:6:ADBMS_WakeUP_ICs	8	static
../Core/Src/adbms_driver.c:292:6:ADBMS_Write_CMD	24	static
../Core/Src/adbms_driver.c:311:6:ADBMS_Write_Data	32	static
../Core/Src/adbms_driver.c:342:6:ADBMS_Read_Data	72	static
