../Core/Src/adbms_interface.c:3:6:ADBMS_Initialize	24	static
../Core/Src/adbms_interface.c:70:6:ADBMS_2950_config	16	static
../Core/Src/adbms_interface.c:82:6:ADBMS_UpdateVoltages	96	static
../Core/Src/adbms_interface.c:127:6:ADBMS_2950_Calculate_Values	16	static
../Core/Src/adbms_interface.c:136:6:ADBMS2950_Calculate_Vbat	32	static
../Core/Src/adbms_interface.c:154:7:ADBMS_2950_Transfer_Vbat	32	static
../Core/Src/adbms_interface.c:168:6:ADBMS2950_Calculate_Current	32	static
../Core/Src/adbms_interface.c:203:7:ADBMS2950_Transfer_Current	24	static
../Core/Src/adbms_interface.c:211:7:ADBMS2950_Calculate_Post_Voltage	32	static
../Core/Src/adbms_interface.c:228:7:ADBMS_Calculate_Post_Voltage	32	static
../Core/Src/adbms_interface.c:241:7:ADBMS2950_Calculate_Shunt_Temp	24	static
../Core/Src/adbms_interface.c:258:7:ADBMS2950_Transfer_Shunt_Temp	16	static
../Core/Src/adbms_interface.c:268:6:ADBMS_UpdateTemps	24	static
../Core/Src/adbms_interface.c:286:6:ADBMS_CalculateValues_Voltages	32	static
../Core/Src/adbms_interface.c:372:6:ADBMS_CalculateValues_Temps	48	static
../Core/Src/adbms_interface.c:436:6:UpdateADInternalFault	16	static
../Core/Src/adbms_interface.c:453:6:cellBalanceOn	48	static
../Core/Src/adbms_interface.c:493:6:cellBalanceOff	24	static
../Core/Src/adbms_interface.c:506:6:Update_Owc_Fault	24	static
../Core/Src/adbms_interface.c:648:6:Update_Owc_C_Channel_Fault	24	static
../Core/Src/adbms_interface.c:788:6:ADBMS_Print_Vals	40	static
../Core/Src/adbms_interface.c:847:6:ADBMS_USB_Serial_Print_Vals	3552	static
