../Core/Src/adbms_interface.c:3:6:ADBMS_Initialize	24	static
../Core/Src/adbms_interface.c:70:6:ADBMS_2950_config	16	static
../Core/Src/adbms_interface.c:82:6:ADBMS_UpdateVoltages	24	static
../Core/Src/adbms_interface.c:115:6:ADBMS_2950_Calculate_Values	16	static
../Core/Src/adbms_interface.c:124:6:ADBMS2950_Calculate_Vbat	32	static
../Core/Src/adbms_interface.c:142:7:ADBMS_2950_Transfer_Vbat	32	static
../Core/Src/adbms_interface.c:156:6:ADBMS2950_Calculate_Current	32	static
../Core/Src/adbms_interface.c:191:7:ADBMS2950_Transfer_Current	24	static
../Core/Src/adbms_interface.c:199:7:ADBMS2950_Calculate_Post_Voltage	32	static
../Core/Src/adbms_interface.c:216:7:ADBMS_Calculate_Post_Voltage	32	static
../Core/Src/adbms_interface.c:229:7:ADBMS2950_Calculate_Shunt_Temp	24	static
../Core/Src/adbms_interface.c:246:7:ADBMS2950_Transfer_Shunt_Temp	16	static
../Core/Src/adbms_interface.c:256:6:ADBMS_UpdateTemps	24	static
../Core/Src/adbms_interface.c:274:6:ADBMS_CalculateValues_Voltages	48	static
../Core/Src/adbms_interface.c:360:6:ADBMS_CalculateValues_Temps	48	static
../Core/Src/adbms_interface.c:424:6:UpdateADInternalFault	16	static
../Core/Src/adbms_interface.c:441:6:cellBalanceOn	48	static
../Core/Src/adbms_interface.c:481:6:cellBalanceOff	24	static
../Core/Src/adbms_interface.c:494:6:Update_Owc_Fault	64	static
../Core/Src/adbms_interface.c:636:6:Update_Owc_C_Channel_Fault	64	static
../Core/Src/adbms_interface.c:776:6:ADBMS_Print_Vals	40	static
../Core/Src/adbms_interface.c:835:6:ADBMS_USB_Serial_Print_Vals	3552	static
