../Core/Src/bms.c:5:6:Bms_Mainbaord_Setup	64	static
../Core/Src/bms.c:34:6:Tick_Mainboard_Timers	8	static
../Core/Src/bms.c:40:6:bms_mainboard_loop	8	static
../Core/Src/bms.c:47:6:do_can	8	static
../Core/Src/bms.c:53:6:adbms_owc_loop	8	static
../Core/Src/bms.c:59:6:volt_temp	8	static
../Core/Src/bms.c:66:6:update_values	8	static
../Core/Src/bms.c:89:6:check_faults	24	static
../Core/Src/bms.c:135:6:TSSI_Callback	16	static
../Core/Src/bms.c:151:6:send_data_over_printf	8	static
../Core/Src/bms.c:166:6:send_data_over_USB	288	static
