../../Drivers/CMSIS/Include/core_cm7.h:2660:26:ITM_SendChar	16	static,ignoring_inline_asm
../Core/Src/main.c:31:5:_write	32	static
../Core/Src/main.c:106:5:main	8	static
../Core/Src/main.c:200:6:SystemClock_Config	120	static
../Core/Src/main.c:260:6:PeriphCommonClock_Config	200	static
../Core/Src/main.c:279:13:MX_FDCAN1_Init	8	static
../Core/Src/main.c:332:13:MX_SDMMC1_SD_Init	8	static
../Core/Src/main.c:363:6:MX_SPI1_Init	8	static
../Core/Src/main.c:411:13:MX_TIM2_Init	40	static
../Core/Src/main.c:456:13:MX_TIM4_Init	40	static
../Core/Src/main.c:501:13:MX_GPIO_Init	48	static
../Core/Src/main.c:581:6:MPU_Config	24	static
../Core/Src/main.c:612:6:Error_Handler	4	static,ignoring_inline_asm
