../../Drivers/CMSIS/Include/core_cm7.h:2660:26:ITM_SendChar	4
../Core/Src/main.c:31:5:_write	2
../Core/Src/main.c:107:5:main	1
../Core/Src/main.c:203:6:SystemClock_Config	4
../Core/Src/main.c:263:6:PeriphCommonClock_Config	2
../Core/Src/main.c:282:13:MX_FDCAN1_Init	2
../Core/Src/main.c:335:13:MX_SDMMC1_SD_Init	2
../Core/Src/main.c:366:13:MX_SPI1_Init	2
../Core/Src/main.c:414:13:MX_TIM2_Init	4
../Core/Src/main.c:459:13:MX_TIM4_Init	4
../Core/Src/main.c:504:13:MX_GPIO_Init	1
../Core/Src/main.c:584:6:MPU_Config	1
../Core/Src/main.c:615:6:Error_Handler	1
