../../Drivers/CMSIS/Include/core_cm7.h:2660:26:ITM_SendChar	16	static,ignoring_inline_asm
../Core/Src/main.c:32:5:_write	32	static
../Core/Src/main.c:125:5:main	16	static
../Core/Src/main.c:258:6:SystemClock_Config	120	static
../Core/Src/main.c:318:6:PeriphCommonClock_Config	200	static
../Core/Src/main.c:337:13:MX_FDCAN1_Init	8	static
../Core/Src/main.c:390:13:MX_SDMMC1_SD_Init	8	static
../Core/Src/main.c:421:6:MX_SPI1_Init	8	static
../Core/Src/main.c:469:13:MX_TIM4_Init	40	static
../Core/Src/main.c:514:13:MX_GPIO_Init	48	static
../Core/Src/main.c:599:6:StartMainTask	16	static
../Core/Src/main.c:615:6:MPU_Config	24	static
../Core/Src/main.c:661:6:HAL_TIM_PeriodElapsedCallback	16	static
../Core/Src/main.c:682:6:Error_Handler	4	static,ignoring_inline_asm
