../../Drivers/CMSIS/Include/core_cm7.h:2660:26:ITM_SendChar	4
../Core/Src/main.c:31:5:_write	2
../Core/Src/main.c:107:5:main	1
../Core/Src/main.c:202:6:SystemClock_Config	4
../Core/Src/main.c:264:6:PeriphCommonClock_Config	2
../Core/Src/main.c:283:13:MX_FDCAN1_Init	2
../Core/Src/main.c:336:13:MX_SDMMC1_SD_Init	2
../Core/Src/main.c:367:13:MX_SPI1_Init	2
../Core/Src/main.c:415:13:MX_TIM2_Init	4
../Core/Src/main.c:460:13:MX_TIM4_Init	4
../Core/Src/main.c:505:13:MX_GPIO_Init	1
../Core/Src/main.c:585:6:MPU_Config	1
../Core/Src/main.c:616:6:Error_Handler	1
