../Core/Src/stm32h7xx_it.c:75:6:NMI_Handler	4	static
../Core/Src/stm32h7xx_it.c:90:6:HardFault_Handler	24	static,ignoring_inline_asm
../Core/Src/stm32h7xx_it.c:110:6:MemManage_Handler	4	static
../Core/Src/stm32h7xx_it.c:125:6:BusFault_Handler	4	static
../Core/Src/stm32h7xx_it.c:140:6:UsageFault_Handler	4	static
../Core/Src/stm32h7xx_it.c:155:6:SVC_Handler	4	static
../Core/Src/stm32h7xx_it.c:168:6:DebugMon_Handler	4	static
../Core/Src/stm32h7xx_it.c:181:6:PendSV_Handler	4	static
../Core/Src/stm32h7xx_it.c:194:6:SysTick_Handler	8	static
../Core/Src/stm32h7xx_it.c:215:6:DMA1_Stream0_IRQHandler	8	static
../Core/Src/stm32h7xx_it.c:229:6:DMA1_Stream1_IRQHandler	8	static
../Core/Src/stm32h7xx_it.c:243:6:FDCAN1_IT0_IRQHandler	8	static
../Core/Src/stm32h7xx_it.c:257:6:TIM4_IRQHandler	8	static
../Core/Src/stm32h7xx_it.c:271:6:SPI1_IRQHandler	8	static
../Core/Src/stm32h7xx_it.c:285:6:SDMMC1_IRQHandler	8	static
../Core/Src/stm32h7xx_it.c:299:6:OTG_FS_IRQHandler	8	static
