2025-11-21 14:57:16,629 [INFO] Activator:176 - 


2025-11-21 14:57:16,631 [INFO] Activator:177 - !SESSION log4j initialized
2025-11-21 14:57:17,483 [ERROR] LogOutputStream:75 - [STDERR_REDIRECT] 
2025-11-21 14:57:18,837 [INFO] LogOutputStream:77 - [STDOUT_REDIRECT] 
2025-11-21 14:57:20,278 [INFO] ApplicationProperties:184 - Using Application install path: /Applications/STM32CubeIDE.app/Contents/Eclipse/plugins/com.st.stm32cube.common.mx_6.15.0.202507011659
2025-11-21 14:57:20,286 [INFO] DbMcusXml:78 - Set database path to: /Applications/STM32CubeIDE.app/Contents/Eclipse/plugins/com.st.stm32cube.common.mx_6.15.0.202507011659//db//mcu/
2025-11-21 14:57:20,286 [INFO] ApiDb:274 - Set plugin database path to: /Applications/STM32CubeIDE.app/Contents/Eclipse/plugins/com.st.stm32cube.common.mx_6.15.0.202507011659//db//plugins/boardmanager/
2025-11-21 14:57:20,287 [WARN] ApiDb:259 - Overriding images path with different value:  => /Applications/STM32CubeIDE.app/Contents/Eclipse/plugins/com.st.stm32cube.common.mx_6.15.0.202507011659//db//plugins/mcufinder/images/
2025-11-21 14:57:20,289 [INFO] ApiDb:250 - Set database path to: /Users/jasperweng/.stmcufinder/plugins/mcufinder//mcu/
2025-11-21 14:57:20,290 [INFO] DbMcusAds:125 - Set database path to: /Users/jasperweng/.stmcufinder/plugins/mcufinder//mcu/
2025-11-21 14:57:20,291 [INFO] CrossReferenceDbSqlite:203 - Set database path to: /Users/jasperweng/.stmcufinder/plugins/mcufinder//mcu/cs/
2025-11-21 14:57:20,387 [INFO] RulesReader:64 - Compatibility file has been processed (317 Rules)
2025-11-21 14:57:20,429 [INFO] DbMcusXml:78 - Set database path to: /Applications/STM32CubeIDE.app/Contents/Eclipse/plugins/com.st.stm32cube.common.mx_6.15.0.202507011659//db//mcu/
2025-11-21 14:57:20,429 [INFO] ApiDb:274 - Set plugin database path to: /Applications/STM32CubeIDE.app/Contents/Eclipse/plugins/com.st.stm32cube.common.mx_6.15.0.202507011659//db//plugins/boardmanager/
2025-11-21 14:57:20,429 [INFO] ApiDb:261 - Set plugin images path to: /Applications/STM32CubeIDE.app/Contents/Eclipse/plugins/com.st.stm32cube.common.mx_6.15.0.202507011659//db//plugins/mcufinder/images/
2025-11-21 14:57:20,429 [WARN] DbFile:41 - Overriding database path with different value: /Users/jasperweng/.stmcufinder/plugins/mcufinder/ => /Users/jasperweng/.stmcufinder/plugins/mcufinder
2025-11-21 14:57:20,429 [INFO] ApiDb:250 - Set database path to: /Users/jasperweng/.stmcufinder/plugins/mcufinder//mcu/
2025-11-21 14:57:20,429 [WARN] DbFile:41 - Overriding database path with different value: /Users/jasperweng/.stmcufinder/plugins/mcufinder/ => /Users/jasperweng/.stmcufinder/plugins/mcufinder
2025-11-21 14:57:20,430 [INFO] DbMcusAds:125 - Set database path to: /Users/jasperweng/.stmcufinder/plugins/mcufinder//mcu/
2025-11-21 14:57:20,430 [WARN] DbFile:41 - Overriding database path with different value: /Users/jasperweng/.stmcufinder/plugins/mcufinder/ => /Users/jasperweng/.stmcufinder/plugins/mcufinder
2025-11-21 14:57:20,430 [WARN] DbFile:41 - Overriding database path with different value: /Users/jasperweng/.stmcufinder/plugins/mcufinder/ => /Users/jasperweng/.stmcufinder/plugins/mcufinder
2025-11-21 14:57:20,430 [INFO] CrossReferenceDbSqlite:203 - Set database path to: /Users/jasperweng/.stmcufinder/plugins/mcufinder//mcu/cs/
2025-11-21 14:57:20,479 [INFO] MainPanel:274 - HeapMemory: 268435456
2025-11-21 14:57:20,706 [INFO] DbMcusXml:78 - Set database path to: /Applications/STM32CubeIDE.app/Contents/Eclipse/plugins/com.st.stm32cube.common.mx_6.15.0.202507011659//db//mcu/
2025-11-21 14:57:20,707 [INFO] ApiDb:274 - Set plugin database path to: /Applications/STM32CubeIDE.app/Contents/Eclipse/plugins/com.st.stm32cube.common.mx_6.15.0.202507011659//db//plugins/boardmanager/
2025-11-21 14:57:20,707 [INFO] ApiDb:261 - Set plugin images path to: /Applications/STM32CubeIDE.app/Contents/Eclipse/plugins/com.st.stm32cube.common.mx_6.15.0.202507011659//db//plugins/mcufinder/images/
2025-11-21 14:57:20,707 [WARN] DbFile:41 - Overriding database path with different value: /Users/jasperweng/.stmcufinder/plugins/mcufinder/ => /Users/jasperweng/.stmcufinder/plugins/mcufinder
2025-11-21 14:57:20,707 [INFO] ApiDb:250 - Set database path to: /Users/jasperweng/.stmcufinder/plugins/mcufinder//mcu/
2025-11-21 14:57:20,707 [WARN] DbFile:41 - Overriding database path with different value: /Users/jasperweng/.stmcufinder/plugins/mcufinder/ => /Users/jasperweng/.stmcufinder/plugins/mcufinder
2025-11-21 14:57:20,707 [INFO] DbMcusAds:125 - Set database path to: /Users/jasperweng/.stmcufinder/plugins/mcufinder//mcu/
2025-11-21 14:57:20,707 [WARN] DbFile:41 - Overriding database path with different value: /Users/jasperweng/.stmcufinder/plugins/mcufinder/ => /Users/jasperweng/.stmcufinder/plugins/mcufinder
2025-11-21 14:57:20,707 [WARN] DbFile:41 - Overriding database path with different value: /Users/jasperweng/.stmcufinder/plugins/mcufinder/ => /Users/jasperweng/.stmcufinder/plugins/mcufinder
2025-11-21 14:57:20,707 [INFO] CrossReferenceDbSqlite:203 - Set database path to: /Users/jasperweng/.stmcufinder/plugins/mcufinder//mcu/cs/
2025-11-21 14:57:20,719 [INFO] ApplicationProperties:184 - Using Application install path: /Applications/STM32CubeIDE.app/Contents/Eclipse/plugins/com.st.stm32cube.common.mx_6.15.0.202507011659
2025-11-21 14:57:20,720 [INFO] PluginManage:196 - Search for loadable plugins [exclusion list=, ]
2025-11-21 14:57:20,721 [INFO] PluginManage:310 - Check plugin analytics
2025-11-21 14:57:20,906 [INFO] AnalyticsPlugin:253 - Accepted Software Licenses: 
2025-11-21 14:57:20,907 [INFO] AnalyticsPlugin:255 - Accepted CMSIS Pack Licenses: 
2025-11-21 14:57:20,907 [INFO] AnalyticsPlugin:257 - Accepted Firmware Licenses: 
2025-11-21 14:57:20,915 [INFO] PluginManage:359 - Loaded plugin analytics (category:tool,tabindex:-1)
2025-11-21 14:57:20,915 [INFO] PluginManage:310 - Check plugin cadmodel
2025-11-21 14:57:20,924 [INFO] CADModel:105 - Init CAD model plugin
2025-11-21 14:57:20,924 [INFO] PluginManage:359 - Loaded plugin cadmodel (category:power,tabindex:5)
2025-11-21 14:57:20,924 [INFO] PluginManage:310 - Check plugin clock
2025-11-21 14:57:20,930 [INFO] PluginManage:359 - Loaded plugin clock (category:base,tabindex:2)
2025-11-21 14:57:20,930 [INFO] PluginManage:310 - Check plugin ddr
2025-11-21 14:57:20,931 [INFO] PluginManage:359 - Loaded plugin ddr (category:tool,tabindex:6)
2025-11-21 14:57:20,931 [INFO] PluginManage:310 - Check plugin filemanager
2025-11-21 14:57:21,235 [INFO] PluginManage:359 - Loaded plugin filemanager (category:base,tabindex:10)
2025-11-21 14:57:21,244 [INFO] PluginManage:310 - Check plugin ipmanager
2025-11-21 14:57:21,305 [INFO] PluginManage:359 - Loaded plugin ipmanager (category:base,tabindex:5)
2025-11-21 14:57:21,306 [INFO] PluginManage:310 - Check plugin lpbam
2025-11-21 14:57:21,333 [INFO] PluginManage:359 - Loaded plugin lpbam (category:base,tabindex:0)
2025-11-21 14:57:21,333 [INFO] PluginManage:310 - Check plugin memorymap
2025-11-21 14:57:21,342 [INFO] PluginManage:359 - Loaded plugin memorymap (category:base,tabindex:4)
2025-11-21 14:57:21,342 [INFO] PluginManage:310 - Check plugin pinoutandconfiguration
2025-11-21 14:57:21,346 [INFO] PluginManage:359 - Loaded plugin pinoutandconfiguration (category:base,tabindex:1)
2025-11-21 14:57:21,346 [INFO] PluginManage:310 - Check plugin pinoutconfig
2025-11-21 14:57:21,414 [WARN] SupportedApi:132 - Cannot load RTOS API schema: s4s-elt-must-match.1: The content of 'definitions' must match (annotation?, (simpleType | complexType)?, (unique | key | keyref)*)). A problem was found starting at: attribute.
2025-11-21 14:57:21,551 [INFO] PluginManage:359 - Loaded plugin pinoutconfig (category:base,tabindex:0)
2025-11-21 14:57:21,551 [INFO] PluginManage:310 - Check plugin power
2025-11-21 14:57:21,560 [INFO] PluginManage:359 - Loaded plugin power (category:power,tabindex:4)
2025-11-21 14:57:21,560 [INFO] PluginManage:310 - Check plugin projectmanager
2025-11-21 14:57:21,583 [INFO] PluginManage:359 - Loaded plugin projectmanager (category:projectmanager,tabindex:4)
2025-11-21 14:57:21,583 [INFO] PluginManage:310 - Check plugin rif
2025-11-21 14:57:21,587 [INFO] PluginManage:359 - Loaded plugin rif (category:base,tabindex:3)
2025-11-21 14:57:21,587 [INFO] PluginManage:310 - Check plugin thirdparty
2025-11-21 14:57:21,717 [INFO] PluginManage:359 - Loaded plugin thirdparty (category:base,tabindex:-1)
2025-11-21 14:57:21,717 [INFO] PluginManage:310 - Check plugin tools
2025-11-21 14:57:21,721 [INFO] PluginManage:359 - Loaded plugin tools (category:base,tabindex:7)
2025-11-21 14:57:21,721 [INFO] PluginManage:310 - Check plugin tutovideos
2025-11-21 14:57:21,717 [WARN] IntegrityCheckThread:84 - waiting for thirdparty lock release [integrity check]
2025-11-21 14:57:21,721 [INFO] IntegrityCheckThread:86 - entering critical section [integrity check]
2025-11-21 14:57:21,722 [INFO] ThirdPartyUpdaterWithRetryManager:70 - Updater plugin not ready yet. [1/15]
2025-11-21 14:57:21,854 [INFO] PluginManage:359 - Loaded plugin tutovideos (category:base,tabindex:-1)
2025-11-21 14:57:21,854 [INFO] PluginManage:310 - Check plugin updater
2025-11-21 14:57:21,891 [INFO] PluginManage:359 - Loaded plugin updater (category:base,tabindex:12)
2025-11-21 14:57:21,891 [INFO] PluginManage:310 - Check plugin userauth
2025-11-21 14:57:21,895 [INFO] UserAuth:118 - Init User Auth plugin
2025-11-21 14:57:21,896 [INFO] PluginManage:359 - Loaded plugin userauth (category:base,tabindex:14)
2025-11-21 14:57:21,897 [INFO] PluginManage:283 - PluginManage : Loaded plugins [18]
2025-11-21 14:57:22,185 [INFO] PinOutPanel:1589 - setPackage(No Configuration,No Configuration)
2025-11-21 14:57:22,240 [INFO] CADModel:165 - CPN selected for project level
2025-11-21 14:57:22,241 [INFO] CADModel:114 - Register for checkConnection events
2025-11-21 14:57:22,248 [INFO] IPUIPlugin:80 - create IPUIPlugin
2025-11-21 14:57:22,248 [INFO] PluginManager:220 - loadIPPluginJar : add mdma
2025-11-21 14:57:22,251 [INFO] IPUIPlugin:80 - create IPUIPlugin
2025-11-21 14:57:22,252 [INFO] PluginManager:220 - loadIPPluginJar : add freertos
2025-11-21 14:57:22,254 [INFO] IPUIPlugin:80 - create IPUIPlugin
2025-11-21 14:57:22,254 [INFO] PluginManager:220 - loadIPPluginJar : add gic
2025-11-21 14:57:22,258 [INFO] IPUIPlugin:80 - create IPUIPlugin
2025-11-21 14:57:22,258 [INFO] PluginManager:220 - loadIPPluginJar : add adc
2025-11-21 14:57:22,259 [INFO] IPUIPlugin:80 - create IPUIPlugin
2025-11-21 14:57:22,259 [INFO] PluginManager:220 - loadIPPluginJar : add gtzc
2025-11-21 14:57:22,260 [INFO] IPUIPlugin:80 - create IPUIPlugin
2025-11-21 14:57:22,260 [INFO] PluginManager:220 - loadIPPluginJar : add quadspi
2025-11-21 14:57:22,261 [INFO] IPUIPlugin:80 - create IPUIPlugin
2025-11-21 14:57:22,261 [INFO] PluginManager:220 - loadIPPluginJar : add aes
2025-11-21 14:57:22,262 [INFO] IPUIPlugin:80 - create IPUIPlugin
2025-11-21 14:57:22,262 [INFO] PluginManager:220 - loadIPPluginJar : add pdm2pcm
2025-11-21 14:57:22,262 [INFO] IPUIPlugin:80 - create IPUIPlugin
2025-11-21 14:57:22,262 [INFO] PluginManager:220 - loadIPPluginJar : add hash
2025-11-21 14:57:22,263 [INFO] IPUIPlugin:80 - create IPUIPlugin
2025-11-21 14:57:22,263 [INFO] PluginManager:220 - loadIPPluginJar : add tim
2025-11-21 14:57:22,264 [INFO] IPUIPlugin:80 - create IPUIPlugin
2025-11-21 14:57:22,264 [INFO] PluginManager:220 - loadIPPluginJar : add tsc
2025-11-21 14:57:22,265 [INFO] IPUIPlugin:80 - create IPUIPlugin
2025-11-21 14:57:22,266 [INFO] PluginManager:220 - loadIPPluginJar : add extmemmanager
2025-11-21 14:57:22,267 [INFO] IPUIPlugin:80 - create IPUIPlugin
2025-11-21 14:57:22,267 [INFO] PluginManager:220 - loadIPPluginJar : add ts
2025-11-21 14:57:22,268 [INFO] IPUIPlugin:80 - create IPUIPlugin
2025-11-21 14:57:22,269 [INFO] PluginManager:220 - loadIPPluginJar : add radio
2025-11-21 14:57:22,270 [INFO] IPUIPlugin:80 - create IPUIPlugin
2025-11-21 14:57:22,270 [INFO] PluginManager:220 - loadIPPluginJar : add can
2025-11-21 14:57:22,272 [INFO] IPUIPlugin:80 - create IPUIPlugin
2025-11-21 14:57:22,272 [INFO] PluginManager:220 - loadIPPluginJar : add dma3
2025-11-21 14:57:22,273 [INFO] IPUIPlugin:80 - create IPUIPlugin
2025-11-21 14:57:22,274 [INFO] PluginManager:220 - loadIPPluginJar : add dfsdm
2025-11-21 14:57:22,275 [INFO] IPUIPlugin:80 - create IPUIPlugin
2025-11-21 14:57:22,275 [INFO] PluginManager:220 - loadIPPluginJar : add spi
2025-11-21 14:57:22,275 [INFO] IPUIPlugin:80 - create IPUIPlugin
2025-11-21 14:57:22,275 [INFO] PluginManager:220 - loadIPPluginJar : add gfxmmu
2025-11-21 14:57:22,277 [INFO] IPUIPlugin:80 - create IPUIPlugin
2025-11-21 14:57:22,277 [INFO] PluginManager:220 - loadIPPluginJar : add genericplugin
2025-11-21 14:57:22,278 [INFO] IPUIPlugin:80 - create IPUIPlugin
2025-11-21 14:57:22,278 [INFO] PluginManager:220 - loadIPPluginJar : add cryp
2025-11-21 14:57:22,280 [INFO] IPUIPlugin:80 - create IPUIPlugin
2025-11-21 14:57:22,280 [INFO] PluginManager:220 - loadIPPluginJar : add gpio
2025-11-21 14:57:22,281 [INFO] IPUIPlugin:80 - create IPUIPlugin
2025-11-21 14:57:22,281 [INFO] PluginManager:220 - loadIPPluginJar : add ddr_ctrl_phy
2025-11-21 14:57:22,282 [INFO] IPUIPlugin:80 - create IPUIPlugin
2025-11-21 14:57:22,282 [INFO] PluginManager:220 - loadIPPluginJar : add comp
2025-11-21 14:57:22,283 [INFO] IPUIPlugin:80 - create IPUIPlugin
2025-11-21 14:57:22,284 [INFO] PluginManager:220 - loadIPPluginJar : add tracer_emb
2025-11-21 14:57:22,285 [INFO] IPUIPlugin:80 - create IPUIPlugin
2025-11-21 14:57:22,285 [INFO] PluginManager:220 - loadIPPluginJar : add openamp
2025-11-21 14:57:22,287 [INFO] IPUIPlugin:80 - create IPUIPlugin
2025-11-21 14:57:22,287 [INFO] PluginManager:220 - loadIPPluginJar : add stm32_wpan
2025-11-21 14:57:22,290 [INFO] IPUIPlugin:80 - create IPUIPlugin
2025-11-21 14:57:22,291 [INFO] PluginManager:220 - loadIPPluginJar : add plateformsettings
2025-11-21 14:57:22,292 [INFO] IPUIPlugin:80 - create IPUIPlugin
2025-11-21 14:57:22,293 [INFO] PluginManager:220 - loadIPPluginJar : add ipddr
2025-11-21 14:57:22,293 [INFO] IPUIPlugin:80 - create IPUIPlugin
2025-11-21 14:57:22,294 [INFO] PluginManager:220 - loadIPPluginJar : add usart
2025-11-21 14:57:22,294 [INFO] IPUIPlugin:80 - create IPUIPlugin
2025-11-21 14:57:22,294 [INFO] PluginManager:220 - loadIPPluginJar : add ltdc
2025-11-21 14:57:22,295 [INFO] IPUIPlugin:80 - create IPUIPlugin
2025-11-21 14:57:22,295 [INFO] PluginManager:220 - loadIPPluginJar : add nvic
2025-11-21 14:57:22,296 [INFO] IPUIPlugin:80 - create IPUIPlugin
2025-11-21 14:57:22,296 [INFO] PluginManager:220 - loadIPPluginJar : add fatfs
2025-11-21 14:57:22,298 [INFO] IPUIPlugin:80 - create IPUIPlugin
2025-11-21 14:57:22,298 [INFO] PluginManager:220 - loadIPPluginJar : add linkedlist
2025-11-21 14:57:22,301 [INFO] IPUIPlugin:80 - create IPUIPlugin
2025-11-21 14:57:22,301 [INFO] PluginManager:220 - loadIPPluginJar : add dma
2025-11-21 14:57:22,302 [INFO] IPUIPlugin:80 - create IPUIPlugin
2025-11-21 14:57:22,302 [INFO] PluginManager:220 - loadIPPluginJar : add fmc
2025-11-21 14:57:22,303 [INFO] IPUIPlugin:80 - create IPUIPlugin
2025-11-21 14:57:22,303 [INFO] PluginManager:220 - loadIPPluginJar : add i2s
2025-11-21 14:57:22,304 [INFO] IPUIPlugin:80 - create IPUIPlugin
2025-11-21 14:57:22,304 [INFO] PluginManager:220 - loadIPPluginJar : add ucpd
2025-11-21 14:57:22,304 [INFO] IPUIPlugin:80 - create IPUIPlugin
2025-11-21 14:57:22,305 [INFO] PluginManager:220 - loadIPPluginJar : add lorawan
2025-11-21 14:57:22,306 [INFO] IPUIPlugin:80 - create IPUIPlugin
2025-11-21 14:57:22,306 [INFO] PluginManager:220 - loadIPPluginJar : add opamp
2025-11-21 14:57:22,306 [INFO] IPUIPlugin:80 - create IPUIPlugin
2025-11-21 14:57:22,307 [INFO] PluginManager:220 - loadIPPluginJar : add i3c
2025-11-21 14:57:22,308 [INFO] IPUIPlugin:80 - create IPUIPlugin
2025-11-21 14:57:22,308 [INFO] PluginManager:220 - loadIPPluginJar : add touchsensing
2025-11-21 14:57:22,310 [INFO] IPUIPlugin:80 - create IPUIPlugin
2025-11-21 14:57:22,310 [INFO] PluginManager:220 - loadIPPluginJar : add i2c
2025-11-21 14:57:22,311 [INFO] IPUIPlugin:80 - create IPUIPlugin
2025-11-21 14:57:22,311 [INFO] PluginManager:220 - loadIPPluginJar : add resmgrutility
2025-11-21 14:57:22,312 [INFO] IPUIPlugin:80 - create IPUIPlugin
2025-11-21 14:57:22,312 [INFO] PluginManager:220 - loadIPPluginJar : add sai
2025-11-21 14:57:22,315 [INFO] IPUIPlugin:80 - create IPUIPlugin
2025-11-21 14:57:22,315 [INFO] PluginManager:220 - loadIPPluginJar : add usbx
2025-11-21 14:57:22,419 [FATAL] Updater:351 - Updater called before beeing initialized
2025-11-21 14:57:22,468 [INFO] RulesReader:64 - Compatibility file has been processed (317 Rules)
2025-11-21 14:57:22,479 [INFO] RulesReader:64 - Compatibility file has been processed (317 Rules)
2025-11-21 14:57:22,486 [INFO] CADModel:165 - CPN selected for project level
2025-11-21 14:57:22,487 [INFO] CADModel:114 - Register for checkConnection events
2025-11-21 14:57:22,487 [FATAL] Updater:351 - Updater called before beeing initialized
2025-11-21 14:57:22,487 [ERROR] CADModel:125 - Updater not yet initialized, retry later 
2025-11-21 14:57:22,656 [FATAL] Updater:351 - Updater called before beeing initialized
2025-11-21 14:57:22,658 [INFO] CADModel:165 - CPN selected for project level
2025-11-21 14:57:22,658 [INFO] CADModel:114 - Register for checkConnection events
2025-11-21 14:57:22,658 [FATAL] Updater:351 - Updater called before beeing initialized
2025-11-21 14:57:22,658 [ERROR] CADModel:125 - Updater not yet initialized, retry later 
2025-11-21 14:57:22,660 [FATAL] Updater:351 - Updater called before beeing initialized
2025-11-21 14:57:22,782 [FATAL] Updater:351 - Updater called before beeing initialized
2025-11-21 14:57:22,785 [INFO] DbMcusAds:53 - JSON generation date=Mon Nov 10 04:43:01 CST 2025 (1762771381096)
2025-11-21 14:57:22,785 [FATAL] Updater:351 - Updater called before beeing initialized
2025-11-21 14:57:22,893 [WARN] DetailPanel:346 - Failed to get advertising image, set to default
2025-11-21 14:57:23,021 [FATAL] Updater:351 - Updater called before beeing initialized
2025-11-21 14:57:23,033 [FATAL] Updater:351 - Updater called before beeing initialized
2025-11-21 14:57:23,034 [FATAL] Updater:351 - Updater called before beeing initialized
2025-11-21 14:57:23,034 [WARN] DetailPanel:346 - Failed to get advertising image, set to default
2025-11-21 14:57:23,036 [FATAL] Updater:351 - Updater called before beeing initialized
2025-11-21 14:57:23,167 [ERROR] Updater:1198 - MainUpdater not yet initialized. External WinMGr cannot be set.
2025-11-21 14:57:23,175 [INFO] Updater:1134 - Updater Version found : 6.15.0
2025-11-21 14:57:23,187 [INFO] ApplicationProperties:184 - Using Application install path: /Applications/STM32CubeIDE.app/Contents/Eclipse/plugins/com.st.stm32cube.common.mx_6.15.0.202507011659
2025-11-21 14:57:23,490 [INFO] MainUpdater:2872 - connection check result : 10
2025-11-21 14:57:23,491 [INFO] MainUpdater:289 - Updater Check For Update Now.
2025-11-21 14:57:23,491 [INFO] MicroXplorer:498 - Change Database Version : DB.6.0.150
2025-11-21 14:57:23,497 [INFO] McuFinderGlobals:63 - Set McuFinder mode to 2 (CubeIDE integrated)
2025-11-21 14:57:23,498 [INFO] UserAuth:171 - activating auth plugin
2025-11-21 14:57:23,516 [INFO] UserAuth:487 - Internet connection configuration mode: 1
2025-11-21 14:57:23,527 [INFO] JxBrowserEngine:152 - Initiate JxBrowser Engine with user profile folder
2025-11-21 14:57:23,724 [INFO] CheckServerUpdateThread:120 - End of CheckServer Thread
2025-11-21 14:57:24,892 [WARN] PackLoader:240 - Cannot read IP mode file for STMicroelectronics.FP-SNS-MOTENVWB1.1.4.0
2025-11-21 14:57:24,910 [WARN] PackLoader:240 - Cannot read IP mode file for STMicroelectronics.FP-ATR-ASTRA1.2.0.2
2025-11-21 14:57:24,923 [WARN] PackLoader:240 - Cannot read IP mode file for STMicroelectronics.X-CUBE-SMBUS.2.1.0
2025-11-21 14:57:24,953 [WARN] PackLoader:240 - Cannot read IP mode file for STMicroelectronics.X-CUBE-AZRTOS-F7.1.1.0
2025-11-21 14:57:24,967 [WARN] PackLoader:240 - Cannot read IP mode file for Cesanta.I-CUBE-Mongoose.7.19.0
2025-11-21 14:57:24,978 [WARN] PackLoader:240 - Cannot read IP mode file for STMicroelectronics.FP-SNS-MOTENV1.5.1.0
2025-11-21 14:57:24,989 [WARN] PackLoader:240 - Cannot read IP mode file for WES.I-CUBE-Cesium.1.4.0
2025-11-21 14:57:25,014 [WARN] PackLoader:240 - Cannot read IP mode file for Infineon.AIROC-Wi-Fi-Bluetooth-STM32.1.7.1
2025-11-21 14:57:25,050 [WARN] PackLoader:240 - Cannot read IP mode file for STMicroelectronics.X-CUBE-AZRTOS-H7.3.4.0
2025-11-21 14:57:25,065 [WARN] PackLoader:240 - Cannot read IP mode file for STMicroelectronics.X-CUBE-DISPLAY.3.0.0
2025-11-21 14:57:25,098 [WARN] PackLoader:240 - Cannot read IP mode file for STMicroelectronics.X-CUBE-NFC10.1.0.0
2025-11-21 14:57:25,104 [WARN] PackLoader:240 - Cannot read IP mode file for STMicroelectronics.X-CUBE-ST60.1.1.0
2025-11-21 14:57:25,109 [WARN] PackLoader:240 - Cannot read IP mode file for emotas.I-CUBE-CANOPEN.1.3.0
2025-11-21 14:57:25,113 [WARN] PackLoader:240 - Cannot read IP mode file for STMicroelectronics.X-CUBE-GNSS1.7.1.0
2025-11-21 14:57:25,119 [WARN] PackLoader:240 - Cannot read IP mode file for STMicroelectronics.FP-SNS-STBOX1.2.1.0
2025-11-21 14:57:25,123 [WARN] PackLoader:240 - Cannot read IP mode file for STMicroelectronics.FP-SNS-SMARTAG2.1.2.0
2025-11-21 14:57:25,125 [WARN] PackLoader:240 - Cannot read IP mode file for STMicroelectronics.FP-SNS-FLIGHT1.5.1.0
2025-11-21 14:57:25,131 [INFO] LogOutputStream:77 - [STDOUT_REDIRECT] 1 : Invalid condition id : UX_CORESTACK_Condition cause : null
2025-11-21 14:57:25,132 [INFO] LogOutputStream:77 - [STDOUT_REDIRECT] 1 : Invalid condition id : UX_CORESTACK_Condition cause : null
2025-11-21 14:57:25,132 [INFO] LogOutputStream:77 - [STDOUT_REDIRECT] 1 : Invalid condition id : UX_CORESTACK_Condition cause : null
2025-11-21 14:57:25,133 [INFO] LogOutputStream:77 - [STDOUT_REDIRECT] 1 : Invalid condition id : UX_CORESTACK_Condition cause : null
2025-11-21 14:57:25,133 [INFO] LogOutputStream:77 - [STDOUT_REDIRECT] 1 : Invalid condition id : UX_CORESTACK_Condition cause : null
2025-11-21 14:57:25,135 [WARN] PackLoader:240 - Cannot read IP mode file for STMicroelectronics.X-CUBE-AZRTOS-WL.2.0.0
2025-11-21 14:57:25,163 [WARN] PackLoader:240 - Cannot read IP mode file for STMicroelectronics.X-CUBE-AZRTOS-H7RS.1.2.0
2025-11-21 14:57:25,173 [WARN] PackLoader:240 - Cannot read IP mode file for STMicroelectronics.X-CUBE-BLE2.3.3.0
2025-11-21 14:57:25,197 [WARN] PackLoader:240 - Cannot read IP mode file for STMicroelectronics.X-CUBE-NFC9.1.0.0
2025-11-21 14:57:25,202 [WARN] PackLoader:240 - Cannot read IP mode file for wolfSSL.I-CUBE-wolfSSL.5.8.2
2025-11-21 14:57:25,207 [WARN] PackLoader:240 - Cannot read IP mode file for STMicroelectronics.X-CUBE-BLE1.7.1.0
2025-11-21 14:57:25,209 [WARN] PackLoader:240 - Cannot read IP mode file for wolfSSL.I-CUBE-wolfMQTT.1.19.2
2025-11-21 14:57:25,214 [WARN] PackLoader:240 - Cannot read IP mode file for STMicroelectronics.X-CUBE-FREERTOS.1.4.0
2025-11-21 14:57:25,219 [WARN] PackLoader:240 - Cannot read IP mode file for STMicroelectronics.X-CUBE-EEPRMA1.5.2.0
2025-11-21 14:57:25,227 [WARN] PackLoader:240 - Cannot read IP mode file for STMicroelectronics.X-CUBE-ST67W61.1.1.0
2025-11-21 14:57:25,292 [WARN] PackLoader:240 - Cannot read IP mode file for STMicroelectronics.X-CUBE-MEMS1.12.0.0
2025-11-21 14:57:25,378 [WARN] PackLoader:240 - Cannot read IP mode file for STMicroelectronics.X-CUBE-AZRTOS-G0.1.1.0
2025-11-21 14:57:25,385 [WARN] PackLoader:240 - Cannot read IP mode file for STMicroelectronics.X-CUBE-NFC4.3.0.0
2025-11-21 14:57:25,393 [WARN] PackLoader:240 - Cannot read IP mode file for EmbeddedOffice.I-CUBE-FS-RTOS.1.0.1
2025-11-21 14:57:25,397 [WARN] PackLoader:240 - Cannot read IP mode file for STMicroelectronics.X-CUBE-WB05N.2.0.0
2025-11-21 14:57:25,400 [WARN] PackLoader:240 - Cannot read IP mode file for wolfSSL.I-CUBE-wolfTPM.3.8.0
2025-11-21 14:57:25,404 [WARN] PackLoader:240 - Cannot read IP mode file for STMicroelectronics.X-CUBE-TCPP.4.2.0
2025-11-21 14:57:25,411 [WARN] PackLoader:240 - Cannot read IP mode file for RealThread.X-CUBE-RT-Thread_Nano.4.1.1
2025-11-21 14:57:25,413 [WARN] PackLoader:240 - Cannot read IP mode file for STMicroelectronics.FP-ATR-SIGFOX1.3.2.0
2025-11-21 14:57:25,415 [WARN] PackLoader:240 - Cannot read IP mode file for ITTIA_DB.I-CUBE-ITTIADB.8.9.0
2025-11-21 14:57:25,418 [WARN] PackLoader:240 - Cannot read IP mode file for STMicroelectronics.X-CUBE-AI.10.2.0
2025-11-21 14:57:25,470 [WARN] PackLoader:240 - Cannot read IP mode file for SEGGER.I-CUBE-embOS.1.3.1
2025-11-21 14:57:25,516 [WARN] PackLoader:240 - Cannot read IP mode file for STMicroelectronics.X-CUBE-ALGOBUILD.1.4.0
2025-11-21 14:57:25,578 [WARN] PackLoader:240 - Cannot read IP mode file for STMicroelectronics.X-CUBE-MEMS1.11.3.0
2025-11-21 14:57:25,649 [WARN] PackLoader:240 - Cannot read IP mode file for STMicroelectronics.X-CUBE-PM33A1.1.0.0
2025-11-21 14:57:25,667 [WARN] PackLoader:240 - Cannot read IP mode file for STMicroelectronics.X-CUBE-AZRTOS-F4.1.1.0
2025-11-21 14:57:25,673 [WARN] PackLoader:240 - Cannot read IP mode file for STMicroelectronics.X-CUBE-ISPU.2.1.0
2025-11-21 14:57:25,751 [WARN] PackLoader:240 - Cannot read IP mode file for STMicroelectronics.X-CUBE-IPS.3.2.0
2025-11-21 14:57:25,866 [WARN] PackLoader:240 - Cannot read IP mode file for STMicroelectronics.X-CUBE-NFC12.1.0.0
2025-11-21 14:57:25,906 [WARN] PackLoader:240 - Cannot read IP mode file for STMicroelectronics.X-CUBE-AZRTOS-L5.2.0.0
2025-11-21 14:57:25,915 [WARN] PackLoader:240 - Cannot read IP mode file for STMicroelectronics.X-CUBE-NFC6.3.1.0
2025-11-21 14:57:25,921 [WARN] PackLoader:240 - Cannot read IP mode file for STMicroelectronics.X-CUBE-FREERTOS.1.3.1
2025-11-21 14:57:25,938 [WARN] PackLoader:240 - Cannot read IP mode file for STMicroelectronics.X-CUBE-TOUCHGFX.4.26.0
2025-11-21 14:57:25,951 [WARN] PackLoader:240 - Cannot read IP mode file for STMicroelectronics.FP-SNS-STAIOTCFT.1.0.0
2025-11-21 14:57:25,964 [WARN] PackLoader:240 - Cannot read IP mode file for STMicroelectronics.X-CUBE-DPower.1.3.0
2025-11-21 14:57:25,982 [WARN] ConditionMgr:438 - getConditionDescription Invalid condition id : LAN8742 Phy interface Condition cause : null
2025-11-21 14:57:25,984 [WARN] PackLoader:240 - Cannot read IP mode file for STMicroelectronics.X-CUBE-AZRTOS-L4.2.0.0
2025-11-21 14:57:25,986 [WARN] ConditionMgr:1044 - genDependencies : Invalid condition id : LAN8742 Phy interface Condition cause : null
2025-11-21 14:57:25,986 [WARN] ConditionMgr:1044 - genDependencies : Invalid condition id : LAN8742 Phy interface Condition cause : null
2025-11-21 14:57:25,987 [WARN] ConditionMgr:1044 - genDependencies : Invalid condition id : LAN8742 Phy interface Condition cause : null
2025-11-21 14:57:25,995 [WARN] PackLoader:240 - Cannot read IP mode file for STMicroelectronics.X-CUBE-SFXS2LP1.4.0.0
2025-11-21 14:57:26,007 [WARN] PackLoader:240 - Cannot read IP mode file for STMicroelectronics.X-CUBE-BLEMGR.4.1.0
2025-11-21 14:57:26,024 [WARN] ConditionMgr:438 - getConditionDescription Invalid condition id : UX DEVICE CLASS RTOS Condition cause : null
2025-11-21 14:57:26,024 [WARN] ConditionMgr:438 - getConditionDescription Invalid condition id : UX DEVICE CLASS RTOS Condition cause : null
2025-11-21 14:57:26,027 [WARN] PackLoader:240 - Cannot read IP mode file for STMicroelectronics.X-CUBE-AZRTOS-WB.2.0.0
2025-11-21 14:57:26,028 [WARN] ConditionMgr:1044 - genDependencies : Invalid condition id : UX DEVICE CLASS RTOS Condition cause : null
2025-11-21 14:57:26,028 [WARN] ConditionMgr:1044 - genDependencies : Invalid condition id : UX DEVICE CLASS RTOS Condition cause : null
2025-11-21 14:57:26,029 [WARN] ConditionMgr:1044 - genDependencies : Invalid condition id : UX DEVICE CLASS RTOS Condition cause : null
2025-11-21 14:57:26,029 [WARN] ConditionMgr:1044 - genDependencies : Invalid condition id : UX DEVICE CLASS RTOS Condition cause : null
2025-11-21 14:57:26,029 [WARN] ConditionMgr:1044 - genDependencies : Invalid condition id : UX DEVICE CLASS RTOS Condition cause : null
2025-11-21 14:57:26,036 [WARN] ConditionMgr:438 - getConditionDescription Invalid condition id : Cortex-A Device cause : null
2025-11-21 14:57:26,054 [WARN] ConditionMgr:1044 - genDependencies : Invalid condition id : Cortex-A Device cause : null
2025-11-21 14:57:26,054 [WARN] ConditionMgr:1044 - genDependencies : Invalid condition id : Cortex-A Device cause : null
2025-11-21 14:57:26,054 [WARN] ConditionMgr:1044 - genDependencies : Invalid condition id : Cortex-A Device cause : null
2025-11-21 14:57:26,064 [WARN] PackLoader:240 - Cannot read IP mode file for STMicroelectronics.X-CUBE-SUBG2.5.0.0
2025-11-21 14:57:26,084 [WARN] PackLoader:240 - Cannot read IP mode file for STMicroelectronics.X-CUBE-AZRTOS-H7RS.1.1.0
2025-11-21 14:57:26,097 [WARN] PackLoader:240 - Cannot read IP mode file for STMicroelectronics.X-CUBE-AZRTOS-G4.2.0.0
2025-11-21 14:57:26,100 [WARN] PackLoader:240 - Cannot read IP mode file for wolfSSL.I-CUBE-wolfSSH.1.4.20
2025-11-21 14:57:26,102 [WARN] PackLoader:240 - Cannot read IP mode file for STMicroelectronics.X-CUBE-NFC7.2.0.0
2025-11-21 14:57:26,105 [WARN] PackLoader:240 - Cannot read IP mode file for STMicroelectronics.X-CUBE-ALS.1.0.2
2025-11-21 14:57:26,111 [WARN] PackLoader:240 - Cannot read IP mode file for STMicroelectronics.X-CUBE-STSE01.1.0.0
2025-11-21 14:57:26,122 [WARN] PackLoader:240 - Cannot read IP mode file for STMicroelectronics.X-CUBE-TOF1.3.4.3
2025-11-21 14:57:26,144 [INFO] ThirdParty:978 - Integrity check success = true
2025-11-21 14:57:26,144 [INFO] IntegrityCheckThread:100 - exiting critical section [integrity check]
2025-11-21 14:57:26,144 [INFO] IntegrityCheckThread:103 - End integrity checks thread
2025-11-21 14:57:27,435 [INFO] WebApp:169 - Instantiating new browser for Auth
2025-11-21 14:57:28,367 [INFO] WebApp:463 - Apply proxy settings
2025-11-21 14:57:28,392 [INFO] WebApp:508 - Chromium authenticates against Manually configured proxy
2025-11-21 14:57:28,413 [INFO] WebApp:516 - Username used for proxy authentication: 
2025-11-21 14:57:28,452 [INFO] WebApp:900 - Register for checkConnection events
2025-11-21 14:57:28,453 [INFO] WebApp:463 - Apply proxy settings
2025-11-21 14:57:28,461 [INFO] WebApp:508 - Chromium authenticates against Manually configured proxy
2025-11-21 14:57:28,462 [INFO] WebApp:516 - Username used for proxy authentication: 
2025-11-21 14:57:28,628 [INFO] WebApp:225 - Starting web application
2025-11-21 14:57:28,629 [INFO] WebApp:593 - Web application path used /Applications/STM32CubeIDE.app/Contents/Eclipse/plugins/com.st.stm32cube.common.mx_6.15.0.202507011659/db/plugins/mcufinder/reactClient1/index.html
2025-11-21 14:57:28,955 [INFO] WebApp:191 - Connection restablished
